Archive member included to satisfy reference by file (symbol)

/opt/homebrew/Cellar/arm-none-eabi-gcc/10.3-2021.07/gcc/bin/../lib/gcc/arm-none-eabi/10.3.1/thumb/v6-m/nofp/libgcc.a(_dvmd_tls.o)
                              CMakeFiles/blink_pio.dir/Users/andrew/Development/pico_dev/pico-sdk/src/rp2_common/pico_divider/divider.S.obj (__aeabi_idiv0)
/opt/homebrew/Cellar/arm-none-eabi-gcc/10.3-2021.07/gcc/bin/../lib/gcc/arm-none-eabi/10.3.1/../../../../arm-none-eabi/lib/thumb/v6-m/nofp/libg.a(lib_a-calloc.o)
                              CMakeFiles/blink_pio.dir/Users/andrew/Development/pico_dev/pico-sdk/src/rp2_common/pico_malloc/pico_malloc.c.obj (calloc)
/opt/homebrew/Cellar/arm-none-eabi-gcc/10.3-2021.07/gcc/bin/../lib/gcc/arm-none-eabi/10.3.1/../../../../arm-none-eabi/lib/thumb/v6-m/nofp/libg.a(lib_a-callocr.o)
                              /opt/homebrew/Cellar/arm-none-eabi-gcc/10.3-2021.07/gcc/bin/../lib/gcc/arm-none-eabi/10.3.1/../../../../arm-none-eabi/lib/thumb/v6-m/nofp/libg.a(lib_a-calloc.o) (_calloc_r)
/opt/homebrew/Cellar/arm-none-eabi-gcc/10.3-2021.07/gcc/bin/../lib/gcc/arm-none-eabi/10.3.1/../../../../arm-none-eabi/lib/thumb/v6-m/nofp/libg.a(lib_a-errno.o)
                              /opt/homebrew/Cellar/arm-none-eabi-gcc/10.3-2021.07/gcc/bin/../lib/gcc/arm-none-eabi/10.3.1/../../../../arm-none-eabi/lib/thumb/v6-m/nofp/libg.a(lib_a-callocr.o) (__errno)
/opt/homebrew/Cellar/arm-none-eabi-gcc/10.3-2021.07/gcc/bin/../lib/gcc/arm-none-eabi/10.3.1/../../../../arm-none-eabi/lib/thumb/v6-m/nofp/libg.a(lib_a-impure.o)
                              /opt/homebrew/Cellar/arm-none-eabi-gcc/10.3-2021.07/gcc/bin/../lib/gcc/arm-none-eabi/10.3.1/../../../../arm-none-eabi/lib/thumb/v6-m/nofp/libg.a(lib_a-calloc.o) (_impure_ptr)
/opt/homebrew/Cellar/arm-none-eabi-gcc/10.3-2021.07/gcc/bin/../lib/gcc/arm-none-eabi/10.3.1/../../../../arm-none-eabi/lib/thumb/v6-m/nofp/libg.a(lib_a-init.o)
                              /opt/homebrew/Cellar/arm-none-eabi-gcc/10.3-2021.07/gcc/bin/../lib/gcc/arm-none-eabi/10.3.1/../../../../arm-none-eabi/lib/thumb/v6-m/nofp/crt0.o (__libc_init_array)
/opt/homebrew/Cellar/arm-none-eabi-gcc/10.3-2021.07/gcc/bin/../lib/gcc/arm-none-eabi/10.3.1/../../../../arm-none-eabi/lib/thumb/v6-m/nofp/libg.a(lib_a-malloc.o)
                              CMakeFiles/blink_pio.dir/Users/andrew/Development/pico_dev/pico-sdk/src/rp2_common/pico_malloc/pico_malloc.c.obj (malloc)
/opt/homebrew/Cellar/arm-none-eabi-gcc/10.3-2021.07/gcc/bin/../lib/gcc/arm-none-eabi/10.3.1/../../../../arm-none-eabi/lib/thumb/v6-m/nofp/libg.a(lib_a-mallocr.o)
                              /opt/homebrew/Cellar/arm-none-eabi-gcc/10.3-2021.07/gcc/bin/../lib/gcc/arm-none-eabi/10.3.1/../../../../arm-none-eabi/lib/thumb/v6-m/nofp/libg.a(lib_a-callocr.o) (_malloc_r)
/opt/homebrew/Cellar/arm-none-eabi-gcc/10.3-2021.07/gcc/bin/../lib/gcc/arm-none-eabi/10.3.1/../../../../arm-none-eabi/lib/thumb/v6-m/nofp/libg.a(lib_a-mlock.o)
                              /opt/homebrew/Cellar/arm-none-eabi-gcc/10.3-2021.07/gcc/bin/../lib/gcc/arm-none-eabi/10.3.1/../../../../arm-none-eabi/lib/thumb/v6-m/nofp/libg.a(lib_a-mallocr.o) (__malloc_lock)
/opt/homebrew/Cellar/arm-none-eabi-gcc/10.3-2021.07/gcc/bin/../lib/gcc/arm-none-eabi/10.3.1/../../../../arm-none-eabi/lib/thumb/v6-m/nofp/libg.a(lib_a-realloc.o)
                              CMakeFiles/blink_pio.dir/Users/andrew/Development/pico_dev/pico-sdk/src/rp2_common/pico_malloc/pico_malloc.c.obj (realloc)
/opt/homebrew/Cellar/arm-none-eabi-gcc/10.3-2021.07/gcc/bin/../lib/gcc/arm-none-eabi/10.3.1/../../../../arm-none-eabi/lib/thumb/v6-m/nofp/libg.a(lib_a-reallocr.o)
                              /opt/homebrew/Cellar/arm-none-eabi-gcc/10.3-2021.07/gcc/bin/../lib/gcc/arm-none-eabi/10.3.1/../../../../arm-none-eabi/lib/thumb/v6-m/nofp/libg.a(lib_a-realloc.o) (_realloc_r)
/opt/homebrew/Cellar/arm-none-eabi-gcc/10.3-2021.07/gcc/bin/../lib/gcc/arm-none-eabi/10.3.1/../../../../arm-none-eabi/lib/thumb/v6-m/nofp/libg.a(lib_a-sbrkr.o)
                              /opt/homebrew/Cellar/arm-none-eabi-gcc/10.3-2021.07/gcc/bin/../lib/gcc/arm-none-eabi/10.3.1/../../../../arm-none-eabi/lib/thumb/v6-m/nofp/libg.a(lib_a-mallocr.o) (_sbrk_r)
/opt/homebrew/Cellar/arm-none-eabi-gcc/10.3-2021.07/gcc/bin/../lib/gcc/arm-none-eabi/10.3.1/../../../../arm-none-eabi/lib/thumb/v6-m/nofp/libg.a(lib_a-strlen-stub.o)
                              CMakeFiles/blink_pio.dir/Users/andrew/Development/pico_dev/pico-sdk/src/rp2_common/pico_stdio/stdio.c.obj (strlen)
/opt/homebrew/Cellar/arm-none-eabi-gcc/10.3-2021.07/gcc/bin/../lib/gcc/arm-none-eabi/10.3.1/../../../../arm-none-eabi/lib/thumb/v6-m/nofp/libg.a(lib_a-freer.o)
                              /opt/homebrew/Cellar/arm-none-eabi-gcc/10.3-2021.07/gcc/bin/../lib/gcc/arm-none-eabi/10.3.1/../../../../arm-none-eabi/lib/thumb/v6-m/nofp/libg.a(lib_a-malloc.o) (_free_r)
[...]
Memory Configuration

Name             Origin             Length             Attributes
FLASH            0x0000000010000000 0x0000000000200000 xr
RAM              0x0000000020000000 0x0000000000040000 xrw
SCRATCH_X        0x0000000020040000 0x0000000000001000 xrw
SCRATCH_Y        0x0000000020041000 0x0000000000001000 xrw
*default*        0x0000000000000000 0xffffffffffffffff

Linker script and memory map

LOAD /opt/homebrew/Cellar/arm-none-eabi-gcc/10.3-2021.07/gcc/bin/../lib/gcc/arm-none-eabi/10.3.1/thumb/v6-m/nofp/crti.o
LOAD /opt/homebrew/Cellar/arm-none-eabi-gcc/10.3-2021.07/gcc/bin/../lib/gcc/arm-none-eabi/10.3.1/thumb/v6-m/nofp/crtbegin.o
LOAD /opt/homebrew/Cellar/arm-none-eabi-gcc/10.3-2021.07/gcc/bin/../lib/gcc/arm-none-eabi/10.3.1/../../../../arm-none-eabi/lib/thumb/v6-m/nofp/crt0.o

.flash_begin    0x0000000010000000        0x0
                0x0000000010000000                __flash_binary_start = .

.boot2          0x0000000010000000      0x100
                0x0000000010000000                __boot2_start__ = .
 *(.boot2)
 .boot2         0x0000000010000000      0x100 /var/folders/l_/_j3r_09x3sz1cytpfj1984v00000gn/T//ccT5MBnn.o
                0x0000000010000100                __boot2_end__ = .
                0x0000000000000001                ASSERT (((__boot2_end__ - __boot2_start__) == 0x100), ERROR: Pico second stage bootloader must be 256 bytes in size)

.text           0x0000000010000100     0x4548
                0x0000000010000100                __logical_binary_start = .
 *(.vectors)
 .vectors       0x0000000010000100       0xd4 CMakeFiles/blink_pio.dir/Users/andrew/Development/pico_dev/pico-sdk/src/rp2_common/pico_standard_link/crt0.S.obj
                0x0000000010000100                __VECTOR_TABLE
                0x0000000010000100                __vectors
                0x00000000100001c0                __default_isrs_start
                0x00000000100001c0                isr_invalid
                0x00000000100001c2                isr_nmi
                0x00000000100001c4                isr_hardfault
                0x00000000100001c6                isr_svcall
                0x00000000100001c8                isr_pendsv
                0x00000000100001ca                isr_systick
                0x00000000100001cc                isr_irq28
                0x00000000100001cc                isr_irq19
                0x00000000100001cc                isr_irq0
                0x00000000100001cc                isr_irq6
                0x00000000100001cc                isr_irq22
                0x00000000100001cc                isr_irq17
                0x00000000100001cc                isr_irq14
                0x00000000100001cc                isr_irq2
                0x00000000100001cc                isr_irq10
                0x00000000100001cc                isr_irq8
                0x00000000100001cc                isr_irq24
                0x00000000100001cc                isr_irq1
                0x00000000100001cc                isr_irq7
                0x00000000100001cc                isr_irq21
                0x00000000100001cc                isr_irq20
                0x00000000100001cc                isr_irq15
                0x00000000100001cc                isr_irq25
                0x00000000100001cc                isr_irq4
                0x00000000100001cc                isr_irq16
                0x00000000100001cc                isr_irq29
                0x00000000100001cc                isr_irq26
                0x00000000100001cc                __default_isrs_end
                0x00000000100001cc                isr_irq3
                0x00000000100001cc                isr_irq9
                0x00000000100001cc                __unhandled_user_irq
                0x00000000100001cc                isr_irq13
                0x00000000100001cc                isr_irq27
                0x00000000100001cc                isr_irq31
                0x00000000100001cc                isr_irq5
                0x00000000100001cc                isr_irq11
                0x00000000100001cc                isr_irq23
                0x00000000100001cc                isr_irq18
                0x00000000100001cc                isr_irq30
                0x00000000100001cc                isr_irq12
                0x00000000100001d2                unhandled_user_irq_num_in_r0
 *(.binary_info_header)
 .binary_info_header
                0x00000000100001d4       0x14 CMakeFiles/blink_pio.dir/Users/andrew/Development/pico_dev/pico-sdk/src/rp2_common/pico_standard_link/crt0.S.obj
                0x00000000100001e8                __binary_info_header_end = .
 *(.reset)
 .reset         0x00000000100001e8       0xa8 CMakeFiles/blink_pio.dir/Users/andrew/Development/pico_dev/pico-sdk/src/rp2_common/pico_standard_link/crt0.S.obj
                0x00000000100001e8                _entry_point
                0x0000000010000266                __get_current_exception
 .reset         0x0000000010000290       0x30 CMakeFiles/blink_pio.dir/Users/andrew/Development/pico_dev/pico-sdk/src/rp2_common/pico_standard_link/binary_info.c.obj
 *(.init)
 .init          0x00000000100002c0        0x4 /opt/homebrew/Cellar/arm-none-eabi-gcc/10.3-2021.07/gcc/bin/../lib/gcc/arm-none-eabi/10.3.1/thumb/v6-m/nofp/crti.o
                0x00000000100002c0                _init
 *(EXCLUDE_FILE(*libm.a: *libc.a:*lib_a-mem*.o *libgcc.a:) .text*)
 .text          0x00000000100002c4       0x48 /opt/homebrew/Cellar/arm-none-eabi-gcc/10.3-2021.07/gcc/bin/../lib/gcc/arm-none-eabi/10.3.1/thumb/v6-m/nofp/crtbegin.o
 .text.blink_program_init
                0x000000001000030c      0x124 CMakeFiles/blink_pio.dir/main.c.obj
                0x000000001000030c                blink_program_init
 .text.main     0x0000000010000430       0x5c CMakeFiles/blink_pio.dir/main.c.obj
                0x0000000010000430                main
 .text._pio_can_add_program_at_offset
                0x000000001000048c       0x3c CMakeFiles/blink_pio.dir/Users/andrew/Development/pico_dev/pico-sdk/src/rp2_common/hardware_pio/pio.c.obj
 .text._pio_find_offset_for_program
                0x00000000100004c8       0x7c CMakeFiles/blink_pio.dir/Users/andrew/Development/pico_dev/pico-sdk/src/rp2_common/hardware_pio/pio.c.obj
 .text._pio_add_program_at_offset
                0x0000000010000544       0x78 CMakeFiles/blink_pio.dir/Users/andrew/Development/pico_dev/pico-sdk/src/rp2_common/hardware_pio/pio.c.obj
 .text.pio_claim_unused_sm
                0x00000000100005bc       0x3c CMakeFiles/blink_pio.dir/Users/andrew/Development/pico_dev/pico-sdk/src/rp2_common/hardware_pio/pio.c.obj
                0x00000000100005bc                pio_claim_unused_sm
 .text.pio_add_program
                0x00000000100005f8       0x38 CMakeFiles/blink_pio.dir/Users/andrew/Development/pico_dev/pico-sdk/src/rp2_common/hardware_pio/pio.c.obj
                0x00000000100005f8                pio_add_program
 .text.pio_sm_set_consecutive_pindirs
                0x0000000010000630       0x70 CMakeFiles/blink_pio.dir/Users/andrew/Development/pico_dev/pico-sdk/src/rp2_common/hardware_pio/pio.c.obj
                0x0000000010000630                pio_sm_set_consecutive_pindirs
 .text.pio_sm_init
                0x00000000100006a0       0xe4 CMakeFiles/blink_pio.dir/Users/andrew/Development/pico_dev/pico-sdk/src/rp2_common/hardware_pio/pio.c.obj
                0x00000000100006a0                pio_sm_init
 .text.hw_claim_lock
                0x0000000010000784       0x18 CMakeFiles/blink_pio.dir/Users/andrew/Development/pico_dev/pico-sdk/src/rp2_common/hardware_claim/claim.c.obj
                0x0000000010000784                hw_claim_lock
 .text.hw_claim_unlock
                0x000000001000079c       0x14 CMakeFiles/blink_pio.dir/Users/andrew/Development/pico_dev/pico-sdk/src/rp2_common/hardware_claim/claim.c.obj
                0x000000001000079c                hw_claim_unlock
 .text.hw_claim_or_assert
                0x00000000100007b0       0x32 CMakeFiles/blink_pio.dir/Users/andrew/Development/pico_dev/pico-sdk/src/rp2_common/hardware_claim/claim.c.obj
                0x00000000100007b0                hw_claim_or_assert
 .text.hw_claim_unused_from_range
                0x00000000100007e2       0x50 CMakeFiles/blink_pio.dir/Users/andrew/Development/pico_dev/pico-sdk/src/rp2_common/hardware_claim/claim.c.obj
                0x00000000100007e2                hw_claim_unused_from_range
 *fill*         0x0000000010000832        0x2 
 .text.running_on_fpga
                0x0000000010000834       0x14 CMakeFiles/blink_pio.dir/Users/andrew/Development/pico_dev/pico-sdk/src/rp2_common/pico_platform/platform.c.obj
                0x0000000010000834                running_on_fpga
 .text.spin_locks_reset
                0x0000000010000848       0x20 CMakeFiles/blink_pio.dir/Users/andrew/Development/pico_dev/pico-sdk/src/rp2_common/hardware_sync/sync.c.obj
                0x0000000010000848                spin_locks_reset
 .text.next_striped_spin_lock_num
                0x0000000010000868       0x1c CMakeFiles/blink_pio.dir/Users/andrew/Development/pico_dev/pico-sdk/src/rp2_common/hardware_sync/sync.c.obj
                0x0000000010000868                next_striped_spin_lock_num
 .text.gpio_set_function
                0x0000000010000884       0x30 CMakeFiles/blink_pio.dir/Users/andrew/Development/pico_dev/pico-sdk/src/rp2_common/hardware_gpio/gpio.c.obj
                0x0000000010000884                gpio_set_function
 .text.set_raw_irq_handler_and_unlock
                0x00000000100008b4       0x28 CMakeFiles/blink_pio.dir/Users/andrew/Development/pico_dev/pico-sdk/src/rp2_common/hardware_irq/irq.c.obj
 .text.make_branch
                0x00000000100008dc       0x48 CMakeFiles/blink_pio.dir/Users/andrew/Development/pico_dev/pico-sdk/src/rp2_common/hardware_irq/irq.c.obj
 .text.insert_branch_and_link
                0x0000000010000924       0x40 CMakeFiles/blink_pio.dir/Users/andrew/Development/pico_dev/pico-sdk/src/rp2_common/hardware_irq/irq.c.obj
 .text.irq_is_enabled
                0x0000000010000964       0x18 CMakeFiles/blink_pio.dir/Users/andrew/Development/pico_dev/pico-sdk/src/rp2_common/hardware_irq/irq.c.obj
                0x0000000010000964                irq_is_enabled
 .text.irq_set_mask_enabled
                0x000000001000097c       0x20 CMakeFiles/blink_pio.dir/Users/andrew/Development/pico_dev/pico-sdk/src/rp2_common/hardware_irq/irq.c.obj
                0x000000001000097c                irq_set_mask_enabled
 .text.irq_set_enabled
                0x000000001000099c        0xe CMakeFiles/blink_pio.dir/Users/andrew/Development/pico_dev/pico-sdk/src/rp2_common/hardware_irq/irq.c.obj
                0x000000001000099c                irq_set_enabled
 *fill*         0x00000000100009aa        0x2 
 .text.irq_get_vtable_handler
                0x00000000100009ac       0x10 CMakeFiles/blink_pio.dir/Users/andrew/Development/pico_dev/pico-sdk/src/rp2_common/hardware_irq/irq.c.obj
                0x00000000100009ac                irq_get_vtable_handler
 .text.irq_set_exclusive_handler
                0x00000000100009bc       0x54 CMakeFiles/blink_pio.dir/Users/andrew/Development/pico_dev/pico-sdk/src/rp2_common/hardware_irq/irq.c.obj
                0x00000000100009bc                irq_set_exclusive_handler
 .text.irq_remove_handler
                0x0000000010000a10      0x1a8 CMakeFiles/blink_pio.dir/Users/andrew/Development/pico_dev/pico-sdk/src/rp2_common/hardware_irq/irq.c.obj
                0x0000000010000a10                irq_remove_handler
 .text.irq_add_tail_to_free_list
                0x0000000010000bb8       0xf0 CMakeFiles/blink_pio.dir/Users/andrew/Development/pico_dev/pico-sdk/src/rp2_common/hardware_irq/irq.c.obj
                0x0000000010000bb8                irq_add_tail_to_free_list
 .text.irq_init_priorities
                0x0000000010000ca8       0x1c CMakeFiles/blink_pio.dir/Users/andrew/Development/pico_dev/pico-sdk/src/rp2_common/hardware_irq/irq.c.obj
                0x0000000010000ca8                irq_init_priorities
 .text.lock_init
                0x0000000010000cc4       0x10 CMakeFiles/blink_pio.dir/Users/andrew/Development/pico_dev/pico-sdk/src/common/pico_sync/lock_core.c.obj
                0x0000000010000cc4                lock_init
 .text.alarm_pool_post_alloc_init
                0x0000000010000cd4       0x40 CMakeFiles/blink_pio.dir/Users/andrew/Development/pico_dev/pico-sdk/src/common/pico_time/time.c.obj
 .text.sleep_until_callback
                0x0000000010000d14       0x30 CMakeFiles/blink_pio.dir/Users/andrew/Development/pico_dev/pico-sdk/src/common/pico_time/time.c.obj
 .text.timer_pool_entry_comparator
                0x0000000010000d44       0x7c CMakeFiles/blink_pio.dir/Users/andrew/Development/pico_dev/pico-sdk/src/common/pico_time/time.c.obj
                0x0000000010000d44                timer_pool_entry_comparator
 .text.ph_add_child_node
                0x0000000010000dc0       0xa4 CMakeFiles/blink_pio.dir/Users/andrew/Development/pico_dev/pico-sdk/src/common/pico_time/time.c.obj
 .text.ph_merge_nodes
                0x0000000010000e64       0x3e CMakeFiles/blink_pio.dir/Users/andrew/Development/pico_dev/pico-sdk/src/common/pico_time/time.c.obj
 *fill*         0x0000000010000ea2        0x2 
 .text.add_alarm_under_lock
                0x0000000010000ea4      0x174 CMakeFiles/blink_pio.dir/Users/andrew/Development/pico_dev/pico-sdk/src/common/pico_time/time.c.obj
 .text.alarm_pool_alarm_callback
                0x0000000010001018      0x328 CMakeFiles/blink_pio.dir/Users/andrew/Development/pico_dev/pico-sdk/src/common/pico_time/time.c.obj
 .text.alarm_pool_init_default
                0x0000000010001340       0x38 CMakeFiles/blink_pio.dir/Users/andrew/Development/pico_dev/pico-sdk/src/common/pico_time/time.c.obj
                0x0000000010001340                alarm_pool_init_default
 .text.alarm_pool_get_default
                0x0000000010001378       0x2c CMakeFiles/blink_pio.dir/Users/andrew/Development/pico_dev/pico-sdk/src/common/pico_time/time.c.obj
                0x0000000010001378                alarm_pool_get_default
 .text.alarm_pool_add_alarm_at
                0x00000000100013a4      0x170 CMakeFiles/blink_pio.dir/Users/andrew/Development/pico_dev/pico-sdk/src/common/pico_time/time.c.obj
                0x00000000100013a4                alarm_pool_add_alarm_at
 .text.sleep_until
                0x0000000010001514       0xfc CMakeFiles/blink_pio.dir/Users/andrew/Development/pico_dev/pico-sdk/src/common/pico_time/time.c.obj
                0x0000000010001514                sleep_until
 .text.sleep_us
                0x0000000010001610       0x58 CMakeFiles/blink_pio.dir/Users/andrew/Development/pico_dev/pico-sdk/src/common/pico_time/time.c.obj
                0x0000000010001610                sleep_us
 .text.sleep_ms
                0x0000000010001668       0x14 CMakeFiles/blink_pio.dir/Users/andrew/Development/pico_dev/pico-sdk/src/common/pico_time/time.c.obj
                0x0000000010001668                sleep_ms
 .text.hardware_alarm_irq_handler
                0x000000001000167c       0x8c CMakeFiles/blink_pio.dir/Users/andrew/Development/pico_dev/pico-sdk/src/rp2_common/hardware_timer/timer.c.obj
 .text.hardware_alarm_claim
                0x0000000010001708       0x18 CMakeFiles/blink_pio.dir/Users/andrew/Development/pico_dev/pico-sdk/src/rp2_common/hardware_timer/timer.c.obj
                0x0000000010001708                hardware_alarm_claim
 .text.time_us_64
                0x0000000010001720       0x18 CMakeFiles/blink_pio.dir/Users/andrew/Development/pico_dev/pico-sdk/src/rp2_common/hardware_timer/timer.c.obj
                0x0000000010001720                time_us_64
 .text.busy_wait_until
                0x0000000010001738       0x28 CMakeFiles/blink_pio.dir/Users/andrew/Development/pico_dev/pico-sdk/src/rp2_common/hardware_timer/timer.c.obj
                0x0000000010001738                busy_wait_until
 .text.hardware_alarm_set_callback
                0x0000000010001760       0x90 CMakeFiles/blink_pio.dir/Users/andrew/Development/pico_dev/pico-sdk/src/rp2_common/hardware_timer/timer.c.obj
                0x0000000010001760                hardware_alarm_set_callback
 .text.hardware_alarm_set_target
                0x00000000100017f0       0xe8 CMakeFiles/blink_pio.dir/Users/andrew/Development/pico_dev/pico-sdk/src/rp2_common/hardware_timer/timer.c.obj
                0x00000000100017f0                hardware_alarm_set_target
 .text.hardware_alarm_cancel
                0x00000000100018d8       0x40 CMakeFiles/blink_pio.dir/Users/andrew/Development/pico_dev/pico-sdk/src/rp2_common/hardware_timer/timer.c.obj
                0x00000000100018d8                hardware_alarm_cancel
 .text.ph_add_child_node
                0x0000000010001918       0xa4 CMakeFiles/blink_pio.dir/Users/andrew/Development/pico_dev/pico-sdk/src/common/pico_util/pheap.c.obj
 .text.ph_merge_nodes
                0x00000000100019bc       0x3e CMakeFiles/blink_pio.dir/Users/andrew/Development/pico_dev/pico-sdk/src/common/pico_util/pheap.c.obj
 *fill*         0x00000000100019fa        0x2 
 .text.ph_clear
                0x00000000100019fc       0x70 CMakeFiles/blink_pio.dir/Users/andrew/Development/pico_dev/pico-sdk/src/common/pico_util/pheap.c.obj
                0x00000000100019fc                ph_clear
 .text.ph_post_alloc_init
                0x0000000010001a6c        0xe CMakeFiles/blink_pio.dir/Users/andrew/Development/pico_dev/pico-sdk/src/common/pico_util/pheap.c.obj
                0x0000000010001a6c                ph_post_alloc_init
 *fill*         0x0000000010001a7a        0x2 
 .text.ph_merge_two_pass
                0x0000000010001a7c       0xa8 CMakeFiles/blink_pio.dir/Users/andrew/Development/pico_dev/pico-sdk/src/common/pico_util/pheap.c.obj
                0x0000000010001a7c                ph_merge_two_pass
 .text.ph_remove_any_head
                0x0000000010001b24      0x108 CMakeFiles/blink_pio.dir/Users/andrew/Development/pico_dev/pico-sdk/src/common/pico_util/pheap.c.obj
 .text.ph_remove_head
                0x0000000010001c2c       0x14 CMakeFiles/blink_pio.dir/Users/andrew/Development/pico_dev/pico-sdk/src/common/pico_util/pheap.c.obj
                0x0000000010001c2c                ph_remove_head
 .text.ph_remove_and_free_node
                0x0000000010001c40       0xf8 CMakeFiles/blink_pio.dir/Users/andrew/Development/pico_dev/pico-sdk/src/common/pico_util/pheap.c.obj
                0x0000000010001c40                ph_remove_and_free_node
 .text.mutex_init
                0x0000000010001d38       0x1a CMakeFiles/blink_pio.dir/Users/andrew/Development/pico_dev/pico-sdk/src/common/pico_sync/mutex.c.obj
                0x0000000010001d38                mutex_init
 .text.recursive_mutex_init
                0x0000000010001d52       0x1e CMakeFiles/blink_pio.dir/Users/andrew/Development/pico_dev/pico-sdk/src/common/pico_sync/mutex.c.obj
                0x0000000010001d52                recursive_mutex_init
 .text._exit    0x0000000010001d70        0x4 CMakeFiles/blink_pio.dir/Users/andrew/Development/pico_dev/pico-sdk/src/rp2_common/pico_runtime/runtime.c.obj
                0x0000000010001d70                _exit
 .text.exit     0x0000000010001d74        0x6 CMakeFiles/blink_pio.dir/Users/andrew/Development/pico_dev/pico-sdk/src/rp2_common/pico_runtime/runtime.c.obj
                0x0000000010001d74                exit
 *fill*         0x0000000010001d7a        0x2 
 .text.__assert_func
                0x0000000010001d7c       0x3c CMakeFiles/blink_pio.dir/Users/andrew/Development/pico_dev/pico-sdk/src/rp2_common/pico_runtime/runtime.c.obj
                0x0000000010001d7c                __assert_func
 .text.runtime_init
                0x0000000010001db8       0xf8 CMakeFiles/blink_pio.dir/Users/andrew/Development/pico_dev/pico-sdk/src/rp2_common/pico_runtime/runtime.c.obj
                0x0000000010001db8                runtime_init
 .text.panic    0x0000000010001eb0       0x30 CMakeFiles/blink_pio.dir/Users/andrew/Development/pico_dev/pico-sdk/src/rp2_common/pico_runtime/runtime.c.obj
                0x0000000010001eb0                panic
 .text.clock_configure
                0x0000000010001ee0      0x104 CMakeFiles/blink_pio.dir/Users/andrew/Development/pico_dev/pico-sdk/src/rp2_common/hardware_clocks/clocks.c.obj
                0x0000000010001ee0                clock_configure
 .text.clocks_init
                0x0000000010001fe4      0x100 CMakeFiles/blink_pio.dir/Users/andrew/Development/pico_dev/pico-sdk/src/rp2_common/hardware_clocks/clocks.c.obj
                0x0000000010001fe4                clocks_init
 .text.clock_get_hz
                0x00000000100020e4        0xc CMakeFiles/blink_pio.dir/Users/andrew/Development/pico_dev/pico-sdk/src/rp2_common/hardware_clocks/clocks.c.obj
                0x00000000100020e4                clock_get_hz
 .text.pll_init
                0x00000000100020f0      0x140 CMakeFiles/blink_pio.dir/Users/andrew/Development/pico_dev/pico-sdk/src/rp2_common/hardware_pll/pll.c.obj
                0x00000000100020f0                pll_init
 .text.watchdog_start_tick
                0x0000000010002230       0x10 CMakeFiles/blink_pio.dir/Users/andrew/Development/pico_dev/pico-sdk/src/rp2_common/hardware_watchdog/watchdog.c.obj
                0x0000000010002230                watchdog_start_tick
 .text.xosc_init
                0x0000000010002240       0x28 CMakeFiles/blink_pio.dir/Users/andrew/Development/pico_dev/pico-sdk/src/rp2_common/hardware_xosc/xosc.c.obj
                0x0000000010002240                xosc_init
 .text._out_null
                0x0000000010002268        0x2 CMakeFiles/blink_pio.dir/Users/andrew/Development/pico_dev/pico-sdk/src/rp2_common/pico_printf/printf.c.obj
 .text._out_fct
                0x000000001000226a        0xe CMakeFiles/blink_pio.dir/Users/andrew/Development/pico_dev/pico-sdk/src/rp2_common/pico_printf/printf.c.obj
 .text._atoi    0x0000000010002278       0x24 CMakeFiles/blink_pio.dir/Users/andrew/Development/pico_dev/pico-sdk/src/rp2_common/pico_printf/printf.c.obj
 .text._out_rev
                0x000000001000229c       0xae CMakeFiles/blink_pio.dir/Users/andrew/Development/pico_dev/pico-sdk/src/rp2_common/pico_printf/printf.c.obj
 .text._ntoa_format
                0x000000001000234a      0x112 CMakeFiles/blink_pio.dir/Users/andrew/Development/pico_dev/pico-sdk/src/rp2_common/pico_printf/printf.c.obj
 .text._ntoa_long
                0x000000001000245c       0xbc CMakeFiles/blink_pio.dir/Users/andrew/Development/pico_dev/pico-sdk/src/rp2_common/pico_printf/printf.c.obj
 .text._ntoa_long_long
                0x0000000010002518       0xe2 CMakeFiles/blink_pio.dir/Users/andrew/Development/pico_dev/pico-sdk/src/rp2_common/pico_printf/printf.c.obj
 *fill*         0x00000000100025fa        0x2 
 .text._etoa    0x00000000100025fc      0x414 CMakeFiles/blink_pio.dir/Users/andrew/Development/pico_dev/pico-sdk/src/rp2_common/pico_printf/printf.c.obj
 .text._ftoa    0x0000000010002a10      0x354 CMakeFiles/blink_pio.dir/Users/andrew/Development/pico_dev/pico-sdk/src/rp2_common/pico_printf/printf.c.obj
 .text._vsnprintf
                0x0000000010002d64      0x624 CMakeFiles/blink_pio.dir/Users/andrew/Development/pico_dev/pico-sdk/src/rp2_common/pico_printf/printf.c.obj
 .text.vfctprintf
                0x0000000010003388       0x20 CMakeFiles/blink_pio.dir/Users/andrew/Development/pico_dev/pico-sdk/src/rp2_common/pico_printf/printf.c.obj
                0x0000000010003388                vfctprintf
 .text          0x00000000100033a8       0x10 CMakeFiles/blink_pio.dir/Users/andrew/Development/pico_dev/pico-sdk/src/rp2_common/pico_bit_ops/bit_ops_aeabi.S.obj
 .text.rom_func_lookup
                0x00000000100033b8       0x10 CMakeFiles/blink_pio.dir/Users/andrew/Development/pico_dev/pico-sdk/src/rp2_common/pico_bootrom/bootrom.c.obj
                0x00000000100033b8                rom_func_lookup
 .text.rom_data_lookup
                0x00000000100033c8       0x10 CMakeFiles/blink_pio.dir/Users/andrew/Development/pico_dev/pico-sdk/src/rp2_common/pico_bootrom/bootrom.c.obj
                0x00000000100033c8                rom_data_lookup
 .text.rom_funcs_lookup
                0x00000000100033d8       0x36 CMakeFiles/blink_pio.dir/Users/andrew/Development/pico_dev/pico-sdk/src/rp2_common/pico_bootrom/bootrom.c.obj
                0x00000000100033d8                rom_funcs_lookup
 *fill*         0x000000001000340e        0x2 
 .text.__wrap___aeabi_idiv
                0x0000000010003410       0x50 CMakeFiles/blink_pio.dir/Users/andrew/Development/pico_dev/pico-sdk/src/rp2_common/pico_divider/divider.S.obj
                0x0000000010003410                __wrap___aeabi_idivmod
                0x0000000010003410                divmod_s32s32
                0x0000000010003410                div_s32s32
                0x0000000010003410                __wrap___aeabi_idiv
                0x0000000010003418                divmod_s32s32_unsafe
                0x0000000010003444                divmod_s32s32_savestate
 .text.__wrap___aeabi_uidiv
                0x0000000010003460       0x4c CMakeFiles/blink_pio.dir/Users/andrew/Development/pico_dev/pico-sdk/src/rp2_common/pico_divider/divider.S.obj
                0x0000000010003460                __wrap___aeabi_uidiv
                0x0000000010003460                __wrap___aeabi_uidivmod
                0x0000000010003460                div_u32u32
                0x0000000010003460                divmod_u32u32
                0x0000000010003468                divmod_u32u32_unsafe
                0x0000000010003490                divmod_u32u32_savestate
 .text.__wrap___aeabi_ldiv
                0x00000000100034ac      0x434 CMakeFiles/blink_pio.dir/Users/andrew/Development/pico_dev/pico-sdk/src/rp2_common/pico_divider/divider.S.obj
                0x00000000100034ac                __wrap___aeabi_ldivmod
                0x00000000100034ac                div_s64s64
                0x00000000100034ac                divmod_s64s64
                0x00000000100034e4                divmod_u64u64
                0x00000000100034e4                div_u64u64
                0x00000000100034e4                __wrap___aeabi_uldivmod
                0x00000000100034f4                divmod_u64u64_savestate
                0x000000001000351c                divmod_s64s64_unsafe
                0x00000000100035a4                divmod_u64u64_unsafe
 .text.__wrap___aeabi_darithmetic
                0x00000000100038e0       0x80 CMakeFiles/blink_pio.dir/Users/andrew/Development/pico_dev/pico-sdk/src/rp2_common/pico_double/double_aeabi.S.obj
                0x00000000100038e0                __wrap___aeabi_drsub
                0x00000000100038e6                __wrap___aeabi_dsub
                0x00000000100038f8                __wrap___aeabi_dadd
                0x000000001000390a                __wrap___aeabi_ddiv
                0x0000000010003946                __wrap___aeabi_dmul
 .text.__wrap___aeabi_cdcmple
                0x0000000010003960       0x6c CMakeFiles/blink_pio.dir/Users/andrew/Development/pico_dev/pico-sdk/src/rp2_common/pico_double/double_aeabi.S.obj
                0x0000000010003960                __wrap___aeabi_cdrcmple
                0x0000000010003970                __wrap___aeabi_cdcmple
                0x0000000010003970                __wrap___aeabi_cdcmpeq
 .text.__wrap___aeabi_dcmplt
                0x00000000100039cc        0xc CMakeFiles/blink_pio.dir/Users/andrew/Development/pico_dev/pico-sdk/src/rp2_common/pico_double/double_aeabi.S.obj
                0x00000000100039cc                __wrap___aeabi_dcmplt
 .text.__wrap___aeabi_dcmple
                0x00000000100039d8       0x10 CMakeFiles/blink_pio.dir/Users/andrew/Development/pico_dev/pico-sdk/src/rp2_common/pico_double/double_aeabi.S.obj
                0x00000000100039d8                __wrap___aeabi_dcmple
 .text.__wrap___aeabi_dcmpge
                0x00000000100039e8       0x10 CMakeFiles/blink_pio.dir/Users/andrew/Development/pico_dev/pico-sdk/src/rp2_common/pico_double/double_aeabi.S.obj
                0x00000000100039e8                __wrap___aeabi_dcmpge
 .text.__wrap___aeabi_dcmpgt
                0x00000000100039f8        0xa CMakeFiles/blink_pio.dir/Users/andrew/Development/pico_dev/pico-sdk/src/rp2_common/pico_double/double_aeabi.S.obj
                0x00000000100039f8                __wrap___aeabi_dcmpgt
 .text.__wrap___aeabi_dcmpun
                0x0000000010003a02       0x1c CMakeFiles/blink_pio.dir/Users/andrew/Development/pico_dev/pico-sdk/src/rp2_common/pico_double/double_aeabi.S.obj
                0x0000000010003a02                __wrap___aeabi_dcmpun
 *fill*         0x0000000010003a1e        0x2 
 .text.__wrap___aeabi_i2d
                0x0000000010003a20       0x38 CMakeFiles/blink_pio.dir/Users/andrew/Development/pico_dev/pico-sdk/src/rp2_common/pico_double/double_aeabi.S.obj
                0x0000000010003a20                __wrap___aeabi_ui2d
                0x0000000010003a28                __wrap___aeabi_i2d
 .text.__wrap___aeabi_d2iz
                0x0000000010003a58       0x48 CMakeFiles/blink_pio.dir/Users/andrew/Development/pico_dev/pico-sdk/src/rp2_common/pico_double/double_aeabi.S.obj
                0x0000000010003a58                __wrap___aeabi_d2iz
                0x0000000010003a58                double2int_z
 .text.__wrap___aeabi_d2uiz
                0x0000000010003aa0       0x18 CMakeFiles/blink_pio.dir/Users/andrew/Development/pico_dev/pico-sdk/src/rp2_common/pico_double/double_aeabi.S.obj
                0x0000000010003aa0                double2uint
                0x0000000010003aa0                __wrap___aeabi_d2uiz
 .text.__aeabi_double_init
                0x0000000010003ab8       0xc8 CMakeFiles/blink_pio.dir/Users/andrew/Development/pico_dev/pico-sdk/src/rp2_common/pico_double/double_init_rom.c.obj
                0x0000000010003ab8                __aeabi_double_init
 .text.double_table_shim_on_use_helper
                0x0000000010003b80       0x34 CMakeFiles/blink_pio.dir/Users/andrew/Development/pico_dev/pico-sdk/src/rp2_common/pico_double/double_v1_rom_shim.S.obj
                0x0000000010003b80                double_table_shim_on_use_helper
 .text.__wrap___aeabi_dsub
                0x0000000010003bb4       0x10 CMakeFiles/blink_pio.dir/Users/andrew/Development/pico_dev/pico-sdk/src/rp2_common/pico_double/double_v1_rom_shim.S.obj
                0x0000000010003bb4                drsub_shim
                0x0000000010003bba                dsub_shim
 .text.dadd_shim
                0x0000000010003bc4      0x15c CMakeFiles/blink_pio.dir/Users/andrew/Development/pico_dev/pico-sdk/src/rp2_common/pico_double/double_v1_rom_shim.S.obj
                0x0000000010003bc4                dadd_shim
 .text.dmul_shim
                0x0000000010003d20      0x15c CMakeFiles/blink_pio.dir/Users/andrew/Development/pico_dev/pico-sdk/src/rp2_common/pico_double/double_v1_rom_shim.S.obj
                0x0000000010003d20                dmul_shim
 .text.ddiv_shim
                0x0000000010003e7c      0x1b0 CMakeFiles/blink_pio.dir/Users/andrew/Development/pico_dev/pico-sdk/src/rp2_common/pico_double/double_v1_rom_shim.S.obj
                0x0000000010003e7c                ddiv_shim
 .text.double2uint_shim
                0x000000001000402c        0xe CMakeFiles/blink_pio.dir/Users/andrew/Development/pico_dev/pico-sdk/src/rp2_common/pico_double/double_v1_rom_shim.S.obj
                0x000000001000402c                double2uint_shim
                0x000000001000402e                double2ufix_shim
 *fill*         0x000000001000403a        0x2 
 .text.double2uint64_shim
                0x000000001000403c       0x70 CMakeFiles/blink_pio.dir/Users/andrew/Development/pico_dev/pico-sdk/src/rp2_common/pico_double/double_v1_rom_shim.S.obj
                0x000000001000403c                double2uint64_shim
                0x000000001000403e                double2ufix64_shim
                0x000000001000405e                d2fix_a
 .text.dunpacks
                0x00000000100040ac       0x3c CMakeFiles/blink_pio.dir/Users/andrew/Development/pico_dev/pico-sdk/src/rp2_common/pico_double/double_v1_rom_shim.S.obj
                0x00000000100040ac                dunpacks
 .text.__aeabi_lmul
                0x00000000100040e8       0x32 CMakeFiles/blink_pio.dir/Users/andrew/Development/pico_dev/pico-sdk/src/rp2_common/pico_int64_ops/pico_int64_ops_aeabi.S.obj
                0x00000000100040e8                __wrap___aeabi_lmul
 *fill*         0x000000001000411a        0x2 
 .text.__wrap___aeabi_farithmetic
                0x000000001000411c       0x58 CMakeFiles/blink_pio.dir/Users/andrew/Development/pico_dev/pico-sdk/src/rp2_common/pico_float/float_aeabi.S.obj
                0x000000001000411c                __wrap___aeabi_frsub
                0x0000000010004122                __wrap___aeabi_fsub
                0x000000001000412c                __wrap___aeabi_fadd
                0x0000000010004136                __wrap___aeabi_fdiv
                0x0000000010004162                __wrap___aeabi_fmul
 .text.__wrap___aeabi_ui2f
                0x0000000010004174        0xa CMakeFiles/blink_pio.dir/Users/andrew/Development/pico_dev/pico-sdk/src/rp2_common/pico_float/float_aeabi.S.obj
                0x0000000010004174                __wrap___aeabi_ui2f
 *fill*         0x000000001000417e        0x2 
 .text.__wrap___aeabi_i2f
                0x0000000010004180       0x44 CMakeFiles/blink_pio.dir/Users/andrew/Development/pico_dev/pico-sdk/src/rp2_common/pico_float/float_aeabi.S.obj
                0x0000000010004180                __wrap___aeabi_i2f
 .text.__wrap___aeabi_f2uiz
                0x00000000100041c4       0x10 CMakeFiles/blink_pio.dir/Users/andrew/Development/pico_dev/pico-sdk/src/rp2_common/pico_float/float_aeabi.S.obj
                0x00000000100041c4                __wrap___aeabi_f2uiz
 .text.__aeabi_float_init
                0x00000000100041d4       0xfc CMakeFiles/blink_pio.dir/Users/andrew/Development/pico_dev/pico-sdk/src/rp2_common/pico_float/float_init_rom.c.obj
                0x00000000100041d4                __aeabi_float_init
 .text.float_table_shim_on_use_helper
                0x00000000100042d0       0x34 CMakeFiles/blink_pio.dir/Users/andrew/Development/pico_dev/pico-sdk/src/rp2_common/pico_float/float_v1_rom_shim.S.obj
                0x00000000100042d0                float_table_shim_on_use_helper
 .text          0x0000000010004304       0x10 CMakeFiles/blink_pio.dir/Users/andrew/Development/pico_dev/pico-sdk/src/rp2_common/pico_mem_ops/mem_ops_aeabi.S.obj
                0x0000000010004304                __aeabi_mem_init
 .text.memset   0x0000000010004314        0xc CMakeFiles/blink_pio.dir/Users/andrew/Development/pico_dev/pico-sdk/src/rp2_common/pico_mem_ops/mem_ops_aeabi.S.obj
                0x0000000010004314                __wrap_memset
 .text.memcpy   0x0000000010004320        0xc CMakeFiles/blink_pio.dir/Users/andrew/Development/pico_dev/pico-sdk/src/rp2_common/pico_mem_ops/mem_ops_aeabi.S.obj
                0x0000000010004320                __wrap___aeabi_memcpy
                0x0000000010004320                __wrap_memcpy
 .text.stdio_out_chars_no_crlf
                0x000000001000432c        0xe CMakeFiles/blink_pio.dir/Users/andrew/Development/pico_dev/pico-sdk/src/rp2_common/pico_stdio/stdio.c.obj
 *fill*         0x000000001000433a        0x2 
 .text.stdio_out_chars_crlf
                0x000000001000433c       0x80 CMakeFiles/blink_pio.dir/Users/andrew/Development/pico_dev/pico-sdk/src/rp2_common/pico_stdio/stdio.c.obj
 .text.stdio_stack_buffer_flush
                0x00000000100043bc       0x44 CMakeFiles/blink_pio.dir/Users/andrew/Development/pico_dev/pico-sdk/src/rp2_common/pico_stdio/stdio.c.obj
 .text.stdio_buffered_printer
                0x0000000010004400       0x20 CMakeFiles/blink_pio.dir/Users/andrew/Development/pico_dev/pico-sdk/src/rp2_common/pico_stdio/stdio.c.obj
 .text.stdout_serialize_begin
                0x0000000010004420       0x30 CMakeFiles/blink_pio.dir/Users/andrew/Development/pico_dev/pico-sdk/src/rp2_common/pico_stdio/stdio.c.obj
                0x0000000010004420                stdout_serialize_begin
 .text.stdout_serialize_end
                0x0000000010004450       0x10 CMakeFiles/blink_pio.dir/Users/andrew/Development/pico_dev/pico-sdk/src/rp2_common/pico_stdio/stdio.c.obj
                0x0000000010004450                stdout_serialize_end
 .text.stdio_put_string
                0x0000000010004460       0x98 CMakeFiles/blink_pio.dir/Users/andrew/Development/pico_dev/pico-sdk/src/rp2_common/pico_stdio/stdio.c.obj
 .text.stdio_flush
                0x00000000100044f8       0x20 CMakeFiles/blink_pio.dir/Users/andrew/Development/pico_dev/pico-sdk/src/rp2_common/pico_stdio/stdio.c.obj
                0x00000000100044f8                stdio_flush
 .text.__wrap_puts
                0x0000000010004518       0x1e CMakeFiles/blink_pio.dir/Users/andrew/Development/pico_dev/pico-sdk/src/rp2_common/pico_stdio/stdio.c.obj
                0x0000000010004518                __wrap_puts
 *fill*         0x0000000010004536        0x2 
 .text.__wrap_vprintf
                0x0000000010004538       0x44 CMakeFiles/blink_pio.dir/Users/andrew/Development/pico_dev/pico-sdk/src/rp2_common/pico_stdio/stdio.c.obj
                0x0000000010004538                __wrap_vprintf
 .text.__wrap_printf
                0x000000001000457c       0x18 CMakeFiles/blink_pio.dir/Users/andrew/Development/pico_dev/pico-sdk/src/rp2_common/pico_stdio/stdio.c.obj
                0x000000001000457c                __wrap_printf
 .text.strlen   0x0000000010004594       0x5c /opt/homebrew/Cellar/arm-none-eabi-gcc/10.3-2021.07/gcc/bin/../lib/gcc/arm-none-eabi/10.3.1/../../../../arm-none-eabi/lib/thumb/v6-m/nofp/libg.a(lib_a-strlen-stub.o)
                0x0000000010004594                strlen
 *(.fini)
 .fini          0x00000000100045f0        0x4 /opt/homebrew/Cellar/arm-none-eabi-gcc/10.3-2021.07/gcc/bin/../lib/gcc/arm-none-eabi/10.3.1/thumb/v6-m/nofp/crti.o
                0x00000000100045f0                _fini
 *fill*         0x00000000100045f4        0x4 
 .fini.__stub   0x00000000100045f8       0x50 linker stubs
 *crtbegin.o(.ctors)
 *crtbegin?.o(.ctors)
 *(EXCLUDE_FILE(*crtend.o *crtend?.o) .ctors)
 *(SORT_BY_NAME(.ctors.*))
 *(.ctors)
 *crtbegin.o(.dtors)
 *crtbegin?.o(.dtors)
 *(EXCLUDE_FILE(*crtend.o *crtend?.o) .dtors)
 *(SORT_BY_NAME(.dtors.*))
 *(.dtors)
 *(.eh_frame*)
 .eh_frame      0x0000000010004648        0x0 /opt/homebrew/Cellar/arm-none-eabi-gcc/10.3-2021.07/gcc/bin/../lib/gcc/arm-none-eabi/10.3.1/thumb/v6-m/nofp/crtbegin.o
                0x0000000010004648                . = ALIGN (0x4)

.glue_7         0x0000000010004648        0x0
 .glue_7        0x0000000010004648        0x0 linker stubs

.glue_7t        0x0000000010004648        0x0
 .glue_7t       0x0000000010004648        0x0 linker stubs

.vfp11_veneer   0x0000000010004648        0x0
 .vfp11_veneer  0x0000000010004648        0x0 linker stubs

.v4_bx          0x0000000010004648        0x0
 .v4_bx         0x0000000010004648        0x0 linker stubs

.iplt           0x0000000010004648        0x0
 .iplt          0x0000000010004648        0x0 /opt/homebrew/Cellar/arm-none-eabi-gcc/10.3-2021.07/gcc/bin/../lib/gcc/arm-none-eabi/10.3.1/thumb/v6-m/nofp/crtbegin.o

.rodata         0x0000000010004648     0x1040
 *(EXCLUDE_FILE(*libm.a: *libc.a:*lib_a-mem*.o *libgcc.a:) .rodata*)
 .rodata.blink_program
                0x0000000010004648        0x6 CMakeFiles/blink_pio.dir/main.c.obj
 *fill*         0x000000001000464e        0x2 
 .rodata.blink_program_instructions
                0x0000000010004650        0xc CMakeFiles/blink_pio.dir/main.c.obj
 .rodata._pio_find_offset_for_program.str1.4
                0x000000001000465c       0x7a CMakeFiles/blink_pio.dir/Users/andrew/Development/pico_dev/pico-sdk/src/rp2_common/hardware_pio/pio.c.obj
 *fill*         0x00000000100046d6        0x2 
 .rodata._pio_add_program_at_offset.str1.4
                0x00000000100046d8       0x11 CMakeFiles/blink_pio.dir/Users/andrew/Development/pico_dev/pico-sdk/src/rp2_common/hardware_pio/pio.c.obj
 *fill*         0x00000000100046e9        0x3 
 .rodata.pio_claim_unused_sm.str1.4
                0x00000000100046ec       0x24 CMakeFiles/blink_pio.dir/Users/andrew/Development/pico_dev/pico-sdk/src/rp2_common/hardware_pio/pio.c.obj
 .rodata.__func__.1
                0x0000000010004710       0x1d CMakeFiles/blink_pio.dir/Users/andrew/Development/pico_dev/pico-sdk/src/rp2_common/hardware_pio/pio.c.obj
 *fill*         0x000000001000472d        0x3 
 .rodata.make_branch.str1.4
                0x0000000010004730       0x7e CMakeFiles/blink_pio.dir/Users/andrew/Development/pico_dev/pico-sdk/src/rp2_common/hardware_irq/irq.c.obj
 *fill*         0x00000000100047ae        0x2 
 .rodata.insert_branch_and_link.str1.4
                0x00000000100047b0       0x10 CMakeFiles/blink_pio.dir/Users/andrew/Development/pico_dev/pico-sdk/src/rp2_common/hardware_irq/irq.c.obj
 .rodata.irq_set_exclusive_handler.str1.4
                0x00000000100047c0       0x36 CMakeFiles/blink_pio.dir/Users/andrew/Development/pico_dev/pico-sdk/src/rp2_common/hardware_irq/irq.c.obj
 *fill*         0x00000000100047f6        0x2 
 .rodata.irq_add_shared_handler.str1.4
                0x00000000100047f8       0xd9 CMakeFiles/blink_pio.dir/Users/andrew/Development/pico_dev/pico-sdk/src/rp2_common/hardware_irq/irq.c.obj
 *fill*         0x00000000100048d1        0x3 
 .rodata.irq_remove_handler.str1.4
                0x00000000100048d4       0x2a CMakeFiles/blink_pio.dir/Users/andrew/Development/pico_dev/pico-sdk/src/rp2_common/hardware_irq/irq.c.obj
 *fill*         0x00000000100048fe        0x2 
 .rodata.irq_add_tail_to_free_list.str1.4
                0x0000000010004900       0x3a CMakeFiles/blink_pio.dir/Users/andrew/Development/pico_dev/pico-sdk/src/rp2_common/hardware_irq/irq.c.obj
 *fill*         0x000000001000493a        0x2 
 .rodata.__func__.0
                0x000000001000493c       0x1a CMakeFiles/blink_pio.dir/Users/andrew/Development/pico_dev/pico-sdk/src/rp2_common/hardware_irq/irq.c.obj
 *fill*         0x0000000010004956        0x2 
 .rodata.__func__.1
                0x0000000010004958       0x17 CMakeFiles/blink_pio.dir/Users/andrew/Development/pico_dev/pico-sdk/src/rp2_common/hardware_irq/irq.c.obj
 *fill*         0x000000001000496f        0x1 
 .rodata.__func__.2
                0x0000000010004970       0x13 CMakeFiles/blink_pio.dir/Users/andrew/Development/pico_dev/pico-sdk/src/rp2_common/hardware_irq/irq.c.obj
 *fill*         0x0000000010004983        0x1 
 .rodata.__func__.3
                0x0000000010004984        0xc CMakeFiles/blink_pio.dir/Users/andrew/Development/pico_dev/pico-sdk/src/rp2_common/hardware_irq/irq.c.obj
 .rodata.__func__.4
                0x0000000010004990        0xf CMakeFiles/blink_pio.dir/Users/andrew/Development/pico_dev/pico-sdk/src/rp2_common/hardware_irq/irq.c.obj
 *fill*         0x000000001000499f        0x1 
 .rodata.__func__.6
                0x00000000100049a0       0x1a CMakeFiles/blink_pio.dir/Users/andrew/Development/pico_dev/pico-sdk/src/rp2_common/hardware_irq/irq.c.obj
 *fill*         0x00000000100049ba        0x2 
 .rodata.repeating_timer_callback.str1.4
                0x00000000100049bc       0x5c CMakeFiles/blink_pio.dir/Users/andrew/Development/pico_dev/pico-sdk/src/common/pico_time/time.c.obj
 .rodata.alarm_pool_dump_key.str1.4
                0x0000000010004a18       0x33 CMakeFiles/blink_pio.dir/Users/andrew/Development/pico_dev/pico-sdk/src/common/pico_time/time.c.obj
 *fill*         0x0000000010004a4b        0x1 
 .rodata.ph_add_child_node.str1.4
                0x0000000010004a4c       0xa6 CMakeFiles/blink_pio.dir/Users/andrew/Development/pico_dev/pico-sdk/src/common/pico_time/time.c.obj
 *fill*         0x0000000010004af2        0x2 
 .rodata.add_alarm_under_lock.str1.4
                0x0000000010004af4       0x28 CMakeFiles/blink_pio.dir/Users/andrew/Development/pico_dev/pico-sdk/src/common/pico_time/time.c.obj
                                         0x2b (size before relaxing)
 .rodata.alarm_pool_alarm_callback.str1.4
                0x0000000010004b1c       0xf6 CMakeFiles/blink_pio.dir/Users/andrew/Development/pico_dev/pico-sdk/src/common/pico_time/time.c.obj
 *fill*         0x0000000010004c12        0x2 
 .rodata.alarm_pool_get_default.str1.4
                0x0000000010004c14       0x21 CMakeFiles/blink_pio.dir/Users/andrew/Development/pico_dev/pico-sdk/src/common/pico_time/time.c.obj
 *fill*         0x0000000010004c35        0x3 
 .rodata.sleep_until.str1.4
                0x0000000010004c38       0x4d CMakeFiles/blink_pio.dir/Users/andrew/Development/pico_dev/pico-sdk/src/common/pico_time/time.c.obj
 *fill*         0x0000000010004c85        0x3 
 .rodata.__func__.10
                0x0000000010004c88       0x15 CMakeFiles/blink_pio.dir/Users/andrew/Development/pico_dev/pico-sdk/src/common/pico_time/time.c.obj
 *fill*         0x0000000010004c9d        0x3 
 .rodata.__func__.11
                0x0000000010004ca0       0x1a CMakeFiles/blink_pio.dir/Users/andrew/Development/pico_dev/pico-sdk/src/common/pico_time/time.c.obj
 *fill*         0x0000000010004cba        0x2 
 .rodata.__func__.12
                0x0000000010004cbc        0xa CMakeFiles/blink_pio.dir/Users/andrew/Development/pico_dev/pico-sdk/src/common/pico_time/time.c.obj
 *fill*         0x0000000010004cc6        0x2 
 .rodata.__func__.3
                0x0000000010004cc8       0x17 CMakeFiles/blink_pio.dir/Users/andrew/Development/pico_dev/pico-sdk/src/common/pico_time/time.c.obj
 *fill*         0x0000000010004cdf        0x1 
 .rodata.__func__.4
                0x0000000010004ce0       0x12 CMakeFiles/blink_pio.dir/Users/andrew/Development/pico_dev/pico-sdk/src/common/pico_time/time.c.obj
 *fill*         0x0000000010004cf2        0x2 
 .rodata.__func__.5
                0x0000000010004cf4        0xd CMakeFiles/blink_pio.dir/Users/andrew/Development/pico_dev/pico-sdk/src/common/pico_time/time.c.obj
 *fill*         0x0000000010004d01        0x3 
 .rodata.__func__.6
                0x0000000010004d04       0x12 CMakeFiles/blink_pio.dir/Users/andrew/Development/pico_dev/pico-sdk/src/common/pico_time/time.c.obj
 *fill*         0x0000000010004d16        0x2 
 .rodata.__func__.7
                0x0000000010004d18        0xf CMakeFiles/blink_pio.dir/Users/andrew/Development/pico_dev/pico-sdk/src/common/pico_time/time.c.obj
 *fill*         0x0000000010004d27        0x1 
 .rodata.__func__.8
                0x0000000010004d28        0xc CMakeFiles/blink_pio.dir/Users/andrew/Development/pico_dev/pico-sdk/src/common/pico_time/time.c.obj
 .rodata.__func__.9
                0x0000000010004d34       0x15 CMakeFiles/blink_pio.dir/Users/andrew/Development/pico_dev/pico-sdk/src/common/pico_time/time.c.obj
 *fill*         0x0000000010004d49        0x3 
 .rodata.hardware_alarm_claim.str1.4
                0x0000000010004d4c       0x22 CMakeFiles/blink_pio.dir/Users/andrew/Development/pico_dev/pico-sdk/src/rp2_common/hardware_timer/timer.c.obj
 *fill*         0x0000000010004d6e        0x2 
 .rodata.hardware_alarm_set_target.str1.4
                0x0000000010004d70       0x76 CMakeFiles/blink_pio.dir/Users/andrew/Development/pico_dev/pico-sdk/src/rp2_common/hardware_timer/timer.c.obj
 *fill*         0x0000000010004de6        0x2 
 .rodata.__func__.0
                0x0000000010004de8       0x1a CMakeFiles/blink_pio.dir/Users/andrew/Development/pico_dev/pico-sdk/src/rp2_common/hardware_timer/timer.c.obj
 .rodata.ph_add_child_node.str1.4
                0x0000000010004e02       0xa6 CMakeFiles/blink_pio.dir/Users/andrew/Development/pico_dev/pico-sdk/src/common/pico_util/pheap.c.obj
 *fill*         0x0000000010004e02        0x2 
 .rodata.ph_remove_any_head.str1.4
                0x0000000010004e04       0xa0 CMakeFiles/blink_pio.dir/Users/andrew/Development/pico_dev/pico-sdk/src/common/pico_util/pheap.c.obj
 .rodata.ph_remove_and_free_node.str1.4
                0x0000000010004ea4       0x1e CMakeFiles/blink_pio.dir/Users/andrew/Development/pico_dev/pico-sdk/src/common/pico_util/pheap.c.obj
                                         0x26 (size before relaxing)
 *fill*         0x0000000010004ec2        0x2 
 .rodata.__func__.0
                0x0000000010004ec4       0x18 CMakeFiles/blink_pio.dir/Users/andrew/Development/pico_dev/pico-sdk/src/common/pico_util/pheap.c.obj
 .rodata.__func__.1
                0x0000000010004edc       0x13 CMakeFiles/blink_pio.dir/Users/andrew/Development/pico_dev/pico-sdk/src/common/pico_util/pheap.c.obj
 *fill*         0x0000000010004eef        0x1 
 .rodata.__func__.2
                0x0000000010004ef0       0x12 CMakeFiles/blink_pio.dir/Users/andrew/Development/pico_dev/pico-sdk/src/common/pico_util/pheap.c.obj
 *fill*         0x0000000010004f02        0x2 
 .rodata.__func__.3
                0x0000000010004f04        0xc CMakeFiles/blink_pio.dir/Users/andrew/Development/pico_dev/pico-sdk/src/common/pico_util/pheap.c.obj
 .rodata.str1.4
                0x0000000010004f10       0x9d CMakeFiles/blink_pio.dir/Users/andrew/Development/pico_dev/pico-sdk/src/common/pico_sync/mutex.c.obj
                                        0x111 (size before relaxing)
 *fill*         0x0000000010004fad        0x3 
 .rodata.__func__.1
                0x0000000010004fb0        0xb CMakeFiles/blink_pio.dir/Users/andrew/Development/pico_dev/pico-sdk/src/common/pico_sync/mutex.c.obj
 *fill*         0x0000000010004fbb        0x1 
 .rodata.__assert_func.str1.4
                0x0000000010004fbc       0x3f CMakeFiles/blink_pio.dir/Users/andrew/Development/pico_dev/pico-sdk/src/rp2_common/pico_runtime/runtime.c.obj
                                         0x43 (size before relaxing)
 *fill*         0x0000000010004ffb        0x1 
 .rodata.runtime_init.str1.4
                0x0000000010004ffc       0x72 CMakeFiles/blink_pio.dir/Users/andrew/Development/pico_dev/pico-sdk/src/rp2_common/pico_runtime/runtime.c.obj
 *fill*         0x000000001000506e        0x2 
 .rodata.panic.str1.4
                0x0000000010005070       0x12 CMakeFiles/blink_pio.dir/Users/andrew/Development/pico_dev/pico-sdk/src/rp2_common/pico_runtime/runtime.c.obj
 *fill*         0x0000000010005082        0x2 
 .rodata.__func__.1
                0x0000000010005084        0xd CMakeFiles/blink_pio.dir/Users/andrew/Development/pico_dev/pico-sdk/src/rp2_common/pico_runtime/runtime.c.obj
 *fill*         0x0000000010005091        0x3 
 .rodata.clock_configure.str1.4
                0x0000000010005094       0x68 CMakeFiles/blink_pio.dir/Users/andrew/Development/pico_dev/pico-sdk/src/rp2_common/hardware_clocks/clocks.c.obj
 .rodata.__func__.1
                0x00000000100050fc       0x10 CMakeFiles/blink_pio.dir/Users/andrew/Development/pico_dev/pico-sdk/src/rp2_common/hardware_clocks/clocks.c.obj
 .rodata.pll_init.str1.4
                0x000000001000510c      0x14b CMakeFiles/blink_pio.dir/Users/andrew/Development/pico_dev/pico-sdk/src/rp2_common/hardware_pll/pll.c.obj
 *fill*         0x0000000010005257        0x1 
 .rodata.__func__.0
                0x0000000010005258        0x9 CMakeFiles/blink_pio.dir/Users/andrew/Development/pico_dev/pico-sdk/src/rp2_common/hardware_pll/pll.c.obj
 *fill*         0x0000000010005261        0x3 
 .rodata._ftoa.str1.4
                0x0000000010005264       0x15 CMakeFiles/blink_pio.dir/Users/andrew/Development/pico_dev/pico-sdk/src/rp2_common/pico_printf/printf.c.obj
 *fill*         0x0000000010005279        0x3 
 .rodata._vsnprintf
                0x000000001000527c      0x1e0 CMakeFiles/blink_pio.dir/Users/andrew/Development/pico_dev/pico-sdk/src/rp2_common/pico_printf/printf.c.obj
 *fill*         0x000000001000545c        0x4 
 .rodata.pow10.0
                0x0000000010005460       0x50 CMakeFiles/blink_pio.dir/Users/andrew/Development/pico_dev/pico-sdk/src/rp2_common/pico_printf/printf.c.obj
 .rodata.__aeabi_double_init.str1.4
                0x00000000100054b0       0xb9 CMakeFiles/blink_pio.dir/Users/andrew/Development/pico_dev/pico-sdk/src/rp2_common/pico_double/double_init_rom.c.obj
 *fill*         0x0000000010005569        0x3 
 .rodata.__func__.0
                0x000000001000556c       0x14 CMakeFiles/blink_pio.dir/Users/andrew/Development/pico_dev/pico-sdk/src/rp2_common/pico_double/double_init_rom.c.obj
 .rodata.__aeabi_float_init.str1.4
                0x0000000010005580       0x8b CMakeFiles/blink_pio.dir/Users/andrew/Development/pico_dev/pico-sdk/src/rp2_common/pico_float/float_init_rom.c.obj
                                         0x8f (size before relaxing)
 *fill*         0x000000001000560b        0x1 
 .rodata.__func__.0
                0x000000001000560c       0x13 CMakeFiles/blink_pio.dir/Users/andrew/Development/pico_dev/pico-sdk/src/rp2_common/pico_float/float_init_rom.c.obj
 *fill*         0x000000001000561f        0x1 
 .rodata.str1.4
                0x0000000010005620       0x40 CMakeFiles/blink_pio.dir/Users/andrew/Development/pico_dev/pico-sdk/src/rp2_common/pico_standard_link/binary_info.c.obj
 .rodata.__bi_44
                0x0000000010005660        0xc CMakeFiles/blink_pio.dir/Users/andrew/Development/pico_dev/pico-sdk/src/rp2_common/pico_standard_link/binary_info.c.obj
 .rodata.__bi_75
                0x000000001000566c        0xc CMakeFiles/blink_pio.dir/Users/andrew/Development/pico_dev/pico-sdk/src/rp2_common/pico_standard_link/binary_info.c.obj
 .rodata.__bi_81
                0x0000000010005678        0xc CMakeFiles/blink_pio.dir/Users/andrew/Development/pico_dev/pico-sdk/src/rp2_common/pico_standard_link/binary_info.c.obj
 .rodata.crlf_str.3
                0x0000000010005684        0x2 CMakeFiles/blink_pio.dir/Users/andrew/Development/pico_dev/pico-sdk/src/rp2_common/pico_stdio/stdio.c.obj
                0x0000000010005688                . = ALIGN (0x4)
 *fill*         0x0000000010005686        0x2 
 *(SORT_BY_ALIGNMENT(SORT_BY_NAME(.flashdata*)))
                0x0000000010005688                . = ALIGN (0x4)

.rel.dyn        0x0000000010005688        0x0
 .rel.iplt      0x0000000010005688        0x0 /opt/homebrew/Cellar/arm-none-eabi-gcc/10.3-2021.07/gcc/bin/../lib/gcc/arm-none-eabi/10.3.1/thumb/v6-m/nofp/crtbegin.o

.ARM.extab
 *(.ARM.extab* .gnu.linkonce.armextab.*)
                0x0000000010005688                __exidx_start = .

.ARM.exidx
 *(.ARM.exidx* .gnu.linkonce.armexidx.*)
                0x0000000010005688                __exidx_end = .
                0x0000000010005688                . = ALIGN (0x4)
                0x0000000010005688                __binary_info_start = .

.binary_info    0x0000000010005688       0x1c
 *(.binary_info.keep.*)
 .binary_info.keep.__bi_ptr22
                0x0000000010005688        0x4 CMakeFiles/blink_pio.dir/Users/andrew/Development/pico_dev/pico-sdk/src/rp2_common/pico_standard_link/binary_info.c.obj
 .binary_info.keep.__bi_ptr30
                0x000000001000568c        0x4 CMakeFiles/blink_pio.dir/Users/andrew/Development/pico_dev/pico-sdk/src/rp2_common/pico_standard_link/binary_info.c.obj
 .binary_info.keep.__bi_ptr38
                0x0000000010005690        0x4 CMakeFiles/blink_pio.dir/Users/andrew/Development/pico_dev/pico-sdk/src/rp2_common/pico_standard_link/binary_info.c.obj
 .binary_info.keep.__bi_ptr44
                0x0000000010005694        0x4 CMakeFiles/blink_pio.dir/Users/andrew/Development/pico_dev/pico-sdk/src/rp2_common/pico_standard_link/binary_info.c.obj
 .binary_info.keep.__bi_ptr50
                0x0000000010005698        0x4 CMakeFiles/blink_pio.dir/Users/andrew/Development/pico_dev/pico-sdk/src/rp2_common/pico_standard_link/binary_info.c.obj
 .binary_info.keep.__bi_ptr75
                0x000000001000569c        0x4 CMakeFiles/blink_pio.dir/Users/andrew/Development/pico_dev/pico-sdk/src/rp2_common/pico_standard_link/binary_info.c.obj
 .binary_info.keep.__bi_ptr81
                0x00000000100056a0        0x4 CMakeFiles/blink_pio.dir/Users/andrew/Development/pico_dev/pico-sdk/src/rp2_common/pico_standard_link/binary_info.c.obj
 *(.binary_info.*)
                0x00000000100056a4                __binary_info_end = .
                0x00000000100056a4                . = ALIGN (0x4)
                0x00000000100056a4                __etext = .

.ram_vector_table
                0x0000000020000000       0xc0
 *(.ram_vector_table)
 .ram_vector_table
                0x0000000020000000       0xc0 CMakeFiles/blink_pio.dir/Users/andrew/Development/pico_dev/pico-sdk/src/rp2_common/pico_runtime/runtime.c.obj
                0x0000000020000000                ram_vector_table

.data           0x00000000200000c0      0x1ac load address 0x00000000100056a4
                0x00000000200000c0                __data_start__ = .
 *(vtable)
 *(.time_critical*)
 .time_critical.mutex_enter_blocking
                0x00000000200000c0       0x48 CMakeFiles/blink_pio.dir/Users/andrew/Development/pico_dev/pico-sdk/src/common/pico_sync/mutex.c.obj
                0x00000000200000c0                mutex_enter_blocking
 .time_critical.mutex_try_enter
                0x0000000020000108       0x46 CMakeFiles/blink_pio.dir/Users/andrew/Development/pico_dev/pico-sdk/src/common/pico_sync/mutex.c.obj
                0x0000000020000108                mutex_try_enter
 *fill*         0x000000002000014e        0x2 
 .time_critical.mutex_exit
                0x0000000020000150       0x4c CMakeFiles/blink_pio.dir/Users/andrew/Development/pico_dev/pico-sdk/src/common/pico_sync/mutex.c.obj
                0x0000000020000150                mutex_exit
 *(.text*)
 .text          0x000000002000019c        0x4 /opt/homebrew/Cellar/arm-none-eabi-gcc/10.3-2021.07/gcc/bin/../lib/gcc/arm-none-eabi/10.3.1/thumb/v6-m/nofp/libgcc.a(_dvmd_tls.o)
                0x000000002000019c                __aeabi_ldiv0
                0x000000002000019c                __aeabi_idiv0
 .text.__stub   0x00000000200001a0       0x10 linker stubs
                0x00000000200001b0                . = ALIGN (0x4)
 *(.rodata*)
                0x00000000200001b0                . = ALIGN (0x4)
 *(.data*)
 .data.striped_spin_lock_num
                0x00000000200001b0        0x1 CMakeFiles/blink_pio.dir/Users/andrew/Development/pico_dev/pico-sdk/src/rp2_common/hardware_sync/sync.c.obj
 *fill*         0x00000000200001b1        0x3 
 .data          0x00000000200001b4       0x48 CMakeFiles/blink_pio.dir/Users/andrew/Development/pico_dev/pico-sdk/src/rp2_common/hardware_irq/irq_handler_chain.S.obj
                0x00000000200001b4                irq_handler_chain_slots
                0x00000000200001e4                irq_handler_chain_first_slot
                0x00000000200001ee                irq_handler_chain_remove_tail
 .data.default_alarm_pool
                0x00000000200001fc       0x18 CMakeFiles/blink_pio.dir/Users/andrew/Development/pico_dev/pico-sdk/src/common/pico_time/time.c.obj
 .data.default_alarm_pool_heap
                0x0000000020000214       0x10 CMakeFiles/blink_pio.dir/Users/andrew/Development/pico_dev/pico-sdk/src/common/pico_time/time.c.obj
 *fill*         0x0000000020000224        0xc 
 .data.aeabi_bits_funcs
                0x0000000020000230       0x10 CMakeFiles/blink_pio.dir/Users/andrew/Development/pico_dev/pico-sdk/src/rp2_common/pico_bit_ops/bit_ops_aeabi.S.obj
                0x0000000020000230                aeabi_bits_funcs
                0x0000000020000240                aeabi_bits_funcs_end
 .data.aeabi_mem_funcs
                0x0000000020000240       0x10 CMakeFiles/blink_pio.dir/Users/andrew/Development/pico_dev/pico-sdk/src/rp2_common/pico_mem_ops/mem_ops_aeabi.S.obj
                0x0000000020000240                aeabi_mem_funcs
                0x0000000020000250                aeabi_mem_funcs_end
                0x0000000020000250                . = ALIGN (0x4)
 *(.after_data.*)
                0x0000000020000250                . = ALIGN (0x4)
                0x0000000020000250                PROVIDE (__mutex_array_start = .)
 *(SORT_BY_NAME(.mutex_array.*))
 *(.mutex_array)
 .mutex_array   0x0000000020000250        0x8 CMakeFiles/blink_pio.dir/Users/andrew/Development/pico_dev/pico-sdk/src/rp2_common/pico_stdio/stdio.c.obj
                0x0000000020000258                PROVIDE (__mutex_array_end = .)
                0x0000000020000258                . = ALIGN (0x4)
                0x0000000020000258                PROVIDE (__preinit_array_start = .)
 *(SORT_BY_NAME(.preinit_array.*))
 .preinit_array.00001
                0x0000000020000258        0x4 CMakeFiles/blink_pio.dir/Users/andrew/Development/pico_dev/pico-sdk/src/rp2_common/pico_mem_ops/mem_ops_aeabi.S.obj
 .preinit_array.00010
                0x000000002000025c        0x4 CMakeFiles/blink_pio.dir/Users/andrew/Development/pico_dev/pico-sdk/src/rp2_common/pico_bit_ops/bit_ops_aeabi.S.obj
 .preinit_array.00020
                0x0000000020000260        0x4 CMakeFiles/blink_pio.dir/Users/andrew/Development/pico_dev/pico-sdk/src/rp2_common/pico_double/double_aeabi.S.obj
 .preinit_array.00020
                0x0000000020000264        0x4 CMakeFiles/blink_pio.dir/Users/andrew/Development/pico_dev/pico-sdk/src/rp2_common/pico_float/float_aeabi.S.obj
 *(.preinit_array)
                0x0000000020000268                PROVIDE (__preinit_array_end = .)
                0x0000000020000268                . = ALIGN (0x4)
                0x0000000020000268                PROVIDE (__init_array_start = .)
 *(SORT_BY_NAME(.init_array.*))
 *(.init_array)
 .init_array    0x0000000020000268        0x4 /opt/homebrew/Cellar/arm-none-eabi-gcc/10.3-2021.07/gcc/bin/../lib/gcc/arm-none-eabi/10.3.1/thumb/v6-m/nofp/crtbegin.o
                0x000000002000026c                PROVIDE (__init_array_end = .)
                0x000000002000026c                . = ALIGN (0x4)
                [!provide]                        PROVIDE (__fini_array_start = .)
 *(SORT_BY_NAME(.fini_array.*))
 *(.fini_array)
                [!provide]                        PROVIDE (__fini_array_end = .)
 *(.jcr)
                0x000000002000026c                . = ALIGN (0x4)
                0x000000002000026c                __data_end__ = .

.igot.plt       0x000000002000026c        0x0 load address 0x0000000010005850
 .igot.plt      0x000000002000026c        0x0 /opt/homebrew/Cellar/arm-none-eabi-gcc/10.3-2021.07/gcc/bin/../lib/gcc/arm-none-eabi/10.3.1/thumb/v6-m/nofp/crtbegin.o

.uninitialized_data
                0x000000002000026c        0x0 load address 0x0000000010005850
                0x000000002000026c                . = ALIGN (0x4)
 *(.uninitialized_data*)

.scratch_x      0x0000000020040000        0x0 load address 0x0000000010005850
                0x0000000020040000                __scratch_x_start__ = .
 *(.scratch_x.*)
                0x0000000020040000                . = ALIGN (0x4)
                0x0000000020040000                __scratch_x_end__ = .
                0x0000000010005850                __scratch_x_source__ = LOADADDR (.scratch_x)

.scratch_y      0x0000000020041000        0x0 load address 0x0000000010005850
                0x0000000020041000                __scratch_y_start__ = .
 *(.scratch_y.*)
                0x0000000020041000                . = ALIGN (0x4)
                0x0000000020041000                __scratch_y_end__ = .
                0x0000000010005850                __scratch_y_source__ = LOADADDR (.scratch_y)

.bss            0x0000000020000270      0x3d0
                0x0000000020000270                . = ALIGN (0x4)
                0x0000000020000270                __bss_start__ = .
 *(SORT_BY_ALIGNMENT(SORT_BY_NAME(.bss*)))
 .bss.default_alarm_pool_entries
                0x0000000020000270      0x100 CMakeFiles/blink_pio.dir/Users/andrew/Development/pico_dev/pico-sdk/src/common/pico_time/time.c.obj
 .bss           0x0000000020000370       0x1c /opt/homebrew/Cellar/arm-none-eabi-gcc/10.3-2021.07/gcc/bin/../lib/gcc/arm-none-eabi/10.3.1/thumb/v6-m/nofp/crtbegin.o
 .bss._used_instruction_space
                0x000000002000038c        0x8 CMakeFiles/blink_pio.dir/Users/andrew/Development/pico_dev/pico-sdk/src/rp2_common/hardware_pio/pio.c.obj
 .bss.alarm_callbacks
                0x0000000020000394       0x10 CMakeFiles/blink_pio.dir/Users/andrew/Development/pico_dev/pico-sdk/src/rp2_common/hardware_timer/timer.c.obj
 .bss.configured_freq
                0x00000000200003a4       0x28 CMakeFiles/blink_pio.dir/Users/andrew/Development/pico_dev/pico-sdk/src/rp2_common/hardware_clocks/clocks.c.obj
 .bss.default_alarm_pool_entry_ids_high
                0x00000000200003cc       0x10 CMakeFiles/blink_pio.dir/Users/andrew/Development/pico_dev/pico-sdk/src/common/pico_time/time.c.obj
 .bss.default_alarm_pool_heap_nodes
                0x00000000200003dc       0x30 CMakeFiles/blink_pio.dir/Users/andrew/Development/pico_dev/pico-sdk/src/common/pico_time/time.c.obj
 .bss.drivers   0x000000002000040c        0x4 CMakeFiles/blink_pio.dir/Users/andrew/Development/pico_dev/pico-sdk/src/rp2_common/pico_stdio/stdio.c.obj
 .bss.filter    0x0000000020000410        0x4 CMakeFiles/blink_pio.dir/Users/andrew/Development/pico_dev/pico-sdk/src/rp2_common/pico_stdio/stdio.c.obj
 .bss.pools     0x0000000020000414       0x10 CMakeFiles/blink_pio.dir/Users/andrew/Development/pico_dev/pico-sdk/src/common/pico_time/time.c.obj
 .bss.sd_table  0x0000000020000424      0x100 CMakeFiles/blink_pio.dir/Users/andrew/Development/pico_dev/pico-sdk/src/rp2_common/pico_double/double_init_rom.c.obj
                0x0000000020000424                sd_table
 .bss.sf_clz_func
                0x0000000020000524        0x4 CMakeFiles/blink_pio.dir/Users/andrew/Development/pico_dev/pico-sdk/src/rp2_common/pico_double/double_init_rom.c.obj
                0x0000000020000524                sf_clz_func
 .bss.sf_table  0x0000000020000528      0x100 CMakeFiles/blink_pio.dir/Users/andrew/Development/pico_dev/pico-sdk/src/rp2_common/pico_float/float_init_rom.c.obj
                0x0000000020000528                sf_table
 .bss.sleep_notifier
                0x0000000020000628        0x4 CMakeFiles/blink_pio.dir/Users/andrew/Development/pico_dev/pico-sdk/src/common/pico_time/time.c.obj
 .bss.target_hi
                0x000000002000062c       0x10 CMakeFiles/blink_pio.dir/Users/andrew/Development/pico_dev/pico-sdk/src/rp2_common/hardware_timer/timer.c.obj
 .bss.claimed   0x000000002000063c        0x1 CMakeFiles/blink_pio.dir/Users/andrew/Development/pico_dev/pico-sdk/src/rp2_common/hardware_pio/pio.c.obj
 .bss.claimed   0x000000002000063d        0x1 CMakeFiles/blink_pio.dir/Users/andrew/Development/pico_dev/pico-sdk/src/rp2_common/hardware_timer/timer.c.obj
 .bss.irq_hander_chain_free_slot_head
                0x000000002000063e        0x1 CMakeFiles/blink_pio.dir/Users/andrew/Development/pico_dev/pico-sdk/src/rp2_common/hardware_irq/irq.c.obj
 .bss.timer_callbacks_pending
                0x000000002000063f        0x1 CMakeFiles/blink_pio.dir/Users/andrew/Development/pico_dev/pico-sdk/src/rp2_common/hardware_timer/timer.c.obj
 *(COMMON)
                0x0000000020000640                . = ALIGN (0x4)
                0x0000000020000640                __bss_end__ = .

.heap           0x0000000020000640      0x800
                0x0000000020000640                __end__ = .
                0x0000000020000640                end = __end__
 *(.heap*)
 .heap          0x0000000020000640      0x800 CMakeFiles/blink_pio.dir/Users/andrew/Development/pico_dev/pico-sdk/src/rp2_common/pico_standard_link/crt0.S.obj
                0x0000000020000e40                __HeapLimit = .

.stack1_dummy   0x0000000020040000        0x0
 *(.stack1*)

.stack_dummy    0x0000000020041000      0x800
 *(.stack*)
 .stack         0x0000000020041000      0x800 CMakeFiles/blink_pio.dir/Users/andrew/Development/pico_dev/pico-sdk/src/rp2_common/pico_standard_link/crt0.S.obj

.flash_end      0x0000000010005850        0x0
                0x0000000010005850                __flash_binary_end = .
                0x0000000020040000                __StackLimit = (ORIGIN (RAM) + LENGTH (RAM))
                0x0000000020041000                __StackOneTop = (ORIGIN (SCRATCH_X) + LENGTH (SCRATCH_X))
                0x0000000020042000                __StackTop = (ORIGIN (SCRATCH_Y) + LENGTH (SCRATCH_Y))
                0x0000000020041000                __StackOneBottom = (__StackOneTop - SIZEOF (.stack1_dummy))
                0x0000000020041800                __StackBottom = (__StackTop - SIZEOF (.stack_dummy))
                0x0000000020042000                PROVIDE (__stack = __StackTop)
                0x0000000000000001                ASSERT ((__StackLimit >= __HeapLimit), region RAM overflowed)
                0x0000000000000001                ASSERT (((__binary_info_header_end - __logical_binary_start) <= 0x100), Binary info must be in first 256 bytes of the binary)
LOAD CMakeFiles/blink_pio.dir/main.c.obj
LOAD CMakeFiles/blink_pio.dir/n64_pi_task.c.obj
LOAD CMakeFiles/blink_pio.dir/n64_pi/n64_pi.c.obj
LOAD CMakeFiles/blink_pio.dir/Users/andrew/Development/pico_dev/pico-sdk/src/rp2_common/hardware_pio/pio.c.obj
LOAD CMakeFiles/blink_pio.dir/Users/andrew/Development/pico_dev/pico-sdk/src/rp2_common/hardware_claim/claim.c.obj
LOAD CMakeFiles/blink_pio.dir/Users/andrew/Development/pico_dev/pico-sdk/src/rp2_common/pico_platform/platform.c.obj
LOAD CMakeFiles/blink_pio.dir/Users/andrew/Development/pico_dev/pico-sdk/src/rp2_common/hardware_sync/sync.c.obj
LOAD CMakeFiles/blink_pio.dir/Users/andrew/Development/pico_dev/pico-sdk/src/rp2_common/hardware_gpio/gpio.c.obj
LOAD CMakeFiles/blink_pio.dir/Users/andrew/Development/pico_dev/pico-sdk/src/rp2_common/hardware_irq/irq.c.obj
LOAD CMakeFiles/blink_pio.dir/Users/andrew/Development/pico_dev/pico-sdk/src/rp2_common/hardware_irq/irq_handler_chain.S.obj
LOAD CMakeFiles/blink_pio.dir/Users/andrew/Development/pico_dev/pico-sdk/src/common/pico_sync/sem.c.obj
LOAD CMakeFiles/blink_pio.dir/Users/andrew/Development/pico_dev/pico-sdk/src/common/pico_sync/lock_core.c.obj
LOAD CMakeFiles/blink_pio.dir/Users/andrew/Development/pico_dev/pico-sdk/src/common/pico_time/time.c.obj
LOAD CMakeFiles/blink_pio.dir/Users/andrew/Development/pico_dev/pico-sdk/src/common/pico_time/timeout_helper.c.obj
LOAD CMakeFiles/blink_pio.dir/Users/andrew/Development/pico_dev/pico-sdk/src/rp2_common/hardware_timer/timer.c.obj
LOAD CMakeFiles/blink_pio.dir/Users/andrew/Development/pico_dev/pico-sdk/src/common/pico_util/datetime.c.obj
LOAD CMakeFiles/blink_pio.dir/Users/andrew/Development/pico_dev/pico-sdk/src/common/pico_util/pheap.c.obj
LOAD CMakeFiles/blink_pio.dir/Users/andrew/Development/pico_dev/pico-sdk/src/common/pico_util/queue.c.obj
LOAD CMakeFiles/blink_pio.dir/Users/andrew/Development/pico_dev/pico-sdk/src/common/pico_sync/mutex.c.obj
LOAD CMakeFiles/blink_pio.dir/Users/andrew/Development/pico_dev/pico-sdk/src/common/pico_sync/critical_section.c.obj
LOAD CMakeFiles/blink_pio.dir/Users/andrew/Development/pico_dev/pico-sdk/src/rp2_common/pico_stdlib/stdlib.c.obj
LOAD CMakeFiles/blink_pio.dir/Users/andrew/Development/pico_dev/pico-sdk/src/rp2_common/hardware_uart/uart.c.obj
LOAD CMakeFiles/blink_pio.dir/Users/andrew/Development/pico_dev/pico-sdk/src/rp2_common/hardware_divider/divider.S.obj
LOAD CMakeFiles/blink_pio.dir/Users/andrew/Development/pico_dev/pico-sdk/src/rp2_common/pico_runtime/runtime.c.obj
LOAD CMakeFiles/blink_pio.dir/Users/andrew/Development/pico_dev/pico-sdk/src/rp2_common/hardware_clocks/clocks.c.obj
LOAD CMakeFiles/blink_pio.dir/Users/andrew/Development/pico_dev/pico-sdk/src/rp2_common/hardware_pll/pll.c.obj
LOAD CMakeFiles/blink_pio.dir/Users/andrew/Development/pico_dev/pico-sdk/src/rp2_common/hardware_vreg/vreg.c.obj
LOAD CMakeFiles/blink_pio.dir/Users/andrew/Development/pico_dev/pico-sdk/src/rp2_common/hardware_watchdog/watchdog.c.obj
LOAD CMakeFiles/blink_pio.dir/Users/andrew/Development/pico_dev/pico-sdk/src/rp2_common/hardware_xosc/xosc.c.obj
LOAD CMakeFiles/blink_pio.dir/Users/andrew/Development/pico_dev/pico-sdk/src/rp2_common/pico_printf/printf.c.obj
LOAD CMakeFiles/blink_pio.dir/Users/andrew/Development/pico_dev/pico-sdk/src/rp2_common/pico_bit_ops/bit_ops_aeabi.S.obj
LOAD CMakeFiles/blink_pio.dir/Users/andrew/Development/pico_dev/pico-sdk/src/rp2_common/pico_bootrom/bootrom.c.obj
LOAD CMakeFiles/blink_pio.dir/Users/andrew/Development/pico_dev/pico-sdk/src/rp2_common/pico_divider/divider.S.obj
LOAD CMakeFiles/blink_pio.dir/Users/andrew/Development/pico_dev/pico-sdk/src/rp2_common/pico_double/double_aeabi.S.obj
LOAD CMakeFiles/blink_pio.dir/Users/andrew/Development/pico_dev/pico-sdk/src/rp2_common/pico_double/double_init_rom.c.obj
LOAD CMakeFiles/blink_pio.dir/Users/andrew/Development/pico_dev/pico-sdk/src/rp2_common/pico_double/double_math.c.obj
LOAD CMakeFiles/blink_pio.dir/Users/andrew/Development/pico_dev/pico-sdk/src/rp2_common/pico_double/double_v1_rom_shim.S.obj
LOAD CMakeFiles/blink_pio.dir/Users/andrew/Development/pico_dev/pico-sdk/src/rp2_common/pico_int64_ops/pico_int64_ops_aeabi.S.obj
LOAD CMakeFiles/blink_pio.dir/Users/andrew/Development/pico_dev/pico-sdk/src/rp2_common/pico_float/float_aeabi.S.obj
LOAD CMakeFiles/blink_pio.dir/Users/andrew/Development/pico_dev/pico-sdk/src/rp2_common/pico_float/float_init_rom.c.obj
LOAD CMakeFiles/blink_pio.dir/Users/andrew/Development/pico_dev/pico-sdk/src/rp2_common/pico_float/float_math.c.obj
LOAD CMakeFiles/blink_pio.dir/Users/andrew/Development/pico_dev/pico-sdk/src/rp2_common/pico_float/float_v1_rom_shim.S.obj
LOAD CMakeFiles/blink_pio.dir/Users/andrew/Development/pico_dev/pico-sdk/src/rp2_common/pico_malloc/pico_malloc.c.obj
LOAD CMakeFiles/blink_pio.dir/Users/andrew/Development/pico_dev/pico-sdk/src/rp2_common/pico_mem_ops/mem_ops_aeabi.S.obj
LOAD CMakeFiles/blink_pio.dir/Users/andrew/Development/pico_dev/pico-sdk/src/rp2_common/pico_standard_link/crt0.S.obj
LOAD CMakeFiles/blink_pio.dir/Users/andrew/Development/pico_dev/pico-sdk/src/rp2_common/pico_standard_link/new_delete.cpp.obj
LOAD CMakeFiles/blink_pio.dir/Users/andrew/Development/pico_dev/pico-sdk/src/rp2_common/pico_standard_link/binary_info.c.obj
LOAD CMakeFiles/blink_pio.dir/Users/andrew/Development/pico_dev/pico-sdk/src/rp2_common/pico_stdio/stdio.c.obj
LOAD CMakeFiles/blink_pio.dir/Users/andrew/Development/pico_dev/pico-sdk/src/rp2_common/pico_stdio_uart/stdio_uart.c.obj
LOAD /var/folders/l_/_j3r_09x3sz1cytpfj1984v00000gn/T//ccT5MBnn.o
LOAD /opt/homebrew/Cellar/arm-none-eabi-gcc/10.3-2021.07/gcc/bin/../lib/gcc/arm-none-eabi/10.3.1/../../../../arm-none-eabi/lib/thumb/v6-m/nofp/libstdc++.a
LOAD /opt/homebrew/Cellar/arm-none-eabi-gcc/10.3-2021.07/gcc/bin/../lib/gcc/arm-none-eabi/10.3.1/../../../../arm-none-eabi/lib/thumb/v6-m/nofp/libm.a
START GROUP
LOAD /opt/homebrew/Cellar/arm-none-eabi-gcc/10.3-2021.07/gcc/bin/../lib/gcc/arm-none-eabi/10.3.1/thumb/v6-m/nofp/libgcc.a
LOAD /opt/homebrew/Cellar/arm-none-eabi-gcc/10.3-2021.07/gcc/bin/../lib/gcc/arm-none-eabi/10.3.1/../../../../arm-none-eabi/lib/thumb/v6-m/nofp/libg.a
LOAD /opt/homebrew/Cellar/arm-none-eabi-gcc/10.3-2021.07/gcc/bin/../lib/gcc/arm-none-eabi/10.3.1/../../../../arm-none-eabi/lib/thumb/v6-m/nofp/libc.a
END GROUP
START GROUP
LOAD /opt/homebrew/Cellar/arm-none-eabi-gcc/10.3-2021.07/gcc/bin/../lib/gcc/arm-none-eabi/10.3.1/thumb/v6-m/nofp/libgcc.a
LOAD /opt/homebrew/Cellar/arm-none-eabi-gcc/10.3-2021.07/gcc/bin/../lib/gcc/arm-none-eabi/10.3.1/../../../../arm-none-eabi/lib/thumb/v6-m/nofp/libc.a
LOAD /opt/homebrew/Cellar/arm-none-eabi-gcc/10.3-2021.07/gcc/bin/../lib/gcc/arm-none-eabi/10.3.1/../../../../arm-none-eabi/lib/thumb/v6-m/nofp/libnosys.a
END GROUP
LOAD /opt/homebrew/Cellar/arm-none-eabi-gcc/10.3-2021.07/gcc/bin/../lib/gcc/arm-none-eabi/10.3.1/thumb/v6-m/nofp/crtend.o
LOAD /opt/homebrew/Cellar/arm-none-eabi-gcc/10.3-2021.07/gcc/bin/../lib/gcc/arm-none-eabi/10.3.1/thumb/v6-m/nofp/crtn.o
OUTPUT(blink_pio.elf elf32-littlearm)
LOAD linker stubs

.ARM.attributes
                0x0000000000000000       0x28
 .ARM.attributes
                0x0000000000000000       0x1e /opt/homebrew/Cellar/arm-none-eabi-gcc/10.3-2021.07/gcc/bin/../lib/gcc/arm-none-eabi/10.3.1/thumb/v6-m/nofp/crti.o
 .ARM.attributes
                0x000000000000001e       0x2c /opt/homebrew/Cellar/arm-none-eabi-gcc/10.3-2021.07/gcc/bin/../lib/gcc/arm-none-eabi/10.3.1/thumb/v6-m/nofp/crtbegin.o
 .ARM.attributes
                0x000000000000004a       0x2c CMakeFiles/blink_pio.dir/main.c.obj
 .ARM.attributes
                0x0000000000000076       0x2c CMakeFiles/blink_pio.dir/Users/andrew/Development/pico_dev/pico-sdk/src/rp2_common/hardware_pio/pio.c.obj
 .ARM.attributes
                0x00000000000000a2       0x2c CMakeFiles/blink_pio.dir/Users/andrew/Development/pico_dev/pico-sdk/src/rp2_common/hardware_claim/claim.c.obj
 .ARM.attributes
                0x00000000000000ce       0x2c CMakeFiles/blink_pio.dir/Users/andrew/Development/pico_dev/pico-sdk/src/rp2_common/pico_platform/platform.c.obj
 .ARM.attributes
                0x00000000000000fa       0x2c CMakeFiles/blink_pio.dir/Users/andrew/Development/pico_dev/pico-sdk/src/rp2_common/hardware_sync/sync.c.obj
 .ARM.attributes
                0x0000000000000126       0x2c CMakeFiles/blink_pio.dir/Users/andrew/Development/pico_dev/pico-sdk/src/rp2_common/hardware_gpio/gpio.c.obj
 .ARM.attributes
                0x0000000000000152       0x2c CMakeFiles/blink_pio.dir/Users/andrew/Development/pico_dev/pico-sdk/src/rp2_common/hardware_irq/irq.c.obj
 .ARM.attributes
                0x000000000000017e       0x22 CMakeFiles/blink_pio.dir/Users/andrew/Development/pico_dev/pico-sdk/src/rp2_common/hardware_irq/irq_handler_chain.S.obj
 .ARM.attributes
                0x00000000000001a0       0x2c CMakeFiles/blink_pio.dir/Users/andrew/Development/pico_dev/pico-sdk/src/common/pico_sync/lock_core.c.obj
 .ARM.attributes
                0x00000000000001cc       0x2c CMakeFiles/blink_pio.dir/Users/andrew/Development/pico_dev/pico-sdk/src/common/pico_time/time.c.obj
 .ARM.attributes
                0x00000000000001f8       0x2c CMakeFiles/blink_pio.dir/Users/andrew/Development/pico_dev/pico-sdk/src/rp2_common/hardware_timer/timer.c.obj
 .ARM.attributes
                0x0000000000000224       0x2c CMakeFiles/blink_pio.dir/Users/andrew/Development/pico_dev/pico-sdk/src/common/pico_util/pheap.c.obj
 .ARM.attributes
                0x0000000000000250       0x2c CMakeFiles/blink_pio.dir/Users/andrew/Development/pico_dev/pico-sdk/src/common/pico_sync/mutex.c.obj
 .ARM.attributes
                0x000000000000027c       0x2c CMakeFiles/blink_pio.dir/Users/andrew/Development/pico_dev/pico-sdk/src/rp2_common/pico_runtime/runtime.c.obj
 .ARM.attributes
                0x00000000000002a8       0x2c CMakeFiles/blink_pio.dir/Users/andrew/Development/pico_dev/pico-sdk/src/rp2_common/hardware_clocks/clocks.c.obj
 .ARM.attributes
                0x00000000000002d4       0x2c CMakeFiles/blink_pio.dir/Users/andrew/Development/pico_dev/pico-sdk/src/rp2_common/hardware_pll/pll.c.obj
 .ARM.attributes
                0x0000000000000300       0x2c CMakeFiles/blink_pio.dir/Users/andrew/Development/pico_dev/pico-sdk/src/rp2_common/hardware_watchdog/watchdog.c.obj
 .ARM.attributes
                0x000000000000032c       0x2c CMakeFiles/blink_pio.dir/Users/andrew/Development/pico_dev/pico-sdk/src/rp2_common/hardware_xosc/xosc.c.obj
 .ARM.attributes
                0x0000000000000358       0x2c CMakeFiles/blink_pio.dir/Users/andrew/Development/pico_dev/pico-sdk/src/rp2_common/pico_printf/printf.c.obj
 .ARM.attributes
                0x0000000000000384       0x22 CMakeFiles/blink_pio.dir/Users/andrew/Development/pico_dev/pico-sdk/src/rp2_common/pico_bit_ops/bit_ops_aeabi.S.obj
 .ARM.attributes
                0x00000000000003a6       0x2c CMakeFiles/blink_pio.dir/Users/andrew/Development/pico_dev/pico-sdk/src/rp2_common/pico_bootrom/bootrom.c.obj
 .ARM.attributes
                0x00000000000003d2       0x22 CMakeFiles/blink_pio.dir/Users/andrew/Development/pico_dev/pico-sdk/src/rp2_common/pico_divider/divider.S.obj
 .ARM.attributes
                0x00000000000003f4       0x22 CMakeFiles/blink_pio.dir/Users/andrew/Development/pico_dev/pico-sdk/src/rp2_common/pico_double/double_aeabi.S.obj
 .ARM.attributes
                0x0000000000000416       0x2c CMakeFiles/blink_pio.dir/Users/andrew/Development/pico_dev/pico-sdk/src/rp2_common/pico_double/double_init_rom.c.obj
 .ARM.attributes
                0x0000000000000442       0x22 CMakeFiles/blink_pio.dir/Users/andrew/Development/pico_dev/pico-sdk/src/rp2_common/pico_double/double_v1_rom_shim.S.obj
 .ARM.attributes
                0x0000000000000464       0x22 CMakeFiles/blink_pio.dir/Users/andrew/Development/pico_dev/pico-sdk/src/rp2_common/pico_int64_ops/pico_int64_ops_aeabi.S.obj
 .ARM.attributes
                0x0000000000000486       0x22 CMakeFiles/blink_pio.dir/Users/andrew/Development/pico_dev/pico-sdk/src/rp2_common/pico_float/float_aeabi.S.obj
 .ARM.attributes
                0x00000000000004a8       0x2c CMakeFiles/blink_pio.dir/Users/andrew/Development/pico_dev/pico-sdk/src/rp2_common/pico_float/float_init_rom.c.obj
 .ARM.attributes
                0x00000000000004d4       0x22 CMakeFiles/blink_pio.dir/Users/andrew/Development/pico_dev/pico-sdk/src/rp2_common/pico_float/float_v1_rom_shim.S.obj
 .ARM.attributes
                0x00000000000004f6       0x22 CMakeFiles/blink_pio.dir/Users/andrew/Development/pico_dev/pico-sdk/src/rp2_common/pico_mem_ops/mem_ops_aeabi.S.obj
 .ARM.attributes
                0x0000000000000518       0x22 CMakeFiles/blink_pio.dir/Users/andrew/Development/pico_dev/pico-sdk/src/rp2_common/pico_standard_link/crt0.S.obj
 .ARM.attributes
                0x000000000000053a       0x32 CMakeFiles/blink_pio.dir/Users/andrew/Development/pico_dev/pico-sdk/src/rp2_common/pico_standard_link/binary_info.c.obj
 .ARM.attributes
                0x000000000000056c       0x2c CMakeFiles/blink_pio.dir/Users/andrew/Development/pico_dev/pico-sdk/src/rp2_common/pico_stdio/stdio.c.obj
 .ARM.attributes
                0x0000000000000598       0x22 /var/folders/l_/_j3r_09x3sz1cytpfj1984v00000gn/T//ccT5MBnn.o
 .ARM.attributes
                0x00000000000005ba       0x1e /opt/homebrew/Cellar/arm-none-eabi-gcc/10.3-2021.07/gcc/bin/../lib/gcc/arm-none-eabi/10.3.1/thumb/v6-m/nofp/libgcc.a(_dvmd_tls.o)
 .ARM.attributes
                0x00000000000005d8       0x2c /opt/homebrew/Cellar/arm-none-eabi-gcc/10.3-2021.07/gcc/bin/../lib/gcc/arm-none-eabi/10.3.1/../../../../arm-none-eabi/lib/thumb/v6-m/nofp/libg.a(lib_a-strlen-stub.o)

.comment        0x0000000000000000       0x49
 .comment       0x0000000000000000       0x49 CMakeFiles/blink_pio.dir/main.c.obj
                                         0x4a (size before relaxing)
 .comment       0x0000000000000049       0x4a CMakeFiles/blink_pio.dir/Users/andrew/Development/pico_dev/pico-sdk/src/rp2_common/hardware_pio/pio.c.obj
 .comment       0x0000000000000049       0x4a CMakeFiles/blink_pio.dir/Users/andrew/Development/pico_dev/pico-sdk/src/rp2_common/hardware_claim/claim.c.obj
 .comment       0x0000000000000049       0x4a CMakeFiles/blink_pio.dir/Users/andrew/Development/pico_dev/pico-sdk/src/rp2_common/pico_platform/platform.c.obj
 .comment       0x0000000000000049       0x4a CMakeFiles/blink_pio.dir/Users/andrew/Development/pico_dev/pico-sdk/src/rp2_common/hardware_sync/sync.c.obj
 .comment       0x0000000000000049       0x4a CMakeFiles/blink_pio.dir/Users/andrew/Development/pico_dev/pico-sdk/src/rp2_common/hardware_gpio/gpio.c.obj
 .comment       0x0000000000000049       0x4a CMakeFiles/blink_pio.dir/Users/andrew/Development/pico_dev/pico-sdk/src/rp2_common/hardware_irq/irq.c.obj
 .comment       0x0000000000000049       0x4a CMakeFiles/blink_pio.dir/Users/andrew/Development/pico_dev/pico-sdk/src/common/pico_sync/lock_core.c.obj
 .comment       0x0000000000000049       0x4a CMakeFiles/blink_pio.dir/Users/andrew/Development/pico_dev/pico-sdk/src/common/pico_time/time.c.obj
 .comment       0x0000000000000049       0x4a CMakeFiles/blink_pio.dir/Users/andrew/Development/pico_dev/pico-sdk/src/rp2_common/hardware_timer/timer.c.obj
 .comment       0x0000000000000049       0x4a CMakeFiles/blink_pio.dir/Users/andrew/Development/pico_dev/pico-sdk/src/common/pico_util/pheap.c.obj
 .comment       0x0000000000000049       0x4a CMakeFiles/blink_pio.dir/Users/andrew/Development/pico_dev/pico-sdk/src/common/pico_sync/mutex.c.obj
 .comment       0x0000000000000049       0x4a CMakeFiles/blink_pio.dir/Users/andrew/Development/pico_dev/pico-sdk/src/rp2_common/pico_runtime/runtime.c.obj
 .comment       0x0000000000000049       0x4a CMakeFiles/blink_pio.dir/Users/andrew/Development/pico_dev/pico-sdk/src/rp2_common/hardware_clocks/clocks.c.obj
 .comment       0x0000000000000049       0x4a CMakeFiles/blink_pio.dir/Users/andrew/Development/pico_dev/pico-sdk/src/rp2_common/hardware_pll/pll.c.obj
 .comment       0x0000000000000049       0x4a CMakeFiles/blink_pio.dir/Users/andrew/Development/pico_dev/pico-sdk/src/rp2_common/hardware_watchdog/watchdog.c.obj
 .comment       0x0000000000000049       0x4a CMakeFiles/blink_pio.dir/Users/andrew/Development/pico_dev/pico-sdk/src/rp2_common/hardware_xosc/xosc.c.obj
 .comment       0x0000000000000049       0x4a CMakeFiles/blink_pio.dir/Users/andrew/Development/pico_dev/pico-sdk/src/rp2_common/pico_printf/printf.c.obj
 .comment       0x0000000000000049       0x4a CMakeFiles/blink_pio.dir/Users/andrew/Development/pico_dev/pico-sdk/src/rp2_common/pico_bootrom/bootrom.c.obj
 .comment       0x0000000000000049       0x4a CMakeFiles/blink_pio.dir/Users/andrew/Development/pico_dev/pico-sdk/src/rp2_common/pico_double/double_init_rom.c.obj
 .comment       0x0000000000000049       0x4a CMakeFiles/blink_pio.dir/Users/andrew/Development/pico_dev/pico-sdk/src/rp2_common/pico_float/float_init_rom.c.obj
 .comment       0x0000000000000049       0x4a CMakeFiles/blink_pio.dir/Users/andrew/Development/pico_dev/pico-sdk/src/rp2_common/pico_standard_link/binary_info.c.obj
 .comment       0x0000000000000049       0x4a CMakeFiles/blink_pio.dir/Users/andrew/Development/pico_dev/pico-sdk/src/rp2_common/pico_stdio/stdio.c.obj

.debug_info     0x0000000000000000    0x151ac
 .debug_info    0x0000000000000000      0xfe1 CMakeFiles/blink_pio.dir/main.c.obj
 .debug_info    0x0000000000000fe1     0x2093 CMakeFiles/blink_pio.dir/Users/andrew/Development/pico_dev/pico-sdk/src/rp2_common/hardware_pio/pio.c.obj
 .debug_info    0x0000000000003074      0x6bb CMakeFiles/blink_pio.dir/Users/andrew/Development/pico_dev/pico-sdk/src/rp2_common/hardware_claim/claim.c.obj
 .debug_info    0x000000000000372f      0x1e3 CMakeFiles/blink_pio.dir/Users/andrew/Development/pico_dev/pico-sdk/src/rp2_common/pico_platform/platform.c.obj
 .debug_info    0x0000000000003912      0x58e CMakeFiles/blink_pio.dir/Users/andrew/Development/pico_dev/pico-sdk/src/rp2_common/hardware_sync/sync.c.obj
 .debug_info    0x0000000000003ea0     0x16d7 CMakeFiles/blink_pio.dir/Users/andrew/Development/pico_dev/pico-sdk/src/rp2_common/hardware_gpio/gpio.c.obj
 .debug_info    0x0000000000005577     0x1c49 CMakeFiles/blink_pio.dir/Users/andrew/Development/pico_dev/pico-sdk/src/rp2_common/hardware_irq/irq.c.obj
 .debug_info    0x00000000000071c0      0x1a4 CMakeFiles/blink_pio.dir/Users/andrew/Development/pico_dev/pico-sdk/src/common/pico_sync/lock_core.c.obj
 .debug_info    0x0000000000007364     0x3b3b CMakeFiles/blink_pio.dir/Users/andrew/Development/pico_dev/pico-sdk/src/common/pico_time/time.c.obj
 .debug_info    0x000000000000ae9f     0x1134 CMakeFiles/blink_pio.dir/Users/andrew/Development/pico_dev/pico-sdk/src/rp2_common/hardware_timer/timer.c.obj
 .debug_info    0x000000000000bfd3     0x120c CMakeFiles/blink_pio.dir/Users/andrew/Development/pico_dev/pico-sdk/src/common/pico_util/pheap.c.obj
 .debug_info    0x000000000000d1df     0x2022 CMakeFiles/blink_pio.dir/Users/andrew/Development/pico_dev/pico-sdk/src/common/pico_sync/mutex.c.obj
 .debug_info    0x000000000000f201      0xa87 CMakeFiles/blink_pio.dir/Users/andrew/Development/pico_dev/pico-sdk/src/rp2_common/pico_runtime/runtime.c.obj
 .debug_info    0x000000000000fc88      0xf63 CMakeFiles/blink_pio.dir/Users/andrew/Development/pico_dev/pico-sdk/src/rp2_common/hardware_clocks/clocks.c.obj
 .debug_info    0x0000000000010beb      0x54a CMakeFiles/blink_pio.dir/Users/andrew/Development/pico_dev/pico-sdk/src/rp2_common/hardware_pll/pll.c.obj
 .debug_info    0x0000000000011135      0x4ee CMakeFiles/blink_pio.dir/Users/andrew/Development/pico_dev/pico-sdk/src/rp2_common/hardware_watchdog/watchdog.c.obj
 .debug_info    0x0000000000011623      0x1d8 CMakeFiles/blink_pio.dir/Users/andrew/Development/pico_dev/pico-sdk/src/rp2_common/hardware_xosc/xosc.c.obj
 .debug_info    0x00000000000117fb     0x1a5f CMakeFiles/blink_pio.dir/Users/andrew/Development/pico_dev/pico-sdk/src/rp2_common/pico_printf/printf.c.obj
 .debug_info    0x000000000001325a       0x22 CMakeFiles/blink_pio.dir/Users/andrew/Development/pico_dev/pico-sdk/src/rp2_common/pico_bit_ops/bit_ops_aeabi.S.obj
 .debug_info    0x000000000001327c      0x27c CMakeFiles/blink_pio.dir/Users/andrew/Development/pico_dev/pico-sdk/src/rp2_common/pico_bootrom/bootrom.c.obj
 .debug_info    0x00000000000134f8       0x22 CMakeFiles/blink_pio.dir/Users/andrew/Development/pico_dev/pico-sdk/src/rp2_common/pico_divider/divider.S.obj
 .debug_info    0x000000000001351a       0x22 CMakeFiles/blink_pio.dir/Users/andrew/Development/pico_dev/pico-sdk/src/rp2_common/pico_double/double_aeabi.S.obj
 .debug_info    0x000000000001353c      0x2d1 CMakeFiles/blink_pio.dir/Users/andrew/Development/pico_dev/pico-sdk/src/rp2_common/pico_double/double_init_rom.c.obj
 .debug_info    0x000000000001380d       0x22 CMakeFiles/blink_pio.dir/Users/andrew/Development/pico_dev/pico-sdk/src/rp2_common/pico_double/double_v1_rom_shim.S.obj
 .debug_info    0x000000000001382f       0x26 CMakeFiles/blink_pio.dir/Users/andrew/Development/pico_dev/pico-sdk/src/rp2_common/pico_int64_ops/pico_int64_ops_aeabi.S.obj
 .debug_info    0x0000000000013855       0x22 CMakeFiles/blink_pio.dir/Users/andrew/Development/pico_dev/pico-sdk/src/rp2_common/pico_float/float_aeabi.S.obj
 .debug_info    0x0000000000013877      0x2eb CMakeFiles/blink_pio.dir/Users/andrew/Development/pico_dev/pico-sdk/src/rp2_common/pico_float/float_init_rom.c.obj
 .debug_info    0x0000000000013b62       0x22 CMakeFiles/blink_pio.dir/Users/andrew/Development/pico_dev/pico-sdk/src/rp2_common/pico_float/float_v1_rom_shim.S.obj
 .debug_info    0x0000000000013b84       0x22 CMakeFiles/blink_pio.dir/Users/andrew/Development/pico_dev/pico-sdk/src/rp2_common/pico_mem_ops/mem_ops_aeabi.S.obj
 .debug_info    0x0000000000013ba6       0x22 CMakeFiles/blink_pio.dir/Users/andrew/Development/pico_dev/pico-sdk/src/rp2_common/pico_standard_link/crt0.S.obj
 .debug_info    0x0000000000013bc8      0x2f6 CMakeFiles/blink_pio.dir/Users/andrew/Development/pico_dev/pico-sdk/src/rp2_common/pico_standard_link/binary_info.c.obj
 .debug_info    0x0000000000013ebe     0x12ee CMakeFiles/blink_pio.dir/Users/andrew/Development/pico_dev/pico-sdk/src/rp2_common/pico_stdio/stdio.c.obj

.debug_abbrev   0x0000000000000000     0x3ffb
 .debug_abbrev  0x0000000000000000      0x3dc CMakeFiles/blink_pio.dir/main.c.obj
 .debug_abbrev  0x00000000000003dc      0x444 CMakeFiles/blink_pio.dir/Users/andrew/Development/pico_dev/pico-sdk/src/rp2_common/hardware_pio/pio.c.obj
 .debug_abbrev  0x0000000000000820      0x2e9 CMakeFiles/blink_pio.dir/Users/andrew/Development/pico_dev/pico-sdk/src/rp2_common/hardware_claim/claim.c.obj
 .debug_abbrev  0x0000000000000b09       0xeb CMakeFiles/blink_pio.dir/Users/andrew/Development/pico_dev/pico-sdk/src/rp2_common/pico_platform/platform.c.obj
 .debug_abbrev  0x0000000000000bf4      0x21b CMakeFiles/blink_pio.dir/Users/andrew/Development/pico_dev/pico-sdk/src/rp2_common/hardware_sync/sync.c.obj
 .debug_abbrev  0x0000000000000e0f      0x326 CMakeFiles/blink_pio.dir/Users/andrew/Development/pico_dev/pico-sdk/src/rp2_common/hardware_gpio/gpio.c.obj
 .debug_abbrev  0x0000000000001135      0x4fc CMakeFiles/blink_pio.dir/Users/andrew/Development/pico_dev/pico-sdk/src/rp2_common/hardware_irq/irq.c.obj
 .debug_abbrev  0x0000000000001631      0x116 CMakeFiles/blink_pio.dir/Users/andrew/Development/pico_dev/pico-sdk/src/common/pico_sync/lock_core.c.obj
 .debug_abbrev  0x0000000000001747      0x54d CMakeFiles/blink_pio.dir/Users/andrew/Development/pico_dev/pico-sdk/src/common/pico_time/time.c.obj
 .debug_abbrev  0x0000000000001c94      0x3a2 CMakeFiles/blink_pio.dir/Users/andrew/Development/pico_dev/pico-sdk/src/rp2_common/hardware_timer/timer.c.obj
 .debug_abbrev  0x0000000000002036      0x297 CMakeFiles/blink_pio.dir/Users/andrew/Development/pico_dev/pico-sdk/src/common/pico_util/pheap.c.obj
 .debug_abbrev  0x00000000000022cd      0x386 CMakeFiles/blink_pio.dir/Users/andrew/Development/pico_dev/pico-sdk/src/common/pico_sync/mutex.c.obj
 .debug_abbrev  0x0000000000002653      0x3aa CMakeFiles/blink_pio.dir/Users/andrew/Development/pico_dev/pico-sdk/src/rp2_common/pico_runtime/runtime.c.obj
 .debug_abbrev  0x00000000000029fd      0x3a5 CMakeFiles/blink_pio.dir/Users/andrew/Development/pico_dev/pico-sdk/src/rp2_common/hardware_clocks/clocks.c.obj
 .debug_abbrev  0x0000000000002da2      0x1ea CMakeFiles/blink_pio.dir/Users/andrew/Development/pico_dev/pico-sdk/src/rp2_common/hardware_pll/pll.c.obj
 .debug_abbrev  0x0000000000002f8c      0x1a8 CMakeFiles/blink_pio.dir/Users/andrew/Development/pico_dev/pico-sdk/src/rp2_common/hardware_watchdog/watchdog.c.obj
 .debug_abbrev  0x0000000000003134      0x109 CMakeFiles/blink_pio.dir/Users/andrew/Development/pico_dev/pico-sdk/src/rp2_common/hardware_xosc/xosc.c.obj
 .debug_abbrev  0x000000000000323d      0x384 CMakeFiles/blink_pio.dir/Users/andrew/Development/pico_dev/pico-sdk/src/rp2_common/pico_printf/printf.c.obj
 .debug_abbrev  0x00000000000035c1       0x12 CMakeFiles/blink_pio.dir/Users/andrew/Development/pico_dev/pico-sdk/src/rp2_common/pico_bit_ops/bit_ops_aeabi.S.obj
 .debug_abbrev  0x00000000000035d3      0x13b CMakeFiles/blink_pio.dir/Users/andrew/Development/pico_dev/pico-sdk/src/rp2_common/pico_bootrom/bootrom.c.obj
 .debug_abbrev  0x000000000000370e       0x12 CMakeFiles/blink_pio.dir/Users/andrew/Development/pico_dev/pico-sdk/src/rp2_common/pico_divider/divider.S.obj
 .debug_abbrev  0x0000000000003720       0x12 CMakeFiles/blink_pio.dir/Users/andrew/Development/pico_dev/pico-sdk/src/rp2_common/pico_double/double_aeabi.S.obj
 .debug_abbrev  0x0000000000003732      0x179 CMakeFiles/blink_pio.dir/Users/andrew/Development/pico_dev/pico-sdk/src/rp2_common/pico_double/double_init_rom.c.obj