Archive member included to satisfy reference by file (symbol)

/opt/homebrew/Cellar/arm-none-eabi-gcc/10.3-2021.07/gcc/bin/../lib/gcc/arm-none-eabi/10.3.1/thumb/v6-m/nofp/libgcc.a(_dvmd_tls.o)
                              CMakeFiles/blink.dir/Users/andrew/Development/pico_dev/pico-sdk/src/rp2_common/pico_divider/divider.S.obj (__aeabi_idiv0)
/opt/homebrew/Cellar/arm-none-eabi-gcc/10.3-2021.07/gcc/bin/../lib/gcc/arm-none-eabi/10.3.1/../../../../arm-none-eabi/lib/thumb/v6-m/nofp/libg.a(lib_a-calloc.o)
                              CMakeFiles/blink.dir/Users/andrew/Development/pico_dev/pico-sdk/src/rp2_common/pico_malloc/pico_malloc.c.obj (calloc)
/opt/homebrew/Cellar/arm-none-eabi-gcc/10.3-2021.07/gcc/bin/../lib/gcc/arm-none-eabi/10.3.1/../../../../arm-none-eabi/lib/thumb/v6-m/nofp/libg.a(lib_a-callocr.o)
                              /opt/homebrew/Cellar/arm-none-eabi-gcc/10.3-2021.07/gcc/bin/../lib/gcc/arm-none-eabi/10.3.1/../../../../arm-none-eabi/lib/thumb/v6-m/nofp/libg.a(lib_a-calloc.o) (_calloc_r)
/opt/homebrew/Cellar/arm-none-eabi-gcc/10.3-2021.07/gcc/bin/../lib/gcc/arm-none-eabi/10.3.1/../../../../arm-none-eabi/lib/thumb/v6-m/nofp/libg.a(lib_a-ctype_.o)
                              CMakeFiles/blink.dir/Users/andrew/Development/pico_dev/pico-sdk/lib/tinyusb/src/tusb.c.obj (_ctype_)
/opt/homebrew/Cellar/arm-none-eabi-gcc/10.3-2021.07/gcc/bin/../lib/gcc/arm-none-eabi/10.3.1/../../../../arm-none-eabi/lib/thumb/v6-m/nofp/libg.a(lib_a-errno.o)
                              /opt/homebrew/Cellar/arm-none-eabi-gcc/10.3-2021.07/gcc/bin/../lib/gcc/arm-none-eabi/10.3.1/../../../../arm-none-eabi/lib/thumb/v6-m/nofp/libg.a(lib_a-callocr.o) (__errno)
/opt/homebrew/Cellar/arm-none-eabi-gcc/10.3-2021.07/gcc/bin/../lib/gcc/arm-none-eabi/10.3.1/../../../../arm-none-eabi/lib/thumb/v6-m/nofp/libg.a(lib_a-impure.o)
                              /opt/homebrew/Cellar/arm-none-eabi-gcc/10.3-2021.07/gcc/bin/../lib/gcc/arm-none-eabi/10.3.1/../../../../arm-none-eabi/lib/thumb/v6-m/nofp/libg.a(lib_a-calloc.o) (_impure_ptr)
/opt/homebrew/Cellar/arm-none-eabi-gcc/10.3-2021.07/gcc/bin/../lib/gcc/arm-none-eabi/10.3.1/../../../../arm-none-eabi/lib/thumb/v6-m/nofp/libg.a(lib_a-init.o)
                              /opt/homebrew/Cellar/arm-none-eabi-gcc/10.3-2021.07/gcc/bin/../lib/gcc/arm-none-eabi/10.3.1/../../../../arm-none-eabi/lib/thumb/v6-m/nofp/crt0.o (__libc_init_array)
/opt/homebrew/Cellar/arm-none-eabi-gcc/10.3-2021.07/gcc/bin/../lib/gcc/arm-none-eabi/10.3.1/../../../../arm-none-eabi/lib/thumb/v6-m/nofp/libg.a(lib_a-malloc.o)
                              CMakeFiles/blink.dir/Users/andrew/Development/pico_dev/pico-sdk/src/rp2_common/pico_malloc/pico_malloc.c.obj (malloc)
/opt/homebrew/Cellar/arm-none-eabi-gcc/10.3-2021.07/gcc/bin/../lib/gcc/arm-none-eabi/10.3.1/../../../../arm-none-eabi/lib/thumb/v6-m/nofp/libg.a(lib_a-mallocr.o)
                              /opt/homebrew/Cellar/arm-none-eabi-gcc/10.3-2021.07/gcc/bin/../lib/gcc/arm-none-eabi/10.3.1/../../../../arm-none-eabi/lib/thumb/v6-m/nofp/libg.a(lib_a-callocr.o) (_malloc_r)
/opt/homebrew/Cellar/arm-none-eabi-gcc/10.3-2021.07/gcc/bin/../lib/gcc/arm-none-eabi/10.3.1/../../../../arm-none-eabi/lib/thumb/v6-m/nofp/libg.a(lib_a-mlock.o)
                              /opt/homebrew/Cellar/arm-none-eabi-gcc/10.3-2021.07/gcc/bin/../lib/gcc/arm-none-eabi/10.3.1/../../../../arm-none-eabi/lib/thumb/v6-m/nofp/libg.a(lib_a-mallocr.o) (__malloc_lock)
/opt/homebrew/Cellar/arm-none-eabi-gcc/10.3-2021.07/gcc/bin/../lib/gcc/arm-none-eabi/10.3.1/../../../../arm-none-eabi/lib/thumb/v6-m/nofp/libg.a(lib_a-realloc.o)
                              CMakeFiles/blink.dir/Users/andrew/Development/pico_dev/pico-sdk/src/rp2_common/pico_malloc/pico_malloc.c.obj (realloc)
/opt/homebrew/Cellar/arm-none-eabi-gcc/10.3-2021.07/gcc/bin/../lib/gcc/arm-none-eabi/10.3.1/../../../../arm-none-eabi/lib/thumb/v6-m/nofp/libg.a(lib_a-reallocr.o)
                              /opt/homebrew/Cellar/arm-none-eabi-gcc/10.3-2021.07/gcc/bin/../lib/gcc/arm-none-eabi/10.3.1/../../../../arm-none-eabi/lib/thumb/v6-m/nofp/libg.a(lib_a-realloc.o) (_realloc_r)
/opt/homebrew/Cellar/arm-none-eabi-gcc/10.3-2021.07/gcc/bin/../lib/gcc/arm-none-eabi/10.3.1/../../../../arm-none-eabi/lib/thumb/v6-m/nofp/libg.a(lib_a-sbrkr.o)
                              /opt/homebrew/Cellar/arm-none-eabi-gcc/10.3-2021.07/gcc/bin/../lib/gcc/arm-none-eabi/10.3.1/../../../../arm-none-eabi/lib/thumb/v6-m/nofp/libg.a(lib_a-mallocr.o) (_sbrk_r)
/opt/homebrew/Cellar/arm-none-eabi-gcc/10.3-2021.07/gcc/bin/../lib/gcc/arm-none-eabi/10.3.1/../../../../arm-none-eabi/lib/thumb/v6-m/nofp/libg.a(lib_a-strlen-stub.o)
                              CMakeFiles/blink.dir/Users/andrew/Development/pico_dev/pico-sdk/src/rp2_common/pico_stdio/stdio.c.obj (strlen)
/opt/homebrew/Cellar/arm-none-eabi-gcc/10.3-2021.07/gcc/bin/../lib/gcc/arm-none-eabi/10.3.1/../../../../arm-none-eabi/lib/thumb/v6-m/nofp/libg.a(lib_a-freer.o)
[...]
Memory Configuration

Name             Origin             Length             Attributes
FLASH            0x0000000010000000 0x0000000000200000 xr
RAM              0x0000000020000000 0x0000000000040000 xrw
SCRATCH_X        0x0000000020040000 0x0000000000001000 xrw
SCRATCH_Y        0x0000000020041000 0x0000000000001000 xrw
*default*        0x0000000000000000 0xffffffffffffffff

Linker script and memory map

LOAD /opt/homebrew/Cellar/arm-none-eabi-gcc/10.3-2021.07/gcc/bin/../lib/gcc/arm-none-eabi/10.3.1/thumb/v6-m/nofp/crti.o
LOAD /opt/homebrew/Cellar/arm-none-eabi-gcc/10.3-2021.07/gcc/bin/../lib/gcc/arm-none-eabi/10.3.1/thumb/v6-m/nofp/crtbegin.o
LOAD /opt/homebrew/Cellar/arm-none-eabi-gcc/10.3-2021.07/gcc/bin/../lib/gcc/arm-none-eabi/10.3.1/../../../../arm-none-eabi/lib/thumb/v6-m/nofp/crt0.o

.flash_begin    0x0000000010000000        0x0
                0x0000000010000000                __flash_binary_start = .

.boot2          0x0000000010000000      0x100
                0x0000000010000000                __boot2_start__ = .
 *(.boot2)
 .boot2         0x0000000010000000      0x100 /var/folders/l_/_j3r_09x3sz1cytpfj1984v00000gn/T//ccSCiu00.o
                0x0000000010000100                __boot2_end__ = .
                0x0000000000000001                ASSERT (((__boot2_end__ - __boot2_start__) == 0x100), ERROR: Pico second stage bootloader must be 256 bytes in size)

.text           0x0000000010000100     0x71f8
                0x0000000010000100                __logical_binary_start = .
 *(.vectors)
 .vectors       0x0000000010000100       0xd4 CMakeFiles/blink.dir/Users/andrew/Development/pico_dev/pico-sdk/src/rp2_common/pico_standard_link/crt0.S.obj
                0x0000000010000100                __VECTOR_TABLE
                0x0000000010000100                __vectors
                0x00000000100001c0                __default_isrs_start
                0x00000000100001c0                isr_invalid
                0x00000000100001c2                isr_nmi
                0x00000000100001c4                isr_hardfault
                0x00000000100001c6                isr_svcall
                0x00000000100001c8                isr_pendsv
                0x00000000100001ca                isr_systick
                0x00000000100001cc                isr_irq28
                0x00000000100001cc                isr_irq19
                0x00000000100001cc                isr_irq0
                0x00000000100001cc                isr_irq6
                0x00000000100001cc                isr_irq22
                0x00000000100001cc                isr_irq17
                0x00000000100001cc                isr_irq14
                0x00000000100001cc                isr_irq2
                0x00000000100001cc                isr_irq10
                0x00000000100001cc                isr_irq8
                0x00000000100001cc                isr_irq24
                0x00000000100001cc                isr_irq1
                0x00000000100001cc                isr_irq7
                0x00000000100001cc                isr_irq21
                0x00000000100001cc                isr_irq20
                0x00000000100001cc                isr_irq15
                0x00000000100001cc                isr_irq25
                0x00000000100001cc                isr_irq4
                0x00000000100001cc                isr_irq16
                0x00000000100001cc                isr_irq29
                0x00000000100001cc                isr_irq26
                0x00000000100001cc                __default_isrs_end
                0x00000000100001cc                isr_irq3
                0x00000000100001cc                isr_irq9
                0x00000000100001cc                __unhandled_user_irq
                0x00000000100001cc                isr_irq13
                0x00000000100001cc                isr_irq27
                0x00000000100001cc                isr_irq31
                0x00000000100001cc                isr_irq5
                0x00000000100001cc                isr_irq11
                0x00000000100001cc                isr_irq23
                0x00000000100001cc                isr_irq18
                0x00000000100001cc                isr_irq30
                0x00000000100001cc                isr_irq12
                0x00000000100001d2                unhandled_user_irq_num_in_r0
 *(.binary_info_header)
 .binary_info_header
                0x00000000100001d4       0x14 CMakeFiles/blink.dir/Users/andrew/Development/pico_dev/pico-sdk/src/rp2_common/pico_standard_link/crt0.S.obj
                0x00000000100001e8                __binary_info_header_end = .
 *(.reset)
 .reset         0x00000000100001e8       0xa8 CMakeFiles/blink.dir/Users/andrew/Development/pico_dev/pico-sdk/src/rp2_common/pico_standard_link/crt0.S.obj
                0x00000000100001e8                _entry_point
                0x0000000010000266                __get_current_exception
 .reset         0x0000000010000290       0x30 CMakeFiles/blink.dir/Users/andrew/Development/pico_dev/pico-sdk/src/rp2_common/pico_standard_link/binary_info.c.obj
 *(.init)
 .init          0x00000000100002c0        0x4 /opt/homebrew/Cellar/arm-none-eabi-gcc/10.3-2021.07/gcc/bin/../lib/gcc/arm-none-eabi/10.3.1/thumb/v6-m/nofp/crti.o
                0x00000000100002c0                _init
 *(EXCLUDE_FILE(*libm.a: *libc.a:*lib_a-mem*.o *libgcc.a:) .text*)
 .text          0x00000000100002c4       0x48 /opt/homebrew/Cellar/arm-none-eabi-gcc/10.3-2021.07/gcc/bin/../lib/gcc/arm-none-eabi/10.3.1/thumb/v6-m/nofp/crtbegin.o
 .text.main     0x000000001000030c       0x3c CMakeFiles/blink.dir/main.c.obj
                0x000000001000030c                main
 .text.gpio_set_function
                0x0000000010000348       0x30 CMakeFiles/blink.dir/Users/andrew/Development/pico_dev/pico-sdk/src/rp2_common/hardware_gpio/gpio.c.obj
                0x0000000010000348                gpio_set_function
 .text.gpio_init
                0x0000000010000378       0x16 CMakeFiles/blink.dir/Users/andrew/Development/pico_dev/pico-sdk/src/rp2_common/hardware_gpio/gpio.c.obj
                0x0000000010000378                gpio_init
 *fill*         0x000000001000038e        0x2 
 .text.hw_claim_lock
                0x0000000010000390       0x18 CMakeFiles/blink.dir/Users/andrew/Development/pico_dev/pico-sdk/src/rp2_common/hardware_claim/claim.c.obj
                0x0000000010000390                hw_claim_lock
 .text.hw_claim_unlock
                0x00000000100003a8       0x14 CMakeFiles/blink.dir/Users/andrew/Development/pico_dev/pico-sdk/src/rp2_common/hardware_claim/claim.c.obj
                0x00000000100003a8                hw_claim_unlock
 .text.hw_claim_or_assert
                0x00000000100003bc       0x32 CMakeFiles/blink.dir/Users/andrew/Development/pico_dev/pico-sdk/src/rp2_common/hardware_claim/claim.c.obj
                0x00000000100003bc                hw_claim_or_assert
 .text.hw_claim_unused_from_range
                0x00000000100003ee       0x50 CMakeFiles/blink.dir/Users/andrew/Development/pico_dev/pico-sdk/src/rp2_common/hardware_claim/claim.c.obj
                0x00000000100003ee                hw_claim_unused_from_range
 *fill*         0x000000001000043e        0x2 
 .text.running_on_fpga
                0x0000000010000440       0x14 CMakeFiles/blink.dir/Users/andrew/Development/pico_dev/pico-sdk/src/rp2_common/pico_platform/platform.c.obj
                0x0000000010000440                running_on_fpga
 .text.spin_locks_reset
                0x0000000010000454       0x20 CMakeFiles/blink.dir/Users/andrew/Development/pico_dev/pico-sdk/src/rp2_common/hardware_sync/sync.c.obj
                0x0000000010000454                spin_locks_reset
 .text.next_striped_spin_lock_num
                0x0000000010000474       0x1c CMakeFiles/blink.dir/Users/andrew/Development/pico_dev/pico-sdk/src/rp2_common/hardware_sync/sync.c.obj
                0x0000000010000474                next_striped_spin_lock_num
 .text.spin_lock_claim_unused
                0x0000000010000490       0x20 CMakeFiles/blink.dir/Users/andrew/Development/pico_dev/pico-sdk/src/rp2_common/hardware_sync/sync.c.obj
                0x0000000010000490                spin_lock_claim_unused
 .text.set_raw_irq_handler_and_unlock
                0x00000000100004b0       0x28 CMakeFiles/blink.dir/Users/andrew/Development/pico_dev/pico-sdk/src/rp2_common/hardware_irq/irq.c.obj
 .text.make_branch
                0x00000000100004d8       0x48 CMakeFiles/blink.dir/Users/andrew/Development/pico_dev/pico-sdk/src/rp2_common/hardware_irq/irq.c.obj
 .text.insert_branch_and_link
                0x0000000010000520       0x40 CMakeFiles/blink.dir/Users/andrew/Development/pico_dev/pico-sdk/src/rp2_common/hardware_irq/irq.c.obj
 .text.irq_is_enabled
                0x0000000010000560       0x18 CMakeFiles/blink.dir/Users/andrew/Development/pico_dev/pico-sdk/src/rp2_common/hardware_irq/irq.c.obj
                0x0000000010000560                irq_is_enabled
 .text.irq_set_mask_enabled
                0x0000000010000578       0x20 CMakeFiles/blink.dir/Users/andrew/Development/pico_dev/pico-sdk/src/rp2_common/hardware_irq/irq.c.obj
                0x0000000010000578                irq_set_mask_enabled
 .text.irq_set_enabled
                0x0000000010000598        0xe CMakeFiles/blink.dir/Users/andrew/Development/pico_dev/pico-sdk/src/rp2_common/hardware_irq/irq.c.obj
                0x0000000010000598                irq_set_enabled
 *fill*         0x00000000100005a6        0x2 
 .text.irq_set_pending
                0x00000000100005a8       0x10 CMakeFiles/blink.dir/Users/andrew/Development/pico_dev/pico-sdk/src/rp2_common/hardware_irq/irq.c.obj
                0x00000000100005a8                irq_set_pending
 .text.irq_get_vtable_handler
                0x00000000100005b8       0x10 CMakeFiles/blink.dir/Users/andrew/Development/pico_dev/pico-sdk/src/rp2_common/hardware_irq/irq.c.obj
                0x00000000100005b8                irq_get_vtable_handler
 .text.irq_has_shared_handler
                0x00000000100005c8       0x24 CMakeFiles/blink.dir/Users/andrew/Development/pico_dev/pico-sdk/src/rp2_common/hardware_irq/irq.c.obj
                0x00000000100005c8                irq_has_shared_handler
 .text.irq_set_exclusive_handler
                0x00000000100005ec       0x54 CMakeFiles/blink.dir/Users/andrew/Development/pico_dev/pico-sdk/src/rp2_common/hardware_irq/irq.c.obj
                0x00000000100005ec                irq_set_exclusive_handler
 .text.irq_add_shared_handler
                0x0000000010000640      0x230 CMakeFiles/blink.dir/Users/andrew/Development/pico_dev/pico-sdk/src/rp2_common/hardware_irq/irq.c.obj
                0x0000000010000640                irq_add_shared_handler
 .text.irq_remove_handler
                0x0000000010000870      0x1a8 CMakeFiles/blink.dir/Users/andrew/Development/pico_dev/pico-sdk/src/rp2_common/hardware_irq/irq.c.obj
                0x0000000010000870                irq_remove_handler
 .text.irq_add_tail_to_free_list
                0x0000000010000a18       0xf0 CMakeFiles/blink.dir/Users/andrew/Development/pico_dev/pico-sdk/src/rp2_common/hardware_irq/irq.c.obj
                0x0000000010000a18                irq_add_tail_to_free_list
 .text.irq_init_priorities
                0x0000000010000b08       0x1c CMakeFiles/blink.dir/Users/andrew/Development/pico_dev/pico-sdk/src/rp2_common/hardware_irq/irq.c.obj
                0x0000000010000b08                irq_init_priorities
 .text.user_irq_claim_unused
                0x0000000010000b24       0x30 CMakeFiles/blink.dir/Users/andrew/Development/pico_dev/pico-sdk/src/rp2_common/hardware_irq/irq.c.obj
                0x0000000010000b24                user_irq_claim_unused
 .text.lock_init
                0x0000000010000b54       0x10 CMakeFiles/blink.dir/Users/andrew/Development/pico_dev/pico-sdk/src/common/pico_sync/lock_core.c.obj
                0x0000000010000b54                lock_init
 .text.alarm_pool_post_alloc_init
                0x0000000010000b64       0x40 CMakeFiles/blink.dir/Users/andrew/Development/pico_dev/pico-sdk/src/common/pico_time/time.c.obj
 .text.sleep_until_callback
                0x0000000010000ba4       0x30 CMakeFiles/blink.dir/Users/andrew/Development/pico_dev/pico-sdk/src/common/pico_time/time.c.obj
 .text.timer_pool_entry_comparator
                0x0000000010000bd4       0x7c CMakeFiles/blink.dir/Users/andrew/Development/pico_dev/pico-sdk/src/common/pico_time/time.c.obj
                0x0000000010000bd4                timer_pool_entry_comparator
 .text.ph_add_child_node
                0x0000000010000c50       0xa4 CMakeFiles/blink.dir/Users/andrew/Development/pico_dev/pico-sdk/src/common/pico_time/time.c.obj
 .text.ph_merge_nodes
                0x0000000010000cf4       0x3e CMakeFiles/blink.dir/Users/andrew/Development/pico_dev/pico-sdk/src/common/pico_time/time.c.obj
 *fill*         0x0000000010000d32        0x2 
 .text.add_alarm_under_lock
                0x0000000010000d34      0x174 CMakeFiles/blink.dir/Users/andrew/Development/pico_dev/pico-sdk/src/common/pico_time/time.c.obj
 .text.alarm_pool_alarm_callback
                0x0000000010000ea8      0x328 CMakeFiles/blink.dir/Users/andrew/Development/pico_dev/pico-sdk/src/common/pico_time/time.c.obj
 .text.alarm_pool_init_default
                0x00000000100011d0       0x38 CMakeFiles/blink.dir/Users/andrew/Development/pico_dev/pico-sdk/src/common/pico_time/time.c.obj
                0x00000000100011d0                alarm_pool_init_default
 .text.alarm_pool_get_default
                0x0000000010001208       0x2c CMakeFiles/blink.dir/Users/andrew/Development/pico_dev/pico-sdk/src/common/pico_time/time.c.obj
                0x0000000010001208                alarm_pool_get_default
 .text.alarm_pool_add_alarm_at
                0x0000000010001234      0x170 CMakeFiles/blink.dir/Users/andrew/Development/pico_dev/pico-sdk/src/common/pico_time/time.c.obj
                0x0000000010001234                alarm_pool_add_alarm_at
 .text.alarm_pool_cancel_alarm
                0x00000000100013a4       0xf0 CMakeFiles/blink.dir/Users/andrew/Development/pico_dev/pico-sdk/src/common/pico_time/time.c.obj
                0x00000000100013a4                alarm_pool_cancel_alarm
 .text.sleep_until
                0x0000000010001494       0xfc CMakeFiles/blink.dir/Users/andrew/Development/pico_dev/pico-sdk/src/common/pico_time/time.c.obj
                0x0000000010001494                sleep_until
 .text.sleep_us
                0x0000000010001590       0x58 CMakeFiles/blink.dir/Users/andrew/Development/pico_dev/pico-sdk/src/common/pico_time/time.c.obj
                0x0000000010001590                sleep_us
 .text.sleep_ms
                0x00000000100015e8       0x14 CMakeFiles/blink.dir/Users/andrew/Development/pico_dev/pico-sdk/src/common/pico_time/time.c.obj
                0x00000000100015e8                sleep_ms
 .text.best_effort_wfe_or_timeout
                0x00000000100015fc       0x80 CMakeFiles/blink.dir/Users/andrew/Development/pico_dev/pico-sdk/src/common/pico_time/time.c.obj
                0x00000000100015fc                best_effort_wfe_or_timeout
 .text.hardware_alarm_irq_handler
                0x000000001000167c       0x8c CMakeFiles/blink.dir/Users/andrew/Development/pico_dev/pico-sdk/src/rp2_common/hardware_timer/timer.c.obj
 .text.hardware_alarm_claim
                0x0000000010001708       0x18 CMakeFiles/blink.dir/Users/andrew/Development/pico_dev/pico-sdk/src/rp2_common/hardware_timer/timer.c.obj
                0x0000000010001708                hardware_alarm_claim
 .text.time_us_64
                0x0000000010001720       0x18 CMakeFiles/blink.dir/Users/andrew/Development/pico_dev/pico-sdk/src/rp2_common/hardware_timer/timer.c.obj
                0x0000000010001720                time_us_64
 .text.busy_wait_until
                0x0000000010001738       0x28 CMakeFiles/blink.dir/Users/andrew/Development/pico_dev/pico-sdk/src/rp2_common/hardware_timer/timer.c.obj
                0x0000000010001738                busy_wait_until
 .text.hardware_alarm_set_callback
                0x0000000010001760       0x90 CMakeFiles/blink.dir/Users/andrew/Development/pico_dev/pico-sdk/src/rp2_common/hardware_timer/timer.c.obj
                0x0000000010001760                hardware_alarm_set_callback
 .text.hardware_alarm_set_target
                0x00000000100017f0       0xe8 CMakeFiles/blink.dir/Users/andrew/Development/pico_dev/pico-sdk/src/rp2_common/hardware_timer/timer.c.obj
                0x00000000100017f0                hardware_alarm_set_target
 .text.hardware_alarm_cancel
                0x00000000100018d8       0x40 CMakeFiles/blink.dir/Users/andrew/Development/pico_dev/pico-sdk/src/rp2_common/hardware_timer/timer.c.obj
                0x00000000100018d8                hardware_alarm_cancel
 .text.ph_add_child_node
                0x0000000010001918       0xa4 CMakeFiles/blink.dir/Users/andrew/Development/pico_dev/pico-sdk/src/common/pico_util/pheap.c.obj
 .text.ph_merge_nodes
                0x00000000100019bc       0x3e CMakeFiles/blink.dir/Users/andrew/Development/pico_dev/pico-sdk/src/common/pico_util/pheap.c.obj
 *fill*         0x00000000100019fa        0x2 
 .text.ph_clear
                0x00000000100019fc       0x70 CMakeFiles/blink.dir/Users/andrew/Development/pico_dev/pico-sdk/src/common/pico_util/pheap.c.obj
                0x00000000100019fc                ph_clear
 .text.ph_post_alloc_init
                0x0000000010001a6c        0xe CMakeFiles/blink.dir/Users/andrew/Development/pico_dev/pico-sdk/src/common/pico_util/pheap.c.obj
                0x0000000010001a6c                ph_post_alloc_init
 *fill*         0x0000000010001a7a        0x2 
 .text.ph_merge_two_pass
                0x0000000010001a7c       0xa8 CMakeFiles/blink.dir/Users/andrew/Development/pico_dev/pico-sdk/src/common/pico_util/pheap.c.obj
                0x0000000010001a7c                ph_merge_two_pass
 .text.ph_remove_any_head
                0x0000000010001b24      0x108 CMakeFiles/blink.dir/Users/andrew/Development/pico_dev/pico-sdk/src/common/pico_util/pheap.c.obj
 .text.ph_remove_head
                0x0000000010001c2c       0x14 CMakeFiles/blink.dir/Users/andrew/Development/pico_dev/pico-sdk/src/common/pico_util/pheap.c.obj
                0x0000000010001c2c                ph_remove_head
 .text.ph_remove_and_free_node
                0x0000000010001c40       0xf8 CMakeFiles/blink.dir/Users/andrew/Development/pico_dev/pico-sdk/src/common/pico_util/pheap.c.obj
                0x0000000010001c40                ph_remove_and_free_node
 .text.mutex_init
                0x0000000010001d38       0x1a CMakeFiles/blink.dir/Users/andrew/Development/pico_dev/pico-sdk/src/common/pico_sync/mutex.c.obj
                0x0000000010001d38                mutex_init
 .text.recursive_mutex_init
                0x0000000010001d52       0x1e CMakeFiles/blink.dir/Users/andrew/Development/pico_dev/pico-sdk/src/common/pico_sync/mutex.c.obj
                0x0000000010001d52                recursive_mutex_init
 .text.critical_section_init_with_lock_num
                0x0000000010001d70       0x14 CMakeFiles/blink.dir/Users/andrew/Development/pico_dev/pico-sdk/src/common/pico_sync/critical_section.c.obj
                0x0000000010001d70                critical_section_init_with_lock_num
 .text.critical_section_init
                0x0000000010001d84       0x14 CMakeFiles/blink.dir/Users/andrew/Development/pico_dev/pico-sdk/src/common/pico_sync/critical_section.c.obj
                0x0000000010001d84                critical_section_init
 .text._exit    0x0000000010001d98        0x4 CMakeFiles/blink.dir/Users/andrew/Development/pico_dev/pico-sdk/src/rp2_common/pico_runtime/runtime.c.obj
                0x0000000010001d98                _exit
 .text.exit     0x0000000010001d9c        0x6 CMakeFiles/blink.dir/Users/andrew/Development/pico_dev/pico-sdk/src/rp2_common/pico_runtime/runtime.c.obj
                0x0000000010001d9c                exit
 *fill*         0x0000000010001da2        0x2 
 .text.__assert_func
                0x0000000010001da4       0x3c CMakeFiles/blink.dir/Users/andrew/Development/pico_dev/pico-sdk/src/rp2_common/pico_runtime/runtime.c.obj
                0x0000000010001da4                __assert_func
 .text.runtime_init
                0x0000000010001de0       0xf8 CMakeFiles/blink.dir/Users/andrew/Development/pico_dev/pico-sdk/src/rp2_common/pico_runtime/runtime.c.obj
                0x0000000010001de0                runtime_init
 .text.panic    0x0000000010001ed8       0x30 CMakeFiles/blink.dir/Users/andrew/Development/pico_dev/pico-sdk/src/rp2_common/pico_runtime/runtime.c.obj
                0x0000000010001ed8                panic
 .text.clock_configure
                0x0000000010001f08      0x104 CMakeFiles/blink.dir/Users/andrew/Development/pico_dev/pico-sdk/src/rp2_common/hardware_clocks/clocks.c.obj
                0x0000000010001f08                clock_configure
 .text.clocks_init
                0x000000001000200c      0x100 CMakeFiles/blink.dir/Users/andrew/Development/pico_dev/pico-sdk/src/rp2_common/hardware_clocks/clocks.c.obj
                0x000000001000200c                clocks_init
 .text.pll_init
                0x000000001000210c      0x140 CMakeFiles/blink.dir/Users/andrew/Development/pico_dev/pico-sdk/src/rp2_common/hardware_pll/pll.c.obj
                0x000000001000210c                pll_init
 .text.watchdog_start_tick
                0x000000001000224c       0x10 CMakeFiles/blink.dir/Users/andrew/Development/pico_dev/pico-sdk/src/rp2_common/hardware_watchdog/watchdog.c.obj
                0x000000001000224c                watchdog_start_tick
 .text.watchdog_update
                0x000000001000225c       0x14 CMakeFiles/blink.dir/Users/andrew/Development/pico_dev/pico-sdk/src/rp2_common/hardware_watchdog/watchdog.c.obj
                0x000000001000225c                watchdog_update
 .text._watchdog_enable
                0x0000000010002270       0x78 CMakeFiles/blink.dir/Users/andrew/Development/pico_dev/pico-sdk/src/rp2_common/hardware_watchdog/watchdog.c.obj
                0x0000000010002270                _watchdog_enable
 .text.watchdog_reboot
                0x00000000100022e8       0x48 CMakeFiles/blink.dir/Users/andrew/Development/pico_dev/pico-sdk/src/rp2_common/hardware_watchdog/watchdog.c.obj
                0x00000000100022e8                watchdog_reboot
 .text.xosc_init
                0x0000000010002330       0x28 CMakeFiles/blink.dir/Users/andrew/Development/pico_dev/pico-sdk/src/rp2_common/hardware_xosc/xosc.c.obj
                0x0000000010002330                xosc_init
 .text._out_null
                0x0000000010002358        0x2 CMakeFiles/blink.dir/Users/andrew/Development/pico_dev/pico-sdk/src/rp2_common/pico_printf/printf.c.obj
 .text._out_fct
                0x000000001000235a        0xe CMakeFiles/blink.dir/Users/andrew/Development/pico_dev/pico-sdk/src/rp2_common/pico_printf/printf.c.obj
 .text._atoi    0x0000000010002368       0x24 CMakeFiles/blink.dir/Users/andrew/Development/pico_dev/pico-sdk/src/rp2_common/pico_printf/printf.c.obj
 .text._out_rev
                0x000000001000238c       0xae CMakeFiles/blink.dir/Users/andrew/Development/pico_dev/pico-sdk/src/rp2_common/pico_printf/printf.c.obj
 .text._ntoa_format
                0x000000001000243a      0x112 CMakeFiles/blink.dir/Users/andrew/Development/pico_dev/pico-sdk/src/rp2_common/pico_printf/printf.c.obj
 .text._ntoa_long
                0x000000001000254c       0xbc CMakeFiles/blink.dir/Users/andrew/Development/pico_dev/pico-sdk/src/rp2_common/pico_printf/printf.c.obj
 .text._ntoa_long_long
                0x0000000010002608       0xe2 CMakeFiles/blink.dir/Users/andrew/Development/pico_dev/pico-sdk/src/rp2_common/pico_printf/printf.c.obj
 *fill*         0x00000000100026ea        0x2 
 .text._etoa    0x00000000100026ec      0x414 CMakeFiles/blink.dir/Users/andrew/Development/pico_dev/pico-sdk/src/rp2_common/pico_printf/printf.c.obj
 .text._ftoa    0x0000000010002b00      0x354 CMakeFiles/blink.dir/Users/andrew/Development/pico_dev/pico-sdk/src/rp2_common/pico_printf/printf.c.obj
 .text._vsnprintf
                0x0000000010002e54      0x624 CMakeFiles/blink.dir/Users/andrew/Development/pico_dev/pico-sdk/src/rp2_common/pico_printf/printf.c.obj
 .text.vfctprintf
                0x0000000010003478       0x20 CMakeFiles/blink.dir/Users/andrew/Development/pico_dev/pico-sdk/src/rp2_common/pico_printf/printf.c.obj
                0x0000000010003478                vfctprintf
 .text          0x0000000010003498       0x10 CMakeFiles/blink.dir/Users/andrew/Development/pico_dev/pico-sdk/src/rp2_common/pico_bit_ops/bit_ops_aeabi.S.obj
 .text.rom_func_lookup
                0x00000000100034a8       0x10 CMakeFiles/blink.dir/Users/andrew/Development/pico_dev/pico-sdk/src/rp2_common/pico_bootrom/bootrom.c.obj
                0x00000000100034a8                rom_func_lookup
 .text.rom_data_lookup
                0x00000000100034b8       0x10 CMakeFiles/blink.dir/Users/andrew/Development/pico_dev/pico-sdk/src/rp2_common/pico_bootrom/bootrom.c.obj
                0x00000000100034b8                rom_data_lookup
 .text.rom_funcs_lookup
                0x00000000100034c8       0x36 CMakeFiles/blink.dir/Users/andrew/Development/pico_dev/pico-sdk/src/rp2_common/pico_bootrom/bootrom.c.obj
                0x00000000100034c8                rom_funcs_lookup
 *fill*         0x00000000100034fe        0x2 
 .text.__wrap___aeabi_idiv
                0x0000000010003500       0x50 CMakeFiles/blink.dir/Users/andrew/Development/pico_dev/pico-sdk/src/rp2_common/pico_divider/divider.S.obj
                0x0000000010003500                __wrap___aeabi_idivmod
                0x0000000010003500                divmod_s32s32
                0x0000000010003500                div_s32s32
                0x0000000010003500                __wrap___aeabi_idiv
                0x0000000010003508                divmod_s32s32_unsafe
                0x0000000010003534                divmod_s32s32_savestate
 .text.__wrap___aeabi_uidiv
                0x0000000010003550       0x4c CMakeFiles/blink.dir/Users/andrew/Development/pico_dev/pico-sdk/src/rp2_common/pico_divider/divider.S.obj
                0x0000000010003550                __wrap___aeabi_uidiv
                0x0000000010003550                __wrap___aeabi_uidivmod
                0x0000000010003550                div_u32u32
                0x0000000010003550                divmod_u32u32
                0x0000000010003558                divmod_u32u32_unsafe
                0x0000000010003580                divmod_u32u32_savestate
 .text.__wrap___aeabi_ldiv
                0x000000001000359c      0x434 CMakeFiles/blink.dir/Users/andrew/Development/pico_dev/pico-sdk/src/rp2_common/pico_divider/divider.S.obj
                0x000000001000359c                __wrap___aeabi_ldivmod
                0x000000001000359c                div_s64s64
                0x000000001000359c                divmod_s64s64
                0x00000000100035d4                divmod_u64u64
                0x00000000100035d4                div_u64u64
                0x00000000100035d4                __wrap___aeabi_uldivmod
                0x00000000100035e4                divmod_u64u64_savestate
                0x000000001000360c                divmod_s64s64_unsafe
                0x0000000010003694                divmod_u64u64_unsafe
 .text.__wrap___aeabi_darithmetic
                0x00000000100039d0       0x80 CMakeFiles/blink.dir/Users/andrew/Development/pico_dev/pico-sdk/src/rp2_common/pico_double/double_aeabi.S.obj
                0x00000000100039d0                __wrap___aeabi_drsub
                0x00000000100039d6                __wrap___aeabi_dsub
                0x00000000100039e8                __wrap___aeabi_dadd
                0x00000000100039fa                __wrap___aeabi_ddiv
                0x0000000010003a36                __wrap___aeabi_dmul
 .text.__wrap___aeabi_cdcmple
                0x0000000010003a50       0x6c CMakeFiles/blink.dir/Users/andrew/Development/pico_dev/pico-sdk/src/rp2_common/pico_double/double_aeabi.S.obj
                0x0000000010003a50                __wrap___aeabi_cdrcmple
                0x0000000010003a60                __wrap___aeabi_cdcmple
                0x0000000010003a60                __wrap___aeabi_cdcmpeq
 .text.__wrap___aeabi_dcmplt
                0x0000000010003abc        0xc CMakeFiles/blink.dir/Users/andrew/Development/pico_dev/pico-sdk/src/rp2_common/pico_double/double_aeabi.S.obj
                0x0000000010003abc                __wrap___aeabi_dcmplt
 .text.__wrap___aeabi_dcmple
                0x0000000010003ac8       0x10 CMakeFiles/blink.dir/Users/andrew/Development/pico_dev/pico-sdk/src/rp2_common/pico_double/double_aeabi.S.obj
                0x0000000010003ac8                __wrap___aeabi_dcmple
 .text.__wrap___aeabi_dcmpge
                0x0000000010003ad8       0x10 CMakeFiles/blink.dir/Users/andrew/Development/pico_dev/pico-sdk/src/rp2_common/pico_double/double_aeabi.S.obj
                0x0000000010003ad8                __wrap___aeabi_dcmpge
 .text.__wrap___aeabi_dcmpgt
                0x0000000010003ae8        0xa CMakeFiles/blink.dir/Users/andrew/Development/pico_dev/pico-sdk/src/rp2_common/pico_double/double_aeabi.S.obj
                0x0000000010003ae8                __wrap___aeabi_dcmpgt
 .text.__wrap___aeabi_dcmpun
                0x0000000010003af2       0x1c CMakeFiles/blink.dir/Users/andrew/Development/pico_dev/pico-sdk/src/rp2_common/pico_double/double_aeabi.S.obj
                0x0000000010003af2                __wrap___aeabi_dcmpun
 *fill*         0x0000000010003b0e        0x2 
 .text.__wrap___aeabi_i2d
                0x0000000010003b10       0x38 CMakeFiles/blink.dir/Users/andrew/Development/pico_dev/pico-sdk/src/rp2_common/pico_double/double_aeabi.S.obj
                0x0000000010003b10                __wrap___aeabi_ui2d
                0x0000000010003b18                __wrap___aeabi_i2d
 .text.__wrap___aeabi_d2iz
                0x0000000010003b48       0x48 CMakeFiles/blink.dir/Users/andrew/Development/pico_dev/pico-sdk/src/rp2_common/pico_double/double_aeabi.S.obj
                0x0000000010003b48                __wrap___aeabi_d2iz
                0x0000000010003b48                double2int_z
 .text.__wrap___aeabi_d2uiz
                0x0000000010003b90       0x18 CMakeFiles/blink.dir/Users/andrew/Development/pico_dev/pico-sdk/src/rp2_common/pico_double/double_aeabi.S.obj
                0x0000000010003b90                double2uint
                0x0000000010003b90                __wrap___aeabi_d2uiz
 .text.__aeabi_double_init
                0x0000000010003ba8       0xc8 CMakeFiles/blink.dir/Users/andrew/Development/pico_dev/pico-sdk/src/rp2_common/pico_double/double_init_rom.c.obj
                0x0000000010003ba8                __aeabi_double_init
 .text.double_table_shim_on_use_helper
                0x0000000010003c70       0x34 CMakeFiles/blink.dir/Users/andrew/Development/pico_dev/pico-sdk/src/rp2_common/pico_double/double_v1_rom_shim.S.obj
                0x0000000010003c70                double_table_shim_on_use_helper
 .text.__wrap___aeabi_dsub
                0x0000000010003ca4       0x10 CMakeFiles/blink.dir/Users/andrew/Development/pico_dev/pico-sdk/src/rp2_common/pico_double/double_v1_rom_shim.S.obj
                0x0000000010003ca4                drsub_shim
                0x0000000010003caa                dsub_shim
 .text.dadd_shim
                0x0000000010003cb4      0x15c CMakeFiles/blink.dir/Users/andrew/Development/pico_dev/pico-sdk/src/rp2_common/pico_double/double_v1_rom_shim.S.obj
                0x0000000010003cb4                dadd_shim
 .text.dmul_shim
                0x0000000010003e10      0x15c CMakeFiles/blink.dir/Users/andrew/Development/pico_dev/pico-sdk/src/rp2_common/pico_double/double_v1_rom_shim.S.obj
                0x0000000010003e10                dmul_shim
 .text.ddiv_shim
                0x0000000010003f6c      0x1b0 CMakeFiles/blink.dir/Users/andrew/Development/pico_dev/pico-sdk/src/rp2_common/pico_double/double_v1_rom_shim.S.obj
                0x0000000010003f6c                ddiv_shim
 .text.double2uint_shim
                0x000000001000411c        0xe CMakeFiles/blink.dir/Users/andrew/Development/pico_dev/pico-sdk/src/rp2_common/pico_double/double_v1_rom_shim.S.obj
                0x000000001000411c                double2uint_shim
                0x000000001000411e                double2ufix_shim
 *fill*         0x000000001000412a        0x2 
 .text.double2uint64_shim
                0x000000001000412c       0x70 CMakeFiles/blink.dir/Users/andrew/Development/pico_dev/pico-sdk/src/rp2_common/pico_double/double_v1_rom_shim.S.obj
                0x000000001000412c                double2uint64_shim
                0x000000001000412e                double2ufix64_shim
                0x000000001000414e                d2fix_a
 .text.dunpacks
                0x000000001000419c       0x3c CMakeFiles/blink.dir/Users/andrew/Development/pico_dev/pico-sdk/src/rp2_common/pico_double/double_v1_rom_shim.S.obj
                0x000000001000419c                dunpacks
 .text.__aeabi_lmul
                0x00000000100041d8       0x32 CMakeFiles/blink.dir/Users/andrew/Development/pico_dev/pico-sdk/src/rp2_common/pico_int64_ops/pico_int64_ops_aeabi.S.obj
                0x00000000100041d8                __wrap___aeabi_lmul
 *fill*         0x000000001000420a        0x2 
 .text.__aeabi_float_init
                0x000000001000420c       0xfc CMakeFiles/blink.dir/Users/andrew/Development/pico_dev/pico-sdk/src/rp2_common/pico_float/float_init_rom.c.obj
                0x000000001000420c                __aeabi_float_init
 .text.float_table_shim_on_use_helper
                0x0000000010004308       0x34 CMakeFiles/blink.dir/Users/andrew/Development/pico_dev/pico-sdk/src/rp2_common/pico_float/float_v1_rom_shim.S.obj
                0x0000000010004308                float_table_shim_on_use_helper
 .text          0x000000001000433c       0x10 CMakeFiles/blink.dir/Users/andrew/Development/pico_dev/pico-sdk/src/rp2_common/pico_mem_ops/mem_ops_aeabi.S.obj
                0x000000001000433c                __aeabi_mem_init
 .text.memset   0x000000001000434c        0xc CMakeFiles/blink.dir/Users/andrew/Development/pico_dev/pico-sdk/src/rp2_common/pico_mem_ops/mem_ops_aeabi.S.obj
                0x000000001000434c                __wrap_memset
 .text.memcpy   0x0000000010004358        0xc CMakeFiles/blink.dir/Users/andrew/Development/pico_dev/pico-sdk/src/rp2_common/pico_mem_ops/mem_ops_aeabi.S.obj
                0x0000000010004358                __wrap___aeabi_memcpy
                0x0000000010004358                __wrap_memcpy
 .text.stdio_out_chars_no_crlf
                0x0000000010004364        0xe CMakeFiles/blink.dir/Users/andrew/Development/pico_dev/pico-sdk/src/rp2_common/pico_stdio/stdio.c.obj
 *fill*         0x0000000010004372        0x2 
 .text.stdio_out_chars_crlf
                0x0000000010004374       0x80 CMakeFiles/blink.dir/Users/andrew/Development/pico_dev/pico-sdk/src/rp2_common/pico_stdio/stdio.c.obj
 .text.stdio_stack_buffer_flush
                0x00000000100043f4       0x44 CMakeFiles/blink.dir/Users/andrew/Development/pico_dev/pico-sdk/src/rp2_common/pico_stdio/stdio.c.obj
 .text.stdio_buffered_printer
                0x0000000010004438       0x20 CMakeFiles/blink.dir/Users/andrew/Development/pico_dev/pico-sdk/src/rp2_common/pico_stdio/stdio.c.obj
 .text.stdout_serialize_begin
                0x0000000010004458       0x30 CMakeFiles/blink.dir/Users/andrew/Development/pico_dev/pico-sdk/src/rp2_common/pico_stdio/stdio.c.obj
                0x0000000010004458                stdout_serialize_begin
 .text.stdout_serialize_end
                0x0000000010004488       0x10 CMakeFiles/blink.dir/Users/andrew/Development/pico_dev/pico-sdk/src/rp2_common/pico_stdio/stdio.c.obj
                0x0000000010004488                stdout_serialize_end
 .text.stdio_put_string
                0x0000000010004498       0x98 CMakeFiles/blink.dir/Users/andrew/Development/pico_dev/pico-sdk/src/rp2_common/pico_stdio/stdio.c.obj
 .text.stdio_set_driver_enabled
                0x0000000010004530       0x2c CMakeFiles/blink.dir/Users/andrew/Development/pico_dev/pico-sdk/src/rp2_common/pico_stdio/stdio.c.obj
                0x0000000010004530                stdio_set_driver_enabled
 .text.stdio_flush
                0x000000001000455c       0x20 CMakeFiles/blink.dir/Users/andrew/Development/pico_dev/pico-sdk/src/rp2_common/pico_stdio/stdio.c.obj
                0x000000001000455c                stdio_flush
 .text.__wrap_puts
                0x000000001000457c       0x1e CMakeFiles/blink.dir/Users/andrew/Development/pico_dev/pico-sdk/src/rp2_common/pico_stdio/stdio.c.obj
                0x000000001000457c                __wrap_puts
 *fill*         0x000000001000459a        0x2 
 .text.__wrap_vprintf
                0x000000001000459c       0x44 CMakeFiles/blink.dir/Users/andrew/Development/pico_dev/pico-sdk/src/rp2_common/pico_stdio/stdio.c.obj
                0x000000001000459c                __wrap_vprintf
 .text.__wrap_printf
                0x00000000100045e0       0x18 CMakeFiles/blink.dir/Users/andrew/Development/pico_dev/pico-sdk/src/rp2_common/pico_stdio/stdio.c.obj
                0x00000000100045e0                __wrap_printf
 .text.stdio_init_all
                0x00000000100045f8        0x8 CMakeFiles/blink.dir/Users/andrew/Development/pico_dev/pico-sdk/src/rp2_common/pico_stdio/stdio.c.obj
                0x00000000100045f8                stdio_init_all
 .text.resetd_init
                0x0000000010004600        0x2 CMakeFiles/blink.dir/Users/andrew/Development/pico_dev/pico-sdk/src/rp2_common/pico_stdio_usb/reset_interface.c.obj
 *fill*         0x0000000010004602        0x2 
 .text.resetd_reset
                0x0000000010004604        0xc CMakeFiles/blink.dir/Users/andrew/Development/pico_dev/pico-sdk/src/rp2_common/pico_stdio_usb/reset_interface.c.obj
 .text.resetd_open
                0x0000000010004610       0x34 CMakeFiles/blink.dir/Users/andrew/Development/pico_dev/pico-sdk/src/rp2_common/pico_stdio_usb/reset_interface.c.obj
 .text.resetd_xfer_cb
                0x0000000010004644        0x4 CMakeFiles/blink.dir/Users/andrew/Development/pico_dev/pico-sdk/src/rp2_common/pico_stdio_usb/reset_interface.c.obj
 .text.reset_usb_boot
                0x0000000010004648       0x18 CMakeFiles/blink.dir/Users/andrew/Development/pico_dev/pico-sdk/src/rp2_common/pico_stdio_usb/reset_interface.c.obj
 .text.resetd_control_xfer_cb
                0x0000000010004660       0x5c CMakeFiles/blink.dir/Users/andrew/Development/pico_dev/pico-sdk/src/rp2_common/pico_stdio_usb/reset_interface.c.obj
 .text.usbd_app_driver_get_cb
                0x00000000100046bc        0xc CMakeFiles/blink.dir/Users/andrew/Development/pico_dev/pico-sdk/src/rp2_common/pico_stdio_usb/reset_interface.c.obj
                0x00000000100046bc                usbd_app_driver_get_cb
 .text.tud_cdc_line_coding_cb
                0x00000000100046c8       0x28 CMakeFiles/blink.dir/Users/andrew/Development/pico_dev/pico-sdk/src/rp2_common/pico_stdio_usb/reset_interface.c.obj
                0x00000000100046c8                tud_cdc_line_coding_cb
 .text.stdio_usb_in_chars
                0x00000000100046f0       0x70 CMakeFiles/blink.dir/Users/andrew/Development/pico_dev/pico-sdk/src/rp2_common/pico_stdio_usb/stdio_usb.c.obj
                0x00000000100046f0                stdio_usb_in_chars
 .text.low_priority_worker_irq
                0x0000000010004760       0x20 CMakeFiles/blink.dir/Users/andrew/Development/pico_dev/pico-sdk/src/rp2_common/pico_stdio_usb/stdio_usb.c.obj
 .text.stdio_usb_out_chars
                0x0000000010004780       0xd4 CMakeFiles/blink.dir/Users/andrew/Development/pico_dev/pico-sdk/src/rp2_common/pico_stdio_usb/stdio_usb.c.obj
 .text.timer_task
                0x0000000010004854       0x40 CMakeFiles/blink.dir/Users/andrew/Development/pico_dev/pico-sdk/src/rp2_common/pico_stdio_usb/stdio_usb.c.obj
 .text.usb_irq  0x0000000010004894       0x10 CMakeFiles/blink.dir/Users/andrew/Development/pico_dev/pico-sdk/src/rp2_common/pico_stdio_usb/stdio_usb.c.obj
 .text.stdio_usb_init
                0x00000000100048a4       0xec CMakeFiles/blink.dir/Users/andrew/Development/pico_dev/pico-sdk/src/rp2_common/pico_stdio_usb/stdio_usb.c.obj
                0x00000000100048a4                stdio_usb_init
 .text.tud_descriptor_device_cb
                0x0000000010004990        0x8 CMakeFiles/blink.dir/Users/andrew/Development/pico_dev/pico-sdk/src/rp2_common/pico_stdio_usb/stdio_usb_descriptors.c.obj
                0x0000000010004990                tud_descriptor_device_cb
 .text.tud_descriptor_configuration_cb
                0x0000000010004998        0x8 CMakeFiles/blink.dir/Users/andrew/Development/pico_dev/pico-sdk/src/rp2_common/pico_stdio_usb/stdio_usb_descriptors.c.obj
                0x0000000010004998                tud_descriptor_configuration_cb
 .text.tud_descriptor_string_cb
                0x00000000100049a0       0x6c CMakeFiles/blink.dir/Users/andrew/Development/pico_dev/pico-sdk/src/rp2_common/pico_stdio_usb/stdio_usb_descriptors.c.obj
                0x00000000100049a0                tud_descriptor_string_cb
 .text.hw_endpoint_get_by_addr
                0x0000000010004a0c       0x18 CMakeFiles/blink.dir/Users/andrew/Development/pico_dev/pico-sdk/lib/tinyusb/src/portable/raspberrypi/rp2040/dcd_rp2040.c.obj
 .text.reset_ep0_pid
                0x0000000010004a24       0x28 CMakeFiles/blink.dir/Users/andrew/Development/pico_dev/pico-sdk/lib/tinyusb/src/portable/raspberrypi/rp2040/dcd_rp2040.c.obj
 .text._hw_endpoint_alloc
                0x0000000010004a4c       0x70 CMakeFiles/blink.dir/Users/andrew/Development/pico_dev/pico-sdk/lib/tinyusb/src/portable/raspberrypi/rp2040/dcd_rp2040.c.obj
 .text.hw_endpoint_init
                0x0000000010004abc       0x88 CMakeFiles/blink.dir/Users/andrew/Development/pico_dev/pico-sdk/lib/tinyusb/src/portable/raspberrypi/rp2040/dcd_rp2040.c.obj
 .text.reset_non_control_endpoints
                0x0000000010004b44       0x40 CMakeFiles/blink.dir/Users/andrew/Development/pico_dev/pico-sdk/lib/tinyusb/src/portable/raspberrypi/rp2040/dcd_rp2040.c.obj
 .text.hw_handle_buff_status
                0x0000000010004b84       0x8c CMakeFiles/blink.dir/Users/andrew/Development/pico_dev/pico-sdk/lib/tinyusb/src/portable/raspberrypi/rp2040/dcd_rp2040.c.obj
 .text.dcd_rp2040_irq
                0x0000000010004c10       0xc0 CMakeFiles/blink.dir/Users/andrew/Development/pico_dev/pico-sdk/lib/tinyusb/src/portable/raspberrypi/rp2040/dcd_rp2040.c.obj
 .text.hw_endpoint_xfer
                0x0000000010004cd0       0x14 CMakeFiles/blink.dir/Users/andrew/Development/pico_dev/pico-sdk/lib/tinyusb/src/portable/raspberrypi/rp2040/dcd_rp2040.c.obj
 .text.dcd_int_enable
                0x0000000010004ce4       0x2c CMakeFiles/blink.dir/Users/andrew/Development/pico_dev/pico-sdk/lib/tinyusb/src/portable/raspberrypi/rp2040/dcd_rp2040.c.obj
                0x0000000010004ce4                dcd_int_enable
 .text.dcd_set_address
                0x0000000010004d10       0x2c CMakeFiles/blink.dir/Users/andrew/Development/pico_dev/pico-sdk/lib/tinyusb/src/portable/raspberrypi/rp2040/dcd_rp2040.c.obj
                0x0000000010004d10                dcd_set_address
 .text.dcd_connect
                0x0000000010004d3c       0x10 CMakeFiles/blink.dir/Users/andrew/Development/pico_dev/pico-sdk/lib/tinyusb/src/portable/raspberrypi/rp2040/dcd_rp2040.c.obj
                0x0000000010004d3c                dcd_connect
 .text.dcd_init
                0x0000000010004d4c       0x7c CMakeFiles/blink.dir/Users/andrew/Development/pico_dev/pico-sdk/lib/tinyusb/src/portable/raspberrypi/rp2040/dcd_rp2040.c.obj
                0x0000000010004d4c                dcd_init
 .text.dcd_edpt0_status_complete
                0x0000000010004dc8       0x1c CMakeFiles/blink.dir/Users/andrew/Development/pico_dev/pico-sdk/lib/tinyusb/src/portable/raspberrypi/rp2040/dcd_rp2040.c.obj
                0x0000000010004dc8                dcd_edpt0_status_complete
 .text.dcd_edpt_open
                0x0000000010004de4       0x40 CMakeFiles/blink.dir/Users/andrew/Development/pico_dev/pico-sdk/lib/tinyusb/src/portable/raspberrypi/rp2040/dcd_rp2040.c.obj
                0x0000000010004de4                dcd_edpt_open
 .text.dcd_edpt_close_all
                0x0000000010004e24        0x8 CMakeFiles/blink.dir/Users/andrew/Development/pico_dev/pico-sdk/lib/tinyusb/src/portable/raspberrypi/rp2040/dcd_rp2040.c.obj
                0x0000000010004e24                dcd_edpt_close_all
 .text.dcd_edpt_xfer
                0x0000000010004e2c       0x30 CMakeFiles/blink.dir/Users/andrew/Development/pico_dev/pico-sdk/lib/tinyusb/src/portable/raspberrypi/rp2040/dcd_rp2040.c.obj
                0x0000000010004e2c                dcd_edpt_xfer
 .text.dcd_edpt_stall
                0x0000000010004e5c       0x2c CMakeFiles/blink.dir/Users/andrew/Development/pico_dev/pico-sdk/lib/tinyusb/src/portable/raspberrypi/rp2040/dcd_rp2040.c.obj
                0x0000000010004e5c                dcd_edpt_stall
 .text.dcd_edpt_clear_stall
                0x0000000010004e88       0x20 CMakeFiles/blink.dir/Users/andrew/Development/pico_dev/pico-sdk/lib/tinyusb/src/portable/raspberrypi/rp2040/dcd_rp2040.c.obj
                0x0000000010004e88                dcd_edpt_clear_stall
 .text.prepare_ep_buffer
                0x0000000010004ea8       0x70 CMakeFiles/blink.dir/Users/andrew/Development/pico_dev/pico-sdk/lib/tinyusb/src/portable/raspberrypi/rp2040/rp2040_usb.c.obj
 .text.sync_ep_buffer
                0x0000000010004f18       0x7c CMakeFiles/blink.dir/Users/andrew/Development/pico_dev/pico-sdk/lib/tinyusb/src/portable/raspberrypi/rp2040/rp2040_usb.c.obj
 .text._hw_endpoint_xfer_sync
                0x0000000010004f94       0x28 CMakeFiles/blink.dir/Users/andrew/Development/pico_dev/pico-sdk/lib/tinyusb/src/portable/raspberrypi/rp2040/rp2040_usb.c.obj
 .text.rp2040_usb_init
                0x0000000010004fbc       0x4c CMakeFiles/blink.dir/Users/andrew/Development/pico_dev/pico-sdk/lib/tinyusb/src/portable/raspberrypi/rp2040/rp2040_usb.c.obj
                0x0000000010004fbc                rp2040_usb_init
 .text.hw_endpoint_reset_transfer
                0x0000000010005008        0xc CMakeFiles/blink.dir/Users/andrew/Development/pico_dev/pico-sdk/lib/tinyusb/src/portable/raspberrypi/rp2040/rp2040_usb.c.obj
                0x0000000010005008                hw_endpoint_reset_transfer
 .text._hw_endpoint_buffer_control_update32
                0x0000000010005014       0x58 CMakeFiles/blink.dir/Users/andrew/Development/pico_dev/pico-sdk/lib/tinyusb/src/portable/raspberrypi/rp2040/rp2040_usb.c.obj
                0x0000000010005014                _hw_endpoint_buffer_control_update32
 .text._hw_endpoint_start_next_buffer
                0x000000001000506c       0x74 CMakeFiles/blink.dir/Users/andrew/Development/pico_dev/pico-sdk/lib/tinyusb/src/portable/raspberrypi/rp2040/rp2040_usb.c.obj
 .text.hw_endpoint_xfer_start
                0x00000000100050e0       0x48 CMakeFiles/blink.dir/Users/andrew/Development/pico_dev/pico-sdk/lib/tinyusb/src/portable/raspberrypi/rp2040/rp2040_usb.c.obj
                0x00000000100050e0                hw_endpoint_xfer_start
 .text.hw_endpoint_xfer_continue
                0x0000000010005128       0x38 CMakeFiles/blink.dir/Users/andrew/Development/pico_dev/pico-sdk/lib/tinyusb/src/portable/raspberrypi/rp2040/rp2040_usb.c.obj
                0x0000000010005128                hw_endpoint_xfer_continue
 .text.configuration_reset
                0x0000000010005160       0x84 CMakeFiles/blink.dir/Users/andrew/Development/pico_dev/pico-sdk/lib/tinyusb/src/device/usbd.c.obj
 .text.usbd_reset
                0x00000000100051e4        0xc CMakeFiles/blink.dir/Users/andrew/Development/pico_dev/pico-sdk/lib/tinyusb/src/device/usbd.c.obj
 .text.invoke_class_control
                0x00000000100051f0       0x1a CMakeFiles/blink.dir/Users/andrew/Development/pico_dev/pico-sdk/lib/tinyusb/src/device/usbd.c.obj
 *fill*         0x000000001000520a        0x2 
 .text.process_set_config
                0x000000001000520c      0x1b0 CMakeFiles/blink.dir/Users/andrew/Development/pico_dev/pico-sdk/lib/tinyusb/src/device/usbd.c.obj
 .text.process_get_descriptor
                0x00000000100053bc       0xec CMakeFiles/blink.dir/Users/andrew/Development/pico_dev/pico-sdk/lib/tinyusb/src/device/usbd.c.obj
 .text.tud_mounted
                0x00000000100054a8       0x10 CMakeFiles/blink.dir/Users/andrew/Development/pico_dev/pico-sdk/lib/tinyusb/src/device/usbd.c.obj
                0x00000000100054a8                tud_mounted
 .text.tud_suspended
                0x00000000100054b8       0x10 CMakeFiles/blink.dir/Users/andrew/Development/pico_dev/pico-sdk/lib/tinyusb/src/device/usbd.c.obj
                0x00000000100054b8                tud_suspended
 .text.tud_inited
                0x00000000100054c8        0xc CMakeFiles/blink.dir/Users/andrew/Development/pico_dev/pico-sdk/lib/tinyusb/src/device/usbd.c.obj
                0x00000000100054c8                tud_inited
 .text.tud_init
                0x00000000100054d4       0xcc CMakeFiles/blink.dir/Users/andrew/Development/pico_dev/pico-sdk/lib/tinyusb/src/device/usbd.c.obj
                0x00000000100054d4                tud_init
 .text.dcd_event_handler
                0x00000000100055a0      0x1e0 CMakeFiles/blink.dir/Users/andrew/Development/pico_dev/pico-sdk/lib/tinyusb/src/device/usbd.c.obj
                0x00000000100055a0                dcd_event_handler
 .text.dcd_event_bus_signal
                0x0000000010005780       0x26 CMakeFiles/blink.dir/Users/andrew/Development/pico_dev/pico-sdk/lib/tinyusb/src/device/usbd.c.obj
                0x0000000010005780                dcd_event_bus_signal
 .text.dcd_event_bus_reset
                0x00000000100057a6       0x2a CMakeFiles/blink.dir/Users/andrew/Development/pico_dev/pico-sdk/lib/tinyusb/src/device/usbd.c.obj
                0x00000000100057a6                dcd_event_bus_reset
 .text.dcd_event_setup_received
                0x00000000100057d0       0x34 CMakeFiles/blink.dir/Users/andrew/Development/pico_dev/pico-sdk/lib/tinyusb/src/device/usbd.c.obj
                0x00000000100057d0                dcd_event_setup_received
 .text.dcd_event_xfer_complete
                0x0000000010005804       0x44 CMakeFiles/blink.dir/Users/andrew/Development/pico_dev/pico-sdk/lib/tinyusb/src/device/usbd.c.obj
                0x0000000010005804                dcd_event_xfer_complete
 .text.usbd_edpt_open
                0x0000000010005848       0x58 CMakeFiles/blink.dir/Users/andrew/Development/pico_dev/pico-sdk/lib/tinyusb/src/device/usbd.c.obj
                0x0000000010005848                usbd_edpt_open
 .text.usbd_open_edpt_pair
                0x00000000100058a0       0x8c CMakeFiles/blink.dir/Users/andrew/Development/pico_dev/pico-sdk/lib/tinyusb/src/device/usbd.c.obj
                0x00000000100058a0                usbd_open_edpt_pair
 .text.usbd_edpt_claim
                0x000000001000592c       0x8c CMakeFiles/blink.dir/Users/andrew/Development/pico_dev/pico-sdk/lib/tinyusb/src/device/usbd.c.obj
                0x000000001000592c                usbd_edpt_claim
 .text.usbd_edpt_release
                0x00000000100059b8       0x68 CMakeFiles/blink.dir/Users/andrew/Development/pico_dev/pico-sdk/lib/tinyusb/src/device/usbd.c.obj
                0x00000000100059b8                usbd_edpt_release
 .text.usbd_edpt_xfer
                0x0000000010005a20       0x80 CMakeFiles/blink.dir/Users/andrew/Development/pico_dev/pico-sdk/lib/tinyusb/src/device/usbd.c.obj
                0x0000000010005a20                usbd_edpt_xfer
 .text.usbd_edpt_stall
                0x0000000010005aa0       0x40 CMakeFiles/blink.dir/Users/andrew/Development/pico_dev/pico-sdk/lib/tinyusb/src/device/usbd.c.obj
                0x0000000010005aa0                usbd_edpt_stall
 .text.usbd_edpt_clear_stall
                0x0000000010005ae0       0x40 CMakeFiles/blink.dir/Users/andrew/Development/pico_dev/pico-sdk/lib/tinyusb/src/device/usbd.c.obj
                0x0000000010005ae0                usbd_edpt_clear_stall
 .text.usbd_edpt_stalled
                0x0000000010005b20       0x1c CMakeFiles/blink.dir/Users/andrew/Development/pico_dev/pico-sdk/lib/tinyusb/src/device/usbd.c.obj
                0x0000000010005b20                usbd_edpt_stalled
 .text.process_control_request
                0x0000000010005b3c      0x3b8 CMakeFiles/blink.dir/Users/andrew/Development/pico_dev/pico-sdk/lib/tinyusb/src/device/usbd.c.obj
 .text.tud_task
                0x0000000010005ef4      0x218 CMakeFiles/blink.dir/Users/andrew/Development/pico_dev/pico-sdk/lib/tinyusb/src/device/usbd.c.obj
                0x0000000010005ef4                tud_task
 .text._data_stage_xact
                0x000000001000610c       0x58 CMakeFiles/blink.dir/Users/andrew/Development/pico_dev/pico-sdk/lib/tinyusb/src/device/usbd_control.c.obj
 .text.tud_control_status
                0x0000000010006164       0x38 CMakeFiles/blink.dir/Users/andrew/Development/pico_dev/pico-sdk/lib/tinyusb/src/device/usbd_control.c.obj
                0x0000000010006164                tud_control_status
 .text.tud_control_xfer
                0x000000001000619c       0xa8 CMakeFiles/blink.dir/Users/andrew/Development/pico_dev/pico-sdk/lib/tinyusb/src/device/usbd_control.c.obj
                0x000000001000619c                tud_control_xfer
 .text.usbd_control_reset
                0x0000000010006244       0x14 CMakeFiles/blink.dir/Users/andrew/Development/pico_dev/pico-sdk/lib/tinyusb/src/device/usbd_control.c.obj
                0x0000000010006244                usbd_control_reset
 .text.usbd_control_set_complete_callback
                0x0000000010006258        0xc CMakeFiles/blink.dir/Users/andrew/Development/pico_dev/pico-sdk/lib/tinyusb/src/device/usbd_control.c.obj
                0x0000000010006258                usbd_control_set_complete_callback
 .text.usbd_control_set_request
                0x0000000010006264       0x1c CMakeFiles/blink.dir/Users/andrew/Development/pico_dev/pico-sdk/lib/tinyusb/src/device/usbd_control.c.obj
                0x0000000010006264                usbd_control_set_request
 .text.usbd_control_xfer_cb
                0x0000000010006280       0xfc CMakeFiles/blink.dir/Users/andrew/Development/pico_dev/pico-sdk/lib/tinyusb/src/device/usbd_control.c.obj
                0x0000000010006280                usbd_control_xfer_cb
 .text._prep_out_transaction
                0x000000001000637c       0x46 CMakeFiles/blink.dir/Users/andrew/Development/pico_dev/pico-sdk/lib/tinyusb/src/class/cdc/cdc_device.c.obj
 *fill*         0x00000000100063c2        0x2 
 .text.tud_cdc_n_connected
                0x00000000100063c4       0x44 CMakeFiles/blink.dir/Users/andrew/Development/pico_dev/pico-sdk/lib/tinyusb/src/class/cdc/cdc_device.c.obj
                0x00000000100063c4                tud_cdc_n_connected
 .text.tud_cdc_n_available
                0x0000000010006408       0x18 CMakeFiles/blink.dir/Users/andrew/Development/pico_dev/pico-sdk/lib/tinyusb/src/class/cdc/cdc_device.c.obj
                0x0000000010006408                tud_cdc_n_available
 .text.tud_cdc_n_read
                0x0000000010006420       0x28 CMakeFiles/blink.dir/Users/andrew/Development/pico_dev/pico-sdk/lib/tinyusb/src/class/cdc/cdc_device.c.obj
                0x0000000010006420                tud_cdc_n_read
 .text.tud_cdc_n_write_flush
                0x0000000010006448       0xcc CMakeFiles/blink.dir/Users/andrew/Development/pico_dev/pico-sdk/lib/tinyusb/src/class/cdc/cdc_device.c.obj
                0x0000000010006448                tud_cdc_n_write_flush
 .text.tud_cdc_n_write
                0x0000000010006514       0x38 CMakeFiles/blink.dir/Users/andrew/Development/pico_dev/pico-sdk/lib/tinyusb/src/class/cdc/cdc_device.c.obj
                0x0000000010006514                tud_cdc_n_write
 .text.tud_cdc_n_write_available
                0x000000001000654c       0x1c CMakeFiles/blink.dir/Users/andrew/Development/pico_dev/pico-sdk/lib/tinyusb/src/class/cdc/cdc_device.c.obj
                0x000000001000654c                tud_cdc_n_write_available
 .text.cdcd_init
                0x0000000010006568       0xbc CMakeFiles/blink.dir/Users/andrew/Development/pico_dev/pico-sdk/lib/tinyusb/src/class/cdc/cdc_device.c.obj
                0x0000000010006568                cdcd_init
 .text.cdcd_reset
                0x0000000010006624       0x44 CMakeFiles/blink.dir/Users/andrew/Development/pico_dev/pico-sdk/lib/tinyusb/src/class/cdc/cdc_device.c.obj
                0x0000000010006624                cdcd_reset
 .text.cdcd_open
                0x0000000010006668       0xf8 CMakeFiles/blink.dir/Users/andrew/Development/pico_dev/pico-sdk/lib/tinyusb/src/class/cdc/cdc_device.c.obj
                0x0000000010006668                cdcd_open
 .text.cdcd_control_xfer_cb
                0x0000000010006760      0x134 CMakeFiles/blink.dir/Users/andrew/Development/pico_dev/pico-sdk/lib/tinyusb/src/class/cdc/cdc_device.c.obj
                0x0000000010006760                cdcd_control_xfer_cb
 .text.cdcd_xfer_cb
                0x0000000010006894      0x144 CMakeFiles/blink.dir/Users/andrew/Development/pico_dev/pico-sdk/lib/tinyusb/src/class/cdc/cdc_device.c.obj
                0x0000000010006894                cdcd_xfer_cb
 .text.tusb_init
                0x00000000100069d8       0x24 CMakeFiles/blink.dir/Users/andrew/Development/pico_dev/pico-sdk/lib/tinyusb/src/tusb.c.obj
                0x00000000100069d8                tusb_init
 .text.tusb_inited
                0x00000000100069fc        0xe CMakeFiles/blink.dir/Users/andrew/Development/pico_dev/pico-sdk/lib/tinyusb/src/tusb.c.obj
                0x00000000100069fc                tusb_inited
 *fill*         0x0000000010006a0a        0x2 
 .text.tu_edpt_validate
                0x0000000010006a0c       0xa8 CMakeFiles/blink.dir/Users/andrew/Development/pico_dev/pico-sdk/lib/tinyusb/src/tusb.c.obj
                0x0000000010006a0c                tu_edpt_validate
 .text.tu_edpt_bind_driver
                0x0000000010006ab4       0x2a CMakeFiles/blink.dir/Users/andrew/Development/pico_dev/pico-sdk/lib/tinyusb/src/tusb.c.obj
                0x0000000010006ab4                tu_edpt_bind_driver
 .text.advance_pointer
                0x0000000010006ade       0x18 CMakeFiles/blink.dir/Users/andrew/Development/pico_dev/pico-sdk/lib/tinyusb/src/common/tusb_fifo.c.obj
 .text.backward_pointer
                0x0000000010006af6       0x1e CMakeFiles/blink.dir/Users/andrew/Development/pico_dev/pico-sdk/lib/tinyusb/src/common/tusb_fifo.c.obj
 .text.get_relative_pointer
                0x0000000010006b14       0x10 CMakeFiles/blink.dir/Users/andrew/Development/pico_dev/pico-sdk/lib/tinyusb/src/common/tusb_fifo.c.obj
 .text._tu_fifo_peek
                0x0000000010006b24       0x50 CMakeFiles/blink.dir/Users/andrew/Development/pico_dev/pico-sdk/lib/tinyusb/src/common/tusb_fifo.c.obj
 .text._ff_pull_const_addr
                0x0000000010006b74       0x4c CMakeFiles/blink.dir/Users/andrew/Development/pico_dev/pico-sdk/lib/tinyusb/src/common/tusb_fifo.c.obj
 .text._ff_pull_n
                0x0000000010006bc0      0x10c CMakeFiles/blink.dir/Users/andrew/Development/pico_dev/pico-sdk/lib/tinyusb/src/common/tusb_fifo.c.obj
 .text._tu_fifo_peek_n
                0x0000000010006ccc       0x5e CMakeFiles/blink.dir/Users/andrew/Development/pico_dev/pico-sdk/lib/tinyusb/src/common/tusb_fifo.c.obj
 .text._tu_fifo_read_n
                0x0000000010006d2a       0x4e CMakeFiles/blink.dir/Users/andrew/Development/pico_dev/pico-sdk/lib/tinyusb/src/common/tusb_fifo.c.obj
 .text._ff_push_const_addr
                0x0000000010006d78       0x40 CMakeFiles/blink.dir/Users/andrew/Development/pico_dev/pico-sdk/lib/tinyusb/src/common/tusb_fifo.c.obj
 .text._ff_push_n
                0x0000000010006db8      0x108 CMakeFiles/blink.dir/Users/andrew/Development/pico_dev/pico-sdk/lib/tinyusb/src/common/tusb_fifo.c.obj
 .text._tu_fifo_write_n
                0x0000000010006ec0       0x9e CMakeFiles/blink.dir/Users/andrew/Development/pico_dev/pico-sdk/lib/tinyusb/src/common/tusb_fifo.c.obj
 .text.tu_fifo_config
                0x0000000010006f5e       0x72 CMakeFiles/blink.dir/Users/andrew/Development/pico_dev/pico-sdk/lib/tinyusb/src/common/tusb_fifo.c.obj
                0x0000000010006f5e                tu_fifo_config
 .text.tu_fifo_count
                0x0000000010006fd0       0x26 CMakeFiles/blink.dir/Users/andrew/Development/pico_dev/pico-sdk/lib/tinyusb/src/common/tusb_fifo.c.obj
                0x0000000010006fd0                tu_fifo_count
 .text.tu_fifo_empty
                0x0000000010006ff6       0x10 CMakeFiles/blink.dir/Users/andrew/Development/pico_dev/pico-sdk/lib/tinyusb/src/common/tusb_fifo.c.obj
                0x0000000010006ff6                tu_fifo_empty
 .text.tu_fifo_remaining
                0x0000000010007006       0x20 CMakeFiles/blink.dir/Users/andrew/Development/pico_dev/pico-sdk/lib/tinyusb/src/common/tusb_fifo.c.obj
                0x0000000010007006                tu_fifo_remaining
 .text.tu_fifo_read
                0x0000000010007026       0x42 CMakeFiles/blink.dir/Users/andrew/Development/pico_dev/pico-sdk/lib/tinyusb/src/common/tusb_fifo.c.obj
                0x0000000010007026                tu_fifo_read
 .text.tu_fifo_read_n
                0x0000000010007068        0xa CMakeFiles/blink.dir/Users/andrew/Development/pico_dev/pico-sdk/lib/tinyusb/src/common/tusb_fifo.c.obj
                0x0000000010007068                tu_fifo_read_n
 .text.tu_fifo_write
                0x0000000010007072       0x6c CMakeFiles/blink.dir/Users/andrew/Development/pico_dev/pico-sdk/lib/tinyusb/src/common/tusb_fifo.c.obj
                0x0000000010007072                tu_fifo_write
 .text.tu_fifo_write_n
                0x00000000100070de        0xa CMakeFiles/blink.dir/Users/andrew/Development/pico_dev/pico-sdk/lib/tinyusb/src/common/tusb_fifo.c.obj
                0x00000000100070de                tu_fifo_write_n
 .text.tu_fifo_clear
                0x00000000100070e8       0x4c CMakeFiles/blink.dir/Users/andrew/Development/pico_dev/pico-sdk/lib/tinyusb/src/common/tusb_fifo.c.obj
                0x00000000100070e8                tu_fifo_clear
 .text.tu_fifo_set_overwritable
                0x0000000010007134       0x3c CMakeFiles/blink.dir/Users/andrew/Development/pico_dev/pico-sdk/lib/tinyusb/src/common/tusb_fifo.c.obj
                0x0000000010007134                tu_fifo_set_overwritable
 .text._retrieve_unique_id_on_boot
                0x0000000010007170       0x10 CMakeFiles/blink.dir/Users/andrew/Development/pico_dev/pico-sdk/src/rp2_common/pico_unique_id/unique_id.c.obj
 .text.pico_get_unique_board_id_string
                0x0000000010007180       0x60 CMakeFiles/blink.dir/Users/andrew/Development/pico_dev/pico-sdk/src/rp2_common/pico_unique_id/unique_id.c.obj
                0x0000000010007180                pico_get_unique_board_id_string
 .text.flash_get_unique_id
                0x00000000100071e0       0x46 CMakeFiles/blink.dir/Users/andrew/Development/pico_dev/pico-sdk/src/rp2_common/hardware_flash/flash.c.obj
                0x00000000100071e0                flash_get_unique_id
 *fill*         0x0000000010007226        0x2 
 .text.strlen   0x0000000010007228       0x5c /opt/homebrew/Cellar/arm-none-eabi-gcc/10.3-2021.07/gcc/bin/../lib/gcc/arm-none-eabi/10.3.1/../../../../arm-none-eabi/lib/thumb/v6-m/nofp/libg.a(lib_a-strlen-stub.o)
                0x0000000010007228                strlen
 *(.fini)
 .fini          0x0000000010007284        0x4 /opt/homebrew/Cellar/arm-none-eabi-gcc/10.3-2021.07/gcc/bin/../lib/gcc/arm-none-eabi/10.3.1/thumb/v6-m/nofp/crti.o
                0x0000000010007284                _fini
 .fini.__stub   0x0000000010007288       0x70 linker stubs
 *crtbegin.o(.ctors)
 *crtbegin?.o(.ctors)
 *(EXCLUDE_FILE(*crtend.o *crtend?.o) .ctors)
 *(SORT_BY_NAME(.ctors.*))
 *(.ctors)
 *crtbegin.o(.dtors)
 *crtbegin?.o(.dtors)
 *(EXCLUDE_FILE(*crtend.o *crtend?.o) .dtors)
 *(SORT_BY_NAME(.dtors.*))
 *(.dtors)
 *(.eh_frame*)
 .eh_frame      0x00000000100072f8        0x0 /opt/homebrew/Cellar/arm-none-eabi-gcc/10.3-2021.07/gcc/bin/../lib/gcc/arm-none-eabi/10.3.1/thumb/v6-m/nofp/crtbegin.o
                0x00000000100072f8                . = ALIGN (0x4)

.glue_7         0x00000000100072f8        0x0
 .glue_7        0x00000000100072f8        0x0 linker stubs

.glue_7t        0x00000000100072f8        0x0
 .glue_7t       0x00000000100072f8        0x0 linker stubs

.vfp11_veneer   0x00000000100072f8        0x0
 .vfp11_veneer  0x00000000100072f8        0x0 linker stubs

.v4_bx          0x00000000100072f8        0x0
 .v4_bx         0x00000000100072f8        0x0 linker stubs

.iplt           0x00000000100072f8        0x0
 .iplt          0x00000000100072f8        0x0 /opt/homebrew/Cellar/arm-none-eabi-gcc/10.3-2021.07/gcc/bin/../lib/gcc/arm-none-eabi/10.3.1/thumb/v6-m/nofp/crtbegin.o

.rodata         0x00000000100072f8     0x1800
 *(EXCLUDE_FILE(*libm.a: *libc.a:*lib_a-mem*.o *libgcc.a:) .rodata*)
 .rodata.main.str1.4
                0x00000000100072f8        0xb CMakeFiles/blink.dir/main.c.obj
 *fill*         0x0000000010007303        0x1 
 .rodata.spin_lock_claim_unused.str1.4
                0x0000000010007304       0x1b CMakeFiles/blink.dir/Users/andrew/Development/pico_dev/pico-sdk/src/rp2_common/hardware_sync/sync.c.obj
 *fill*         0x000000001000731f        0x1 
 .rodata.make_branch.str1.4
                0x0000000010007320       0x7e CMakeFiles/blink.dir/Users/andrew/Development/pico_dev/pico-sdk/src/rp2_common/hardware_irq/irq.c.obj
 *fill*         0x000000001000739e        0x2 
 .rodata.insert_branch_and_link.str1.4
                0x00000000100073a0       0x10 CMakeFiles/blink.dir/Users/andrew/Development/pico_dev/pico-sdk/src/rp2_common/hardware_irq/irq.c.obj
 .rodata.irq_set_exclusive_handler.str1.4
                0x00000000100073b0       0x36 CMakeFiles/blink.dir/Users/andrew/Development/pico_dev/pico-sdk/src/rp2_common/hardware_irq/irq.c.obj
 *fill*         0x00000000100073e6        0x2 
 .rodata.irq_add_shared_handler.str1.4
                0x00000000100073e8       0xd9 CMakeFiles/blink.dir/Users/andrew/Development/pico_dev/pico-sdk/src/rp2_common/hardware_irq/irq.c.obj
 *fill*         0x00000000100074c1        0x3 
 .rodata.irq_remove_handler.str1.4
                0x00000000100074c4       0x2a CMakeFiles/blink.dir/Users/andrew/Development/pico_dev/pico-sdk/src/rp2_common/hardware_irq/irq.c.obj
 *fill*         0x00000000100074ee        0x2 
 .rodata.irq_add_tail_to_free_list.str1.4
                0x00000000100074f0       0x3a CMakeFiles/blink.dir/Users/andrew/Development/pico_dev/pico-sdk/src/rp2_common/hardware_irq/irq.c.obj
 *fill*         0x000000001000752a        0x2 
 .rodata.user_irq_claim_unused.str1.4
                0x000000001000752c       0x1b CMakeFiles/blink.dir/Users/andrew/Development/pico_dev/pico-sdk/src/rp2_common/hardware_irq/irq.c.obj
 *fill*         0x0000000010007547        0x1 
 .rodata.__func__.0
                0x0000000010007548       0x1a CMakeFiles/blink.dir/Users/andrew/Development/pico_dev/pico-sdk/src/rp2_common/hardware_irq/irq.c.obj
 *fill*         0x0000000010007562        0x2 
 .rodata.__func__.1
                0x0000000010007564       0x17 CMakeFiles/blink.dir/Users/andrew/Development/pico_dev/pico-sdk/src/rp2_common/hardware_irq/irq.c.obj
 *fill*         0x000000001000757b        0x1 
 .rodata.__func__.2
                0x000000001000757c       0x13 CMakeFiles/blink.dir/Users/andrew/Development/pico_dev/pico-sdk/src/rp2_common/hardware_irq/irq.c.obj
 *fill*         0x000000001000758f        0x1 
 .rodata.__func__.3
                0x0000000010007590        0xc CMakeFiles/blink.dir/Users/andrew/Development/pico_dev/pico-sdk/src/rp2_common/hardware_irq/irq.c.obj
 .rodata.__func__.4
                0x000000001000759c        0xf CMakeFiles/blink.dir/Users/andrew/Development/pico_dev/pico-sdk/src/rp2_common/hardware_irq/irq.c.obj
 *fill*         0x00000000100075ab        0x1 
 .rodata.__func__.5
                0x00000000100075ac       0x17 CMakeFiles/blink.dir/Users/andrew/Development/pico_dev/pico-sdk/src/rp2_common/hardware_irq/irq.c.obj
 *fill*         0x00000000100075c3        0x1 
 .rodata.__func__.6
                0x00000000100075c4       0x1a CMakeFiles/blink.dir/Users/andrew/Development/pico_dev/pico-sdk/src/rp2_common/hardware_irq/irq.c.obj
 *fill*         0x00000000100075de        0x2 
 .rodata.repeating_timer_callback.str1.4
                0x00000000100075e0       0x5c CMakeFiles/blink.dir/Users/andrew/Development/pico_dev/pico-sdk/src/common/pico_time/time.c.obj
 .rodata.alarm_pool_dump_key.str1.4
                0x000000001000763c       0x33 CMakeFiles/blink.dir/Users/andrew/Development/pico_dev/pico-sdk/src/common/pico_time/time.c.obj
 *fill*         0x000000001000766f        0x1 
 .rodata.ph_add_child_node.str1.4
                0x0000000010007670       0xa6 CMakeFiles/blink.dir/Users/andrew/Development/pico_dev/pico-sdk/src/common/pico_time/time.c.obj
 *fill*         0x0000000010007716        0x2 
 .rodata.add_alarm_under_lock.str1.4
                0x0000000010007718       0x28 CMakeFiles/blink.dir/Users/andrew/Development/pico_dev/pico-sdk/src/common/pico_time/time.c.obj
                                         0x2b (size before relaxing)
 .rodata.alarm_pool_alarm_callback.str1.4
                0x0000000010007740       0xf6 CMakeFiles/blink.dir/Users/andrew/Development/pico_dev/pico-sdk/src/common/pico_time/time.c.obj
 *fill*         0x0000000010007836        0x2 
 .rodata.alarm_pool_get_default.str1.4
                0x0000000010007838       0x21 CMakeFiles/blink.dir/Users/andrew/Development/pico_dev/pico-sdk/src/common/pico_time/time.c.obj
 *fill*         0x0000000010007859        0x3 
 .rodata.alarm_pool_cancel_alarm.str1.4
                0x000000001000785c       0x27 CMakeFiles/blink.dir/Users/andrew/Development/pico_dev/pico-sdk/src/common/pico_time/time.c.obj
 *fill*         0x0000000010007883        0x1 
 .rodata.sleep_until.str1.4
                0x0000000010007884       0x4d CMakeFiles/blink.dir/Users/andrew/Development/pico_dev/pico-sdk/src/common/pico_time/time.c.obj
 *fill*         0x00000000100078d1        0x3 
 .rodata.__func__.1
                0x00000000100078d4       0x18 CMakeFiles/blink.dir/Users/andrew/Development/pico_dev/pico-sdk/src/common/pico_time/time.c.obj
 .rodata.__func__.10
                0x00000000100078ec       0x15 CMakeFiles/blink.dir/Users/andrew/Development/pico_dev/pico-sdk/src/common/pico_time/time.c.obj
 *fill*         0x0000000010007901        0x3 
 .rodata.__func__.11
                0x0000000010007904       0x1a CMakeFiles/blink.dir/Users/andrew/Development/pico_dev/pico-sdk/src/common/pico_time/time.c.obj
 *fill*         0x000000001000791e        0x2 
 .rodata.__func__.12
                0x0000000010007920        0xa CMakeFiles/blink.dir/Users/andrew/Development/pico_dev/pico-sdk/src/common/pico_time/time.c.obj
 *fill*         0x000000001000792a        0x2 
 .rodata.__func__.3
                0x000000001000792c       0x17 CMakeFiles/blink.dir/Users/andrew/Development/pico_dev/pico-sdk/src/common/pico_time/time.c.obj
 *fill*         0x0000000010007943        0x1 
 .rodata.__func__.4
                0x0000000010007944       0x12 CMakeFiles/blink.dir/Users/andrew/Development/pico_dev/pico-sdk/src/common/pico_time/time.c.obj
 *fill*         0x0000000010007956        0x2 
 .rodata.__func__.5
                0x0000000010007958        0xd CMakeFiles/blink.dir/Users/andrew/Development/pico_dev/pico-sdk/src/common/pico_time/time.c.obj
 *fill*         0x0000000010007965        0x3 
 .rodata.__func__.6
                0x0000000010007968       0x12 CMakeFiles/blink.dir/Users/andrew/Development/pico_dev/pico-sdk/src/common/pico_time/time.c.obj
 *fill*         0x000000001000797a        0x2 
 .rodata.__func__.7
                0x000000001000797c        0xf CMakeFiles/blink.dir/Users/andrew/Development/pico_dev/pico-sdk/src/common/pico_time/time.c.obj
 *fill*         0x000000001000798b        0x1 
 .rodata.__func__.8
                0x000000001000798c        0xc CMakeFiles/blink.dir/Users/andrew/Development/pico_dev/pico-sdk/src/common/pico_time/time.c.obj
 .rodata.__func__.9
                0x0000000010007998       0x15 CMakeFiles/blink.dir/Users/andrew/Development/pico_dev/pico-sdk/src/common/pico_time/time.c.obj
 *fill*         0x00000000100079ad        0x3 
 .rodata.hardware_alarm_claim.str1.4
                0x00000000100079b0       0x22 CMakeFiles/blink.dir/Users/andrew/Development/pico_dev/pico-sdk/src/rp2_common/hardware_timer/timer.c.obj
 *fill*         0x00000000100079d2        0x2 
 .rodata.hardware_alarm_set_target.str1.4
                0x00000000100079d4       0x76 CMakeFiles/blink.dir/Users/andrew/Development/pico_dev/pico-sdk/src/rp2_common/hardware_timer/timer.c.obj
 *fill*         0x0000000010007a4a        0x2 
 .rodata.__func__.0
                0x0000000010007a4c       0x1a CMakeFiles/blink.dir/Users/andrew/Development/pico_dev/pico-sdk/src/rp2_common/hardware_timer/timer.c.obj
 .rodata.ph_add_child_node.str1.4
                0x0000000010007a66       0xa6 CMakeFiles/blink.dir/Users/andrew/Development/pico_dev/pico-sdk/src/common/pico_util/pheap.c.obj
 *fill*         0x0000000010007a66        0x2 
 .rodata.ph_remove_any_head.str1.4
                0x0000000010007a68       0xa0 CMakeFiles/blink.dir/Users/andrew/Development/pico_dev/pico-sdk/src/common/pico_util/pheap.c.obj
 .rodata.ph_remove_and_free_node.str1.4
                0x0000000010007b08       0x1e CMakeFiles/blink.dir/Users/andrew/Development/pico_dev/pico-sdk/src/common/pico_util/pheap.c.obj
                                         0x26 (size before relaxing)
 *fill*         0x0000000010007b26        0x2 
 .rodata.__func__.0
                0x0000000010007b28       0x18 CMakeFiles/blink.dir/Users/andrew/Development/pico_dev/pico-sdk/src/common/pico_util/pheap.c.obj
 .rodata.__func__.1
                0x0000000010007b40       0x13 CMakeFiles/blink.dir/Users/andrew/Development/pico_dev/pico-sdk/src/common/pico_util/pheap.c.obj
 *fill*         0x0000000010007b53        0x1 
 .rodata.__func__.2
                0x0000000010007b54       0x12 CMakeFiles/blink.dir/Users/andrew/Development/pico_dev/pico-sdk/src/common/pico_util/pheap.c.obj
 *fill*         0x0000000010007b66        0x2 
 .rodata.__func__.3
                0x0000000010007b68        0xc CMakeFiles/blink.dir/Users/andrew/Development/pico_dev/pico-sdk/src/common/pico_util/pheap.c.obj
 .rodata.str1.4
                0x0000000010007b74       0x9d CMakeFiles/blink.dir/Users/andrew/Development/pico_dev/pico-sdk/src/common/pico_sync/mutex.c.obj
                                        0x111 (size before relaxing)
 *fill*         0x0000000010007c11        0x3 
 .rodata.__func__.1
                0x0000000010007c14        0xb CMakeFiles/blink.dir/Users/andrew/Development/pico_dev/pico-sdk/src/common/pico_sync/mutex.c.obj
 *fill*         0x0000000010007c1f        0x1 
 .rodata.__func__.3
                0x0000000010007c20       0x18 CMakeFiles/blink.dir/Users/andrew/Development/pico_dev/pico-sdk/src/common/pico_sync/mutex.c.obj
 .rodata.__func__.4
                0x0000000010007c38       0x15 CMakeFiles/blink.dir/Users/andrew/Development/pico_dev/pico-sdk/src/common/pico_sync/mutex.c.obj
 *fill*         0x0000000010007c4d        0x3 
 .rodata.__assert_func.str1.4
                0x0000000010007c50       0x3f CMakeFiles/blink.dir/Users/andrew/Development/pico_dev/pico-sdk/src/rp2_common/pico_runtime/runtime.c.obj
                                         0x43 (size before relaxing)
 *fill*         0x0000000010007c8f        0x1 
 .rodata.runtime_init.str1.4
                0x0000000010007c90       0x72 CMakeFiles/blink.dir/Users/andrew/Development/pico_dev/pico-sdk/src/rp2_common/pico_runtime/runtime.c.obj
 *fill*         0x0000000010007d02        0x2 
 .rodata.panic.str1.4
                0x0000000010007d04       0x12 CMakeFiles/blink.dir/Users/andrew/Development/pico_dev/pico-sdk/src/rp2_common/pico_runtime/runtime.c.obj
 *fill*         0x0000000010007d16        0x2 
 .rodata.__func__.1
                0x0000000010007d18        0xd CMakeFiles/blink.dir/Users/andrew/Development/pico_dev/pico-sdk/src/rp2_common/pico_runtime/runtime.c.obj
 *fill*         0x0000000010007d25        0x3 
 .rodata.clock_configure.str1.4
                0x0000000010007d28       0x68 CMakeFiles/blink.dir/Users/andrew/Development/pico_dev/pico-sdk/src/rp2_common/hardware_clocks/clocks.c.obj
 .rodata.__func__.1
                0x0000000010007d90       0x10 CMakeFiles/blink.dir/Users/andrew/Development/pico_dev/pico-sdk/src/rp2_common/hardware_clocks/clocks.c.obj
 .rodata.pll_init.str1.4
                0x0000000010007da0      0x14b CMakeFiles/blink.dir/Users/andrew/Development/pico_dev/pico-sdk/src/rp2_common/hardware_pll/pll.c.obj
 *fill*         0x0000000010007eeb        0x1 
 .rodata.__func__.0
                0x0000000010007eec        0x9 CMakeFiles/blink.dir/Users/andrew/Development/pico_dev/pico-sdk/src/rp2_common/hardware_pll/pll.c.obj
 *fill*         0x0000000010007ef5        0x3 
 .rodata._ftoa.str1.4
                0x0000000010007ef8       0x15 CMakeFiles/blink.dir/Users/andrew/Development/pico_dev/pico-sdk/src/rp2_common/pico_printf/printf.c.obj
 *fill*         0x0000000010007f0d        0x3 
 .rodata._vsnprintf
                0x0000000010007f10      0x1e0 CMakeFiles/blink.dir/Users/andrew/Development/pico_dev/pico-sdk/src/rp2_common/pico_printf/printf.c.obj
 .rodata.pow10.0
                0x00000000100080f0       0x50 CMakeFiles/blink.dir/Users/andrew/Development/pico_dev/pico-sdk/src/rp2_common/pico_printf/printf.c.obj
 .rodata.__aeabi_double_init.str1.4
                0x0000000010008140       0xb9 CMakeFiles/blink.dir/Users/andrew/Development/pico_dev/pico-sdk/src/rp2_common/pico_double/double_init_rom.c.obj
 *fill*         0x00000000100081f9        0x3 
 .rodata.__func__.0
                0x00000000100081fc       0x14 CMakeFiles/blink.dir/Users/andrew/Development/pico_dev/pico-sdk/src/rp2_common/pico_double/double_init_rom.c.obj
 .rodata.__aeabi_float_init.str1.4
                0x0000000010008210       0x8b CMakeFiles/blink.dir/Users/andrew/Development/pico_dev/pico-sdk/src/rp2_common/pico_float/float_init_rom.c.obj
                                         0x8f (size before relaxing)
 *fill*         0x000000001000829b        0x1 
 .rodata.__func__.0
                0x000000001000829c       0x13 CMakeFiles/blink.dir/Users/andrew/Development/pico_dev/pico-sdk/src/rp2_common/pico_float/float_init_rom.c.obj
 *fill*         0x00000000100082af        0x1 
 .rodata.str1.4
                0x00000000100082b0       0x3c CMakeFiles/blink.dir/Users/andrew/Development/pico_dev/pico-sdk/src/rp2_common/pico_standard_link/binary_info.c.obj
 .rodata.__bi_44
                0x00000000100082ec        0xc CMakeFiles/blink.dir/Users/andrew/Development/pico_dev/pico-sdk/src/rp2_common/pico_standard_link/binary_info.c.obj
 .rodata.__bi_75
                0x00000000100082f8        0xc CMakeFiles/blink.dir/Users/andrew/Development/pico_dev/pico-sdk/src/rp2_common/pico_standard_link/binary_info.c.obj
 .rodata.__bi_81
                0x0000000010008304        0xc CMakeFiles/blink.dir/Users/andrew/Development/pico_dev/pico-sdk/src/rp2_common/pico_standard_link/binary_info.c.obj
 .rodata.crlf_str.3
                0x0000000010008310        0x2 CMakeFiles/blink.dir/Users/andrew/Development/pico_dev/pico-sdk/src/rp2_common/pico_stdio/stdio.c.obj
 *fill*         0x0000000010008312        0x2 
 .rodata._resetd_driver
                0x0000000010008314       0x18 CMakeFiles/blink.dir/Users/andrew/Development/pico_dev/pico-sdk/src/rp2_common/pico_stdio_usb/reset_interface.c.obj
 .rodata.timer_task.str1.4
                0x000000001000832c       0x7e CMakeFiles/blink.dir/Users/andrew/Development/pico_dev/pico-sdk/src/rp2_common/pico_stdio_usb/stdio_usb.c.obj
 .rodata.stdio_usb_init.str1.4
                0x00000000100083aa       0x72 CMakeFiles/blink.dir/Users/andrew/Development/pico_dev/pico-sdk/src/rp2_common/pico_stdio_usb/stdio_usb.c.obj
 *fill*         0x00000000100083aa        0x2 
 .rodata.str1.4
                0x00000000100083ac       0x13 CMakeFiles/blink.dir/Users/andrew/Development/pico_dev/pico-sdk/src/rp2_common/pico_stdio_usb/stdio_usb.c.obj
 *fill*         0x00000000100083bf        0x1 
 .rodata.__bi_118.2
                0x00000000100083c0        0xc CMakeFiles/blink.dir/Users/andrew/Development/pico_dev/pico-sdk/src/rp2_common/pico_stdio_usb/stdio_usb.c.obj
 .rodata.__func__.0
                0x00000000100083cc       0x15 CMakeFiles/blink.dir/Users/andrew/Development/pico_dev/pico-sdk/src/rp2_common/pico_stdio_usb/stdio_usb.c.obj
 *fill*         0x00000000100083e1        0x3 
 .rodata.__func__.1
                0x00000000100083e4        0xb CMakeFiles/blink.dir/Users/andrew/Development/pico_dev/pico-sdk/src/rp2_common/pico_stdio_usb/stdio_usb.c.obj
 *fill*         0x00000000100083ef        0x1 
 .rodata.str1.4
                0x00000000100083f0       0x2a CMakeFiles/blink.dir/Users/andrew/Development/pico_dev/pico-sdk/src/rp2_common/pico_stdio_usb/stdio_usb_descriptors.c.obj
 *fill*         0x000000001000841a        0x2 
 .rodata.usbd_desc_cfg
                0x000000001000841c       0x54 CMakeFiles/blink.dir/Users/andrew/Development/pico_dev/pico-sdk/src/rp2_common/pico_stdio_usb/stdio_usb_descriptors.c.obj
 .rodata.usbd_desc_device
                0x0000000010008470       0x12 CMakeFiles/blink.dir/Users/andrew/Development/pico_dev/pico-sdk/src/rp2_common/pico_stdio_usb/stdio_usb_descriptors.c.obj
 *fill*         0x0000000010008482        0x2 
 .rodata.usbd_desc_str
                0x0000000010008484       0x18 CMakeFiles/blink.dir/Users/andrew/Development/pico_dev/pico-sdk/src/rp2_common/pico_stdio_usb/stdio_usb_descriptors.c.obj
 .rodata._hw_endpoint_alloc.str1.4
                0x000000001000849c       0xc9 CMakeFiles/blink.dir/Users/andrew/Development/pico_dev/pico-sdk/lib/tinyusb/src/portable/raspberrypi/rp2040/dcd_rp2040.c.obj
 *fill*         0x0000000010008565        0x3 
 .rodata.dcd_rp2040_irq.str1.4
                0x0000000010008568       0x14 CMakeFiles/blink.dir/Users/andrew/Development/pico_dev/pico-sdk/lib/tinyusb/src/portable/raspberrypi/rp2040/dcd_rp2040.c.obj
 .rodata.dcd_int_enable.str1.4
                0x000000001000857c        0xc CMakeFiles/blink.dir/Users/andrew/Development/pico_dev/pico-sdk/lib/tinyusb/src/portable/raspberrypi/rp2040/dcd_rp2040.c.obj
 .rodata.__func__.0
                0x0000000010008588        0xe CMakeFiles/blink.dir/Users/andrew/Development/pico_dev/pico-sdk/lib/tinyusb/src/portable/raspberrypi/rp2040/dcd_rp2040.c.obj
 *fill*         0x0000000010008596        0x2 
 .rodata.__func__.1
                0x0000000010008598        0xe CMakeFiles/blink.dir/Users/andrew/Development/pico_dev/pico-sdk/lib/tinyusb/src/portable/raspberrypi/rp2040/dcd_rp2040.c.obj
 *fill*         0x00000000100085a6        0x2 
 .rodata.__func__.3
                0x00000000100085a8       0x10 CMakeFiles/blink.dir/Users/andrew/Development/pico_dev/pico-sdk/lib/tinyusb/src/portable/raspberrypi/rp2040/dcd_rp2040.c.obj
 .rodata.__func__.5
                0x00000000100085b8        0xf CMakeFiles/blink.dir/Users/andrew/Development/pico_dev/pico-sdk/lib/tinyusb/src/portable/raspberrypi/rp2040/dcd_rp2040.c.obj
 *fill*         0x00000000100085c7        0x1 
 .rodata.__func__.6
                0x00000000100085c8       0x13 CMakeFiles/blink.dir/Users/andrew/Development/pico_dev/pico-sdk/lib/tinyusb/src/portable/raspberrypi/rp2040/dcd_rp2040.c.obj
 *fill*         0x00000000100085db        0x1 
 .rodata.__func__.7
                0x00000000100085dc        0x9 CMakeFiles/blink.dir/Users/andrew/Development/pico_dev/pico-sdk/lib/tinyusb/src/portable/raspberrypi/rp2040/dcd_rp2040.c.obj
 *fill*         0x00000000100085e5        0x3 
 .rodata.sync_ep_buffer.str1.4
                0x00000000100085e8       0xa5 CMakeFiles/blink.dir/Users/andrew/Development/pico_dev/pico-sdk/lib/tinyusb/src/portable/raspberrypi/rp2040/rp2040_usb.c.obj
 *fill*         0x000000001000868d        0x3 
 .rodata._hw_endpoint_buffer_control_update32.str1.4
                0x0000000010008690       0x1f CMakeFiles/blink.dir/Users/andrew/Development/pico_dev/pico-sdk/lib/tinyusb/src/portable/raspberrypi/rp2040/rp2040_usb.c.obj
 *fill*         0x00000000100086af        0x1 
 .rodata.hw_endpoint_xfer_start.str1.4
                0x00000000100086b0       0x38 CMakeFiles/blink.dir/Users/andrew/Development/pico_dev/pico-sdk/lib/tinyusb/src/portable/raspberrypi/rp2040/rp2040_usb.c.obj
 .rodata.hw_endpoint_xfer_continue.str1.4
                0x00000000100086e8       0x29 CMakeFiles/blink.dir/Users/andrew/Development/pico_dev/pico-sdk/lib/tinyusb/src/portable/raspberrypi/rp2040/rp2040_usb.c.obj
 *fill*         0x0000000010008711        0x3 
 .rodata.str1.4
                0x0000000010008714        0x7 CMakeFiles/blink.dir/Users/andrew/Development/pico_dev/pico-sdk/lib/tinyusb/src/portable/raspberrypi/rp2040/rp2040_usb.c.obj
 *fill*         0x000000001000871b        0x1 
 .rodata.__func__.0
                0x000000001000871c        0xf CMakeFiles/blink.dir/Users/andrew/Development/pico_dev/pico-sdk/lib/tinyusb/src/portable/raspberrypi/rp2040/rp2040_usb.c.obj
 *fill*         0x000000001000872b        0x1 
 .rodata.process_set_config.str1.4
                0x000000001000872c       0x17 CMakeFiles/blink.dir/Users/andrew/Development/pico_dev/pico-sdk/lib/tinyusb/src/device/usbd.c.obj
 *fill*         0x0000000010008743        0x1 
 .rodata.process_get_descriptor
                0x0000000010008744       0x40 CMakeFiles/blink.dir/Users/andrew/Development/pico_dev/pico-sdk/lib/tinyusb/src/device/usbd.c.obj
 .rodata.process_control_request
                0x0000000010008784       0x28 CMakeFiles/blink.dir/Users/andrew/Development/pico_dev/pico-sdk/lib/tinyusb/src/device/usbd.c.obj
 .rodata.tud_task
                0x00000000100087ac       0x24 CMakeFiles/blink.dir/Users/andrew/Development/pico_dev/pico-sdk/lib/tinyusb/src/device/usbd.c.obj
 .rodata.__func__.2
                0x00000000100087d0        0xf CMakeFiles/blink.dir/Users/andrew/Development/pico_dev/pico-sdk/lib/tinyusb/src/device/usbd.c.obj
 *fill*         0x00000000100087df        0x1 
 .rodata.__func__.3
                0x00000000100087e0        0xf CMakeFiles/blink.dir/Users/andrew/Development/pico_dev/pico-sdk/lib/tinyusb/src/device/usbd.c.obj
 *fill*         0x00000000100087ef        0x1 
 .rodata.__func__.4
                0x00000000100087f0       0x14 CMakeFiles/blink.dir/Users/andrew/Development/pico_dev/pico-sdk/lib/tinyusb/src/device/usbd.c.obj
 .rodata.__func__.5
                0x0000000010008804       0x10 CMakeFiles/blink.dir/Users/andrew/Development/pico_dev/pico-sdk/lib/tinyusb/src/device/usbd.c.obj
 .rodata.__func__.6
                0x0000000010008814       0x17 CMakeFiles/blink.dir/Users/andrew/Development/pico_dev/pico-sdk/lib/tinyusb/src/device/usbd.c.obj
 *fill*         0x000000001000882b        0x1 
 .rodata.__func__.7
                0x000000001000882c       0x13 CMakeFiles/blink.dir/Users/andrew/Development/pico_dev/pico-sdk/lib/tinyusb/src/device/usbd.c.obj
 *fill*         0x000000001000883f        0x1 
 .rodata.__func__.8
                0x0000000010008840       0x18 CMakeFiles/blink.dir/Users/andrew/Development/pico_dev/pico-sdk/lib/tinyusb/src/device/usbd.c.obj
 .rodata.__func__.9
                0x0000000010008858        0x9 CMakeFiles/blink.dir/Users/andrew/Development/pico_dev/pico-sdk/lib/tinyusb/src/device/usbd.c.obj
 *fill*         0x0000000010008861        0x3 
 .rodata._usbd_driver
                0x0000000010008864       0x18 CMakeFiles/blink.dir/Users/andrew/Development/pico_dev/pico-sdk/lib/tinyusb/src/device/usbd.c.obj
 .rodata.tud_control_xfer.str1.4
                0x000000001000887c       0x17 CMakeFiles/blink.dir/Users/andrew/Development/pico_dev/pico-sdk/lib/tinyusb/src/device/usbd_control.c.obj
 .rodata.__func__.0
                0x000000001000887c       0x15 CMakeFiles/blink.dir/Users/andrew/Development/pico_dev/pico-sdk/lib/tinyusb/src/device/usbd_control.c.obj
 *fill*         0x0000000010008891        0x3 
 .rodata.__func__.1
                0x0000000010008894       0x11 CMakeFiles/blink.dir/Users/andrew/Development/pico_dev/pico-sdk/lib/tinyusb/src/device/usbd_control.c.obj
 .rodata.tud_cdc_n_write_flush.str1.4
                0x00000000100088a5       0x17 CMakeFiles/blink.dir/Users/andrew/Development/pico_dev/pico-sdk/lib/tinyusb/src/class/cdc/cdc_device.c.obj
 *fill*         0x00000000100088a5        0x3 
 .rodata.__func__.0
                0x00000000100088a8        0xd CMakeFiles/blink.dir/Users/andrew/Development/pico_dev/pico-sdk/lib/tinyusb/src/class/cdc/cdc_device.c.obj
 *fill*         0x00000000100088b5        0x3 
 .rodata.__func__.1
                0x00000000100088b8        0xa CMakeFiles/blink.dir/Users/andrew/Development/pico_dev/pico-sdk/lib/tinyusb/src/class/cdc/cdc_device.c.obj
 *fill*         0x00000000100088c2        0x2 
 .rodata.__func__.2
                0x00000000100088c4       0x16 CMakeFiles/blink.dir/Users/andrew/Development/pico_dev/pico-sdk/lib/tinyusb/src/class/cdc/cdc_device.c.obj
 .rodata.tusb_init.str1.4
                0x00000000100088da       0x17 CMakeFiles/blink.dir/Users/andrew/Development/pico_dev/pico-sdk/lib/tinyusb/src/tusb.c.obj
 *fill*         0x00000000100088da        0x2 
 .rodata.__func__.0
                0x00000000100088dc       0x11 CMakeFiles/blink.dir/Users/andrew/Development/pico_dev/pico-sdk/lib/tinyusb/src/tusb.c.obj
 *fill*         0x00000000100088ed        0x3 
 .rodata.__func__.1
                0x00000000100088f0        0xa CMakeFiles/blink.dir/Users/andrew/Development/pico_dev/pico-sdk/lib/tinyusb/src/tusb.c.obj
 *fill*         0x00000000100088fa        0x2 
 .rodata.pico_get_unique_board_id_string.str1.4
                0x00000000100088fc       0x5e CMakeFiles/blink.dir/Users/andrew/Development/pico_dev/pico-sdk/src/rp2_common/pico_unique_id/unique_id.c.obj
 *fill*         0x000000001000895a        0x2 
 .rodata.__func__.0
                0x000000001000895c       0x20 CMakeFiles/blink.dir/Users/andrew/Development/pico_dev/pico-sdk/src/rp2_common/pico_unique_id/unique_id.c.obj
 .rodata.str1.4
                0x000000001000897c      0x16a CMakeFiles/blink.dir/Users/andrew/Development/pico_dev/pico-sdk/src/rp2_common/hardware_flash/flash.c.obj
 *fill*         0x0000000010008ae6        0x2 
 .rodata.__func__.0
                0x0000000010008ae8        0xd CMakeFiles/blink.dir/Users/andrew/Development/pico_dev/pico-sdk/src/rp2_common/hardware_flash/flash.c.obj
                0x0000000010008af8                . = ALIGN (0x4)
 *fill*         0x0000000010008af5        0x3 
 *(SORT_BY_ALIGNMENT(SORT_BY_NAME(.flashdata*)))
                0x0000000010008af8                . = ALIGN (0x4)

.rel.dyn        0x0000000010008af8        0x0
 .rel.iplt      0x0000000010008af8        0x0 /opt/homebrew/Cellar/arm-none-eabi-gcc/10.3-2021.07/gcc/bin/../lib/gcc/arm-none-eabi/10.3.1/thumb/v6-m/nofp/crtbegin.o

.ARM.extab
 *(.ARM.extab* .gnu.linkonce.armextab.*)
                0x0000000010008af8                __exidx_start = .

.ARM.exidx
 *(.ARM.exidx* .gnu.linkonce.armexidx.*)
                0x0000000010008af8                __exidx_end = .
                0x0000000010008af8                . = ALIGN (0x4)
                0x0000000010008af8                __binary_info_start = .

.binary_info    0x0000000010008af8       0x20
 *(.binary_info.keep.*)
 .binary_info.keep.__bi_ptr22
                0x0000000010008af8        0x4 CMakeFiles/blink.dir/Users/andrew/Development/pico_dev/pico-sdk/src/rp2_common/pico_standard_link/binary_info.c.obj
 .binary_info.keep.__bi_ptr30
                0x0000000010008afc        0x4 CMakeFiles/blink.dir/Users/andrew/Development/pico_dev/pico-sdk/src/rp2_common/pico_standard_link/binary_info.c.obj
 .binary_info.keep.__bi_ptr38
                0x0000000010008b00        0x4 CMakeFiles/blink.dir/Users/andrew/Development/pico_dev/pico-sdk/src/rp2_common/pico_standard_link/binary_info.c.obj
 .binary_info.keep.__bi_ptr44
                0x0000000010008b04        0x4 CMakeFiles/blink.dir/Users/andrew/Development/pico_dev/pico-sdk/src/rp2_common/pico_standard_link/binary_info.c.obj
 .binary_info.keep.__bi_ptr50
                0x0000000010008b08        0x4 CMakeFiles/blink.dir/Users/andrew/Development/pico_dev/pico-sdk/src/rp2_common/pico_standard_link/binary_info.c.obj
 .binary_info.keep.__bi_ptr75
                0x0000000010008b0c        0x4 CMakeFiles/blink.dir/Users/andrew/Development/pico_dev/pico-sdk/src/rp2_common/pico_standard_link/binary_info.c.obj
 .binary_info.keep.__bi_ptr81
                0x0000000010008b10        0x4 CMakeFiles/blink.dir/Users/andrew/Development/pico_dev/pico-sdk/src/rp2_common/pico_standard_link/binary_info.c.obj
 *(.binary_info.*)
 .binary_info.__bi_ptr118
                0x0000000010008b14        0x4 CMakeFiles/blink.dir/Users/andrew/Development/pico_dev/pico-sdk/src/rp2_common/pico_stdio_usb/stdio_usb.c.obj
                0x0000000010008b18                __binary_info_end = .
                0x0000000010008b18                . = ALIGN (0x4)
                0x0000000010008b18                __etext = .

.ram_vector_table
                0x0000000020000000       0xc0
 *(.ram_vector_table)
 .ram_vector_table
                0x0000000020000000       0xc0 CMakeFiles/blink.dir/Users/andrew/Development/pico_dev/pico-sdk/src/rp2_common/pico_runtime/runtime.c.obj
                0x0000000020000000                ram_vector_table

.data           0x00000000200000c0      0x460 load address 0x0000000010008b18
                0x00000000200000c0                __data_start__ = .
 *(vtable)
 *(.time_critical*)
 .time_critical.mutex_enter_blocking
                0x00000000200000c0       0x48 CMakeFiles/blink.dir/Users/andrew/Development/pico_dev/pico-sdk/src/common/pico_sync/mutex.c.obj
                0x00000000200000c0                mutex_enter_blocking
 .time_critical.mutex_try_enter
                0x0000000020000108       0x46 CMakeFiles/blink.dir/Users/andrew/Development/pico_dev/pico-sdk/src/common/pico_sync/mutex.c.obj
                0x0000000020000108                mutex_try_enter
 *fill*         0x000000002000014e        0x2 